Archive member included to satisfy reference by file (symbol)

C:/ST/STM32CubeIDE_1.16.1/STM32CubeIDE/plugins/com.st.stm32cube.ide.mcu.externaltools.gnu-tools-for-stm32.12.3.rel1.win32_1.0.200.202406191623/tools/bin/../lib/gcc/arm-none-eabi/12.3.1/../../../../arm-none-eabi/lib/thumb/v7e-m+fp/hard\libc_nano.a(libc_a-exit.o)
                              C:/ST/STM32CubeIDE_1.16.1/STM32CubeIDE/plugins/com.st.stm32cube.ide.mcu.externaltools.gnu-tools-for-stm32.12.3.rel1.win32_1.0.200.202406191623/tools/bin/../lib/gcc/arm-none-eabi/12.3.1/../../../../arm-none-eabi/lib/thumb/v7e-m+fp/hard/crt0.o (exit)
C:/ST/STM32CubeIDE_1.16.1/STM32CubeIDE/plugins/com.st.stm32cube.ide.mcu.externaltools.gnu-tools-for-stm32.12.3.rel1.win32_1.0.200.202406191623/tools/bin/../lib/gcc/arm-none-eabi/12.3.1/../../../../arm-none-eabi/lib/thumb/v7e-m+fp/hard\libc_nano.a(libc_a-rand.o)
                              ./Core/Src/display.o (srand)
C:/ST/STM32CubeIDE_1.16.1/STM32CubeIDE/plugins/com.st.stm32cube.ide.mcu.externaltools.gnu-tools-for-stm32.12.3.rel1.win32_1.0.200.202406191623/tools/bin/../lib/gcc/arm-none-eabi/12.3.1/../../../../arm-none-eabi/lib/thumb/v7e-m+fp/hard\libc_nano.a(libc_a-findfp.o)
                              C:/ST/STM32CubeIDE_1.16.1/STM32CubeIDE/plugins/com.st.stm32cube.ide.mcu.externaltools.gnu-tools-for-stm32.12.3.rel1.win32_1.0.200.202406191623/tools/bin/../lib/gcc/arm-none-eabi/12.3.1/../../../../arm-none-eabi/lib/thumb/v7e-m+fp/hard\libc_nano.a(libc_a-exit.o) (__stdio_exit_handler)
C:/ST/STM32CubeIDE_1.16.1/STM32CubeIDE/plugins/com.st.stm32cube.ide.mcu.externaltools.gnu-tools-for-stm32.12.3.rel1.win32_1.0.200.202406191623/tools/bin/../lib/gcc/arm-none-eabi/12.3.1/../../../../arm-none-eabi/lib/thumb/v7e-m+fp/hard\libc_nano.a(libc_a-fwalk.o)
                              C:/ST/STM32CubeIDE_1.16.1/STM32CubeIDE/plugins/com.st.stm32cube.ide.mcu.externaltools.gnu-tools-for-stm32.12.3.rel1.win32_1.0.200.202406191623/tools/bin/../lib/gcc/arm-none-eabi/12.3.1/../../../../arm-none-eabi/lib/thumb/v7e-m+fp/hard\libc_nano.a(libc_a-findfp.o) (_fwalk_sglue)
C:/ST/STM32CubeIDE_1.16.1/STM32CubeIDE/plugins/com.st.stm32cube.ide.mcu.externaltools.gnu-tools-for-stm32.12.3.rel1.win32_1.0.200.202406191623/tools/bin/../lib/gcc/arm-none-eabi/12.3.1/../../../../arm-none-eabi/lib/thumb/v7e-m+fp/hard\libc_nano.a(libc_a-sprintf.o)
                              ./Core/Src/display.o (sprintf)
C:/ST/STM32CubeIDE_1.16.1/STM32CubeIDE/plugins/com.st.stm32cube.ide.mcu.externaltools.gnu-tools-for-stm32.12.3.rel1.win32_1.0.200.202406191623/tools/bin/../lib/gcc/arm-none-eabi/12.3.1/../../../../arm-none-eabi/lib/thumb/v7e-m+fp/hard\libc_nano.a(libc_a-stdio.o)
                              C:/ST/STM32CubeIDE_1.16.1/STM32CubeIDE/plugins/com.st.stm32cube.ide.mcu.externaltools.gnu-tools-for-stm32.12.3.rel1.win32_1.0.200.202406191623/tools/bin/../lib/gcc/arm-none-eabi/12.3.1/../../../../arm-none-eabi/lib/thumb/v7e-m+fp/hard\libc_nano.a(libc_a-findfp.o) (__sread)
C:/ST/STM32CubeIDE_1.16.1/STM32CubeIDE/plugins/com.st.stm32cube.ide.mcu.externaltools.gnu-tools-for-stm32.12.3.rel1.win32_1.0.200.202406191623/tools/bin/../lib/gcc/arm-none-eabi/12.3.1/../../../../arm-none-eabi/lib/thumb/v7e-m+fp/hard\libc_nano.a(libc_a-memset.o)
                              C:/ST/STM32CubeIDE_1.16.1/STM32CubeIDE/plugins/com.st.stm32cube.ide.mcu.externaltools.gnu-tools-for-stm32.12.3.rel1.win32_1.0.200.202406191623/tools/bin/../lib/gcc/arm-none-eabi/12.3.1/../../../../arm-none-eabi/lib/thumb/v7e-m+fp/hard/crt0.o (memset)
C:/ST/STM32CubeIDE_1.16.1/STM32CubeIDE/plugins/com.st.stm32cube.ide.mcu.externaltools.gnu-tools-for-stm32.12.3.rel1.win32_1.0.200.202406191623/tools/bin/../lib/gcc/arm-none-eabi/12.3.1/../../../../arm-none-eabi/lib/thumb/v7e-m+fp/hard\libc_nano.a(libc_a-closer.o)
                              C:/ST/STM32CubeIDE_1.16.1/STM32CubeIDE/plugins/com.st.stm32cube.ide.mcu.externaltools.gnu-tools-for-stm32.12.3.rel1.win32_1.0.200.202406191623/tools/bin/../lib/gcc/arm-none-eabi/12.3.1/../../../../arm-none-eabi/lib/thumb/v7e-m+fp/hard\libc_nano.a(libc_a-stdio.o) (_close_r)
C:/ST/STM32CubeIDE_1.16.1/STM32CubeIDE/plugins/com.st.stm32cube.ide.mcu.externaltools.gnu-tools-for-stm32.12.3.rel1.win32_1.0.200.202406191623/tools/bin/../lib/gcc/arm-none-eabi/12.3.1/../../../../arm-none-eabi/lib/thumb/v7e-m+fp/hard\libc_nano.a(libc_a-reent.o)
                              C:/ST/STM32CubeIDE_1.16.1/STM32CubeIDE/plugins/com.st.stm32cube.ide.mcu.externaltools.gnu-tools-for-stm32.12.3.rel1.win32_1.0.200.202406191623/tools/bin/../lib/gcc/arm-none-eabi/12.3.1/../../../../arm-none-eabi/lib/thumb/v7e-m+fp/hard\libc_nano.a(libc_a-closer.o) (errno)
C:/ST/STM32CubeIDE_1.16.1/STM32CubeIDE/plugins/com.st.stm32cube.ide.mcu.externaltools.gnu-tools-for-stm32.12.3.rel1.win32_1.0.200.202406191623/tools/bin/../lib/gcc/arm-none-eabi/12.3.1/../../../../arm-none-eabi/lib/thumb/v7e-m+fp/hard\libc_nano.a(libc_a-impure.o)
[...]
Memory Configuration

Name             Origin             Length             Attributes
RAM              0x20000000         0x00020000         xrw
FLASH            0x08000000         0x00080000         xr
*default*        0x00000000         0xffffffff

Linker script and memory map

LOAD C:/ST/STM32CubeIDE_1.16.1/STM32CubeIDE/plugins/com.st.stm32cube.ide.mcu.externaltools.gnu-tools-for-stm32.12.3.rel1.win32_1.0.200.202406191623/tools/bin/../lib/gcc/arm-none-eabi/12.3.1/thumb/v7e-m+fp/hard/crti.o
LOAD C:/ST/STM32CubeIDE_1.16.1/STM32CubeIDE/plugins/com.st.stm32cube.ide.mcu.externaltools.gnu-tools-for-stm32.12.3.rel1.win32_1.0.200.202406191623/tools/bin/../lib/gcc/arm-none-eabi/12.3.1/thumb/v7e-m+fp/hard/crtbegin.o
LOAD C:/ST/STM32CubeIDE_1.16.1/STM32CubeIDE/plugins/com.st.stm32cube.ide.mcu.externaltools.gnu-tools-for-stm32.12.3.rel1.win32_1.0.200.202406191623/tools/bin/../lib/gcc/arm-none-eabi/12.3.1/../../../../arm-none-eabi/lib/thumb/v7e-m+fp/hard/crt0.o
LOAD ./Core/Src/2828.o
LOAD ./Core/Src/8876demo.o
LOAD ./Core/Src/RA8876.o
LOAD ./Core/Src/commands.o
LOAD ./Core/Src/display.o
LOAD ./Core/Src/main.o
LOAD ./Core/Src/pattern.o
LOAD ./Core/Src/sd.o
LOAD ./Core/Src/stm32f4xx_hal_msp.o
LOAD ./Core/Src/stm32f4xx_it.o
LOAD ./Core/Src/syscalls.o
LOAD ./Core/Src/sysmem.o
LOAD ./Core/Src/system_stm32f4xx.o
LOAD ./Core/Startup/startup_stm32f446retx.o
LOAD ./Drivers/STM32F4xx_HAL_Driver/Src/stm32f4xx_hal.o
LOAD ./Drivers/STM32F4xx_HAL_Driver/Src/stm32f4xx_hal_cortex.o
LOAD ./Drivers/STM32F4xx_HAL_Driver/Src/stm32f4xx_hal_dma.o
LOAD ./Drivers/STM32F4xx_HAL_Driver/Src/stm32f4xx_hal_dma_ex.o
LOAD ./Drivers/STM32F4xx_HAL_Driver/Src/stm32f4xx_hal_exti.o
LOAD ./Drivers/STM32F4xx_HAL_Driver/Src/stm32f4xx_hal_flash.o
LOAD ./Drivers/STM32F4xx_HAL_Driver/Src/stm32f4xx_hal_flash_ex.o
LOAD ./Drivers/STM32F4xx_HAL_Driver/Src/stm32f4xx_hal_flash_ramfunc.o
LOAD ./Drivers/STM32F4xx_HAL_Driver/Src/stm32f4xx_hal_gpio.o
LOAD ./Drivers/STM32F4xx_HAL_Driver/Src/stm32f4xx_hal_pwr.o
LOAD ./Drivers/STM32F4xx_HAL_Driver/Src/stm32f4xx_hal_pwr_ex.o
LOAD ./Drivers/STM32F4xx_HAL_Driver/Src/stm32f4xx_hal_rcc.o
LOAD ./Drivers/STM32F4xx_HAL_Driver/Src/stm32f4xx_hal_rcc_ex.o
LOAD ./Drivers/STM32F4xx_HAL_Driver/Src/stm32f4xx_hal_spi.o
LOAD ./Drivers/STM32F4xx_HAL_Driver/Src/stm32f4xx_hal_tim.o
LOAD ./Drivers/STM32F4xx_HAL_Driver/Src/stm32f4xx_hal_tim_ex.o
LOAD ./Drivers/STM32F4xx_HAL_Driver/Src/stm32f4xx_hal_uart.o
START GROUP
LOAD C:/ST/STM32CubeIDE_1.16.1/STM32CubeIDE/plugins/com.st.stm32cube.ide.mcu.externaltools.gnu-tools-for-stm32.12.3.rel1.win32_1.0.200.202406191623/tools/bin/../lib/gcc/arm-none-eabi/12.3.1/../../../../arm-none-eabi/lib/thumb/v7e-m+fp/hard\libc_nano.a
LOAD C:/ST/STM32CubeIDE_1.16.1/STM32CubeIDE/plugins/com.st.stm32cube.ide.mcu.externaltools.gnu-tools-for-stm32.12.3.rel1.win32_1.0.200.202406191623/tools/bin/../lib/gcc/arm-none-eabi/12.3.1/../../../../arm-none-eabi/lib/thumb/v7e-m+fp/hard\libm.a
END GROUP
START GROUP
LOAD C:/ST/STM32CubeIDE_1.16.1/STM32CubeIDE/plugins/com.st.stm32cube.ide.mcu.externaltools.gnu-tools-for-stm32.12.3.rel1.win32_1.0.200.202406191623/tools/bin/../lib/gcc/arm-none-eabi/12.3.1/thumb/v7e-m+fp/hard\libgcc.a
LOAD C:/ST/STM32CubeIDE_1.16.1/STM32CubeIDE/plugins/com.st.stm32cube.ide.mcu.externaltools.gnu-tools-for-stm32.12.3.rel1.win32_1.0.200.202406191623/tools/bin/../lib/gcc/arm-none-eabi/12.3.1/../../../../arm-none-eabi/lib/thumb/v7e-m+fp/hard\libc_nano.a
END GROUP
START GROUP
LOAD C:/ST/STM32CubeIDE_1.16.1/STM32CubeIDE/plugins/com.st.stm32cube.ide.mcu.externaltools.gnu-tools-for-stm32.12.3.rel1.win32_1.0.200.202406191623/tools/bin/../lib/gcc/arm-none-eabi/12.3.1/thumb/v7e-m+fp/hard\libgcc.a
LOAD C:/ST/STM32CubeIDE_1.16.1/STM32CubeIDE/plugins/com.st.stm32cube.ide.mcu.externaltools.gnu-tools-for-stm32.12.3.rel1.win32_1.0.200.202406191623/tools/bin/../lib/gcc/arm-none-eabi/12.3.1/../../../../arm-none-eabi/lib/thumb/v7e-m+fp/hard\libc_nano.a
LOAD C:/ST/STM32CubeIDE_1.16.1/STM32CubeIDE/plugins/com.st.stm32cube.ide.mcu.externaltools.gnu-tools-for-stm32.12.3.rel1.win32_1.0.200.202406191623/tools/bin/../lib/gcc/arm-none-eabi/12.3.1/../../../../arm-none-eabi/lib/thumb/v7e-m+fp/hard\libnosys.a
END GROUP
START GROUP
LOAD C:/ST/STM32CubeIDE_1.16.1/STM32CubeIDE/plugins/com.st.stm32cube.ide.mcu.externaltools.gnu-tools-for-stm32.12.3.rel1.win32_1.0.200.202406191623/tools/bin/../lib/gcc/arm-none-eabi/12.3.1/thumb/v7e-m+fp/hard\libgcc.a
LOAD C:/ST/STM32CubeIDE_1.16.1/STM32CubeIDE/plugins/com.st.stm32cube.ide.mcu.externaltools.gnu-tools-for-stm32.12.3.rel1.win32_1.0.200.202406191623/tools/bin/../lib/gcc/arm-none-eabi/12.3.1/../../../../arm-none-eabi/lib/thumb/v7e-m+fp/hard\libc_nano.a
LOAD C:/ST/STM32CubeIDE_1.16.1/STM32CubeIDE/plugins/com.st.stm32cube.ide.mcu.externaltools.gnu-tools-for-stm32.12.3.rel1.win32_1.0.200.202406191623/tools/bin/../lib/gcc/arm-none-eabi/12.3.1/../../../../arm-none-eabi/lib/thumb/v7e-m+fp/hard\libnosys.a
END GROUP
LOAD C:/ST/STM32CubeIDE_1.16.1/STM32CubeIDE/plugins/com.st.stm32cube.ide.mcu.externaltools.gnu-tools-for-stm32.12.3.rel1.win32_1.0.200.202406191623/tools/bin/../lib/gcc/arm-none-eabi/12.3.1/thumb/v7e-m+fp/hard/crtend.o
LOAD C:/ST/STM32CubeIDE_1.16.1/STM32CubeIDE/plugins/com.st.stm32cube.ide.mcu.externaltools.gnu-tools-for-stm32.12.3.rel1.win32_1.0.200.202406191623/tools/bin/../lib/gcc/arm-none-eabi/12.3.1/thumb/v7e-m+fp/hard/crtn.o
                0x20020000                        _estack = (ORIGIN (RAM) + LENGTH (RAM))
                0x00000200                        _Min_Heap_Size = 0x200
                0x00000400                        _Min_Stack_Size = 0x400

.isr_vector     0x08000000      0x1c4
                0x08000000                        . = ALIGN (0x4)
 *(.isr_vector)
 .isr_vector    0x08000000      0x1c4 ./Core/Startup/startup_stm32f446retx.o
                0x08000000                g_pfnVectors
                0x080001c4                        . = ALIGN (0x4)

.text           0x080001d0     0xdeac
                0x080001d0                        . = ALIGN (0x4)
 *(.text)
 .text          0x080001d0       0x40 C:/ST/STM32CubeIDE_1.16.1/STM32CubeIDE/plugins/com.st.stm32cube.ide.mcu.externaltools.gnu-tools-for-stm32.12.3.rel1.win32_1.0.200.202406191623/tools/bin/../lib/gcc/arm-none-eabi/12.3.1/thumb/v7e-m+fp/hard/crtbegin.o
 .text          0x08000210       0xa0 C:/ST/STM32CubeIDE_1.16.1/STM32CubeIDE/plugins/com.st.stm32cube.ide.mcu.externaltools.gnu-tools-for-stm32.12.3.rel1.win32_1.0.200.202406191623/tools/bin/../lib/gcc/arm-none-eabi/12.3.1/../../../../arm-none-eabi/lib/thumb/v7e-m+fp/hard\libc_nano.a(libc_a-memchr.o)
                0x08000210                memchr
 .text          0x080002b0       0x30 C:/ST/STM32CubeIDE_1.16.1/STM32CubeIDE/plugins/com.st.stm32cube.ide.mcu.externaltools.gnu-tools-for-stm32.12.3.rel1.win32_1.0.200.202406191623/tools/bin/../lib/gcc/arm-none-eabi/12.3.1/thumb/v7e-m+fp/hard\libgcc.a(_aeabi_uldivmod.o)
                0x080002b0                __aeabi_uldivmod
 .text          0x080002e0      0x2bc C:/ST/STM32CubeIDE_1.16.1/STM32CubeIDE/plugins/com.st.stm32cube.ide.mcu.externaltools.gnu-tools-for-stm32.12.3.rel1.win32_1.0.200.202406191623/tools/bin/../lib/gcc/arm-none-eabi/12.3.1/thumb/v7e-m+fp/hard\libgcc.a(_udivmoddi4.o)
                0x080002e0                __udivmoddi4
 .text          0x0800059c        0x4 C:/ST/STM32CubeIDE_1.16.1/STM32CubeIDE/plugins/com.st.stm32cube.ide.mcu.externaltools.gnu-tools-for-stm32.12.3.rel1.win32_1.0.200.202406191623/tools/bin/../lib/gcc/arm-none-eabi/12.3.1/thumb/v7e-m+fp/hard\libgcc.a(_dvmd_tls.o)
                0x0800059c                __aeabi_idiv0
                0x0800059c                __aeabi_ldiv0
 *(.text*)
 .text.SSD2828_Reset
                0x080005a0       0x50 ./Core/Src/2828.o
                0x080005a0                SSD2828_Reset
 .text.SPI_3W_SET_Cmd
                0x080005f0       0x9c ./Core/Src/2828.o
                0x080005f0                SPI_3W_SET_Cmd
 .text.SPI_3W_SET_PAs
                0x0800068c       0x9c ./Core/Src/2828.o
                0x0800068c                SPI_3W_SET_PAs
 .text.SPI_WriteData
                0x08000728       0x1a ./Core/Src/2828.o
                0x08000728                SPI_WriteData
 .text.SPI_WriteCmd
                0x08000742       0x1a ./Core/Src/2828.o
                0x08000742                SPI_WriteCmd
 .text.SSD2828_initial
                0x0800075c      0x21e ./Core/Src/2828.o
                0x0800075c                SSD2828_initial
 .text.delay_us
                0x0800097a       0x34 ./Core/Src/RA8876.o
                0x0800097a                delay_us
 *fill*         0x080009ae        0x2 
 .text.SPI_Write
                0x080009b0       0x34 ./Core/Src/RA8876.o
                0x080009b0                SPI_Write
 .text.SPI_Read
                0x080009e4       0x3c ./Core/Src/RA8876.o
                0x080009e4                SPI_Read
 .text.LCD_CmdWrite
                0x08000a20       0x3c ./Core/Src/RA8876.o
                0x08000a20                LCD_CmdWrite
 .text.LCD_DataWrite
                0x08000a5c       0x3c ./Core/Src/RA8876.o
                0x08000a5c                LCD_DataWrite
 .text.LCD_DataRead
                0x08000a98       0x3c ./Core/Src/RA8876.o
                0x08000a98                LCD_DataRead
 .text.LCD_StatusRead
                0x08000ad4       0x3c ./Core/Src/RA8876.o
                0x08000ad4                LCD_StatusRead
 .text.LCD_RegisterWrite
                0x08000b10       0x28 ./Core/Src/RA8876.o
                0x08000b10                LCD_RegisterWrite
 .text.RA8876_HW_Reset
                0x08000b38       0x44 ./Core/Src/RA8876.o
                0x08000b38                RA8876_HW_Reset
 .text.RA8876_initial
                0x08000b7c       0x8c ./Core/Src/RA8876.o
                0x08000b7c                RA8876_initial
 .text.RA8876_PLL_Initial
                0x08000c08       0x56 ./Core/Src/RA8876.o
                0x08000c08                RA8876_PLL_Initial
 .text.RA8876_SDRAM_initail
                0x08000c5e       0x58 ./Core/Src/RA8876.o
                0x08000c5e                RA8876_SDRAM_initail
 .text.Check_Mem_WR_FIFO_not_Full
                0x08000cb6       0x16 ./Core/Src/RA8876.o
                0x08000cb6                Check_Mem_WR_FIFO_not_Full
 .text.Check_2D_Busy
                0x08000ccc       0x18 ./Core/Src/RA8876.o
                0x08000ccc                Check_2D_Busy
 .text.Check_SDRAM_Ready
                0x08000ce4       0x22 ./Core/Src/RA8876.o
                0x08000ce4                Check_SDRAM_Ready
 .text.Check_Busy_Draw
                0x08000d06       0x22 ./Core/Src/RA8876.o
                0x08000d06                Check_Busy_Draw
 .text.RA8876_SW_Reset
                0x08000d28       0x40 ./Core/Src/RA8876.o
                0x08000d28                RA8876_SW_Reset
 .text.TFT_24bit
                0x08000d68       0x34 ./Core/Src/RA8876.o
                0x08000d68                TFT_24bit
 .text.Enable_SFlash_SPI
                0x08000d9c       0x2c ./Core/Src/RA8876.o
                0x08000d9c                Enable_SFlash_SPI
 .text.Host_Bus_8bit
                0x08000dc8       0x2c ./Core/Src/RA8876.o
                0x08000dc8                Host_Bus_8bit
 .text.RGB_8b_8bpp
                0x08000df4       0x34 ./Core/Src/RA8876.o
                0x08000df4                RGB_8b_8bpp
 .text.MemWrite_Left_Right_Top_Down
                0x08000e28       0x34 ./Core/Src/RA8876.o
                0x08000e28                MemWrite_Left_Right_Top_Down
 .text.Graphic_Mode
                0x08000e5c       0x2c ./Core/Src/RA8876.o
                0x08000e5c                Graphic_Mode
 .text.Text_Mode
                0x08000e88       0x2c ./Core/Src/RA8876.o
                0x08000e88                Text_Mode
 .text.Memory_Select_SDRAM
                0x08000eb4       0x34 ./Core/Src/RA8876.o
                0x08000eb4                Memory_Select_SDRAM
 .text.Enable_PIP1
                0x08000ee8       0x2c ./Core/Src/RA8876.o
                0x08000ee8                Enable_PIP1
 .text.Select_PIP1_Parameter
                0x08000f14       0x2c ./Core/Src/RA8876.o
                0x08000f14                Select_PIP1_Parameter
 .text.Select_Main_Window_8bpp
                0x08000f40       0x34 ./Core/Src/RA8876.o
                0x08000f40                Select_Main_Window_8bpp
 .text.Select_PIP1_Window_8bpp
                0x08000f74       0x34 ./Core/Src/RA8876.o
                0x08000f74                Select_PIP1_Window_8bpp
 .text.PCLK_Rising
                0x08000fa8       0x2c ./Core/Src/RA8876.o
                0x08000fa8                PCLK_Rising
 .text.Display_ON
                0x08000fd4       0x2c ./Core/Src/RA8876.o
                0x08000fd4                Display_ON
 .text.Color_Bar_ON
                0x08001000       0x2c ./Core/Src/RA8876.o
                0x08001000                Color_Bar_ON
 .text.Color_Bar_OFF
                0x0800102c       0x2c ./Core/Src/RA8876.o
                0x0800102c                Color_Bar_OFF
 .text.HSCAN_L_to_R
                0x08001058       0x2c ./Core/Src/RA8876.o
                0x08001058                HSCAN_L_to_R
 .text.VSCAN_T_to_B
                0x08001084       0x2c ./Core/Src/RA8876.o
                0x08001084                VSCAN_T_to_B
 .text.VSCAN_B_to_T
                0x080010b0       0x2c ./Core/Src/RA8876.o
                0x080010b0                VSCAN_B_to_T
 .text.PDATA_Set_RGB
                0x080010dc       0x2c ./Core/Src/RA8876.o
                0x080010dc                PDATA_Set_RGB
 .text.HSYNC_Low_Active
                0x08001108       0x2c ./Core/Src/RA8876.o
                0x08001108                HSYNC_Low_Active
 .text.VSYNC_Low_Active
                0x08001134       0x2c ./Core/Src/RA8876.o
                0x08001134                VSYNC_Low_Active
 .text.DE_High_Active
                0x08001160       0x2c ./Core/Src/RA8876.o
                0x08001160                DE_High_Active
 .text.LCD_HorizontalWidth_VerticalHeight
                0x0800118c       0xc6 ./Core/Src/RA8876.o
                0x0800118c                LCD_HorizontalWidth_VerticalHeight
 .text.LCD_Horizontal_Non_Display
                0x08001252       0x68 ./Core/Src/RA8876.o
                0x08001252                LCD_Horizontal_Non_Display
 .text.LCD_HSYNC_Start_Position
                0x080012ba       0x40 ./Core/Src/RA8876.o
                0x080012ba                LCD_HSYNC_Start_Position
 .text.LCD_HSYNC_Pulse_Width
                0x080012fa       0x40 ./Core/Src/RA8876.o
                0x080012fa                LCD_HSYNC_Pulse_Width
 .text.LCD_Vertical_Non_Display
                0x0800133a       0x3a ./Core/Src/RA8876.o
                0x0800133a                LCD_Vertical_Non_Display
 .text.LCD_VSYNC_Start_Position
                0x08001374       0x28 ./Core/Src/RA8876.o
                0x08001374                LCD_VSYNC_Start_Position
 .text.LCD_VSYNC_Pulse_Width
                0x0800139c       0x28 ./Core/Src/RA8876.o
                0x0800139c                LCD_VSYNC_Pulse_Width
 .text.Main_Image_Start_Address
                0x080013c4       0x46 ./Core/Src/RA8876.o
                0x080013c4                Main_Image_Start_Address
 .text.Main_Image_Width
                0x0800140a       0x2e ./Core/Src/RA8876.o
                0x0800140a                Main_Image_Width
 .text.Main_Window_Start_XY
                0x08001438       0x50 ./Core/Src/RA8876.o
                0x08001438                Main_Window_Start_XY
 .text.PIP_Display_Start_XY
                0x08001488       0x50 ./Core/Src/RA8876.o
                0x08001488                PIP_Display_Start_XY
 .text.PIP_Image_Start_Address
                0x080014d8       0x46 ./Core/Src/RA8876.o
                0x080014d8                PIP_Image_Start_Address
 .text.PIP_Image_Width
                0x0800151e       0x2e ./Core/Src/RA8876.o
                0x0800151e                PIP_Image_Width
 .text.PIP_Window_Image_Start_XY
                0x0800154c       0x50 ./Core/Src/RA8876.o
                0x0800154c                PIP_Window_Image_Start_XY
 .text.PIP_Window_Width_Height
                0x0800159c       0x50 ./Core/Src/RA8876.o
                0x0800159c                PIP_Window_Width_Height
 .text.Canvas_Image_Start_address
                0x080015ec       0x46 ./Core/Src/RA8876.o
                0x080015ec                Canvas_Image_Start_address
 .text.Canvas_image_width
                0x08001632       0x2e ./Core/Src/RA8876.o
                0x08001632                Canvas_image_width
 .text.Active_Window_XY
                0x08001660       0x50 ./Core/Src/RA8876.o
                0x08001660                Active_Window_XY
 .text.Active_Window_WH
                0x080016b0       0x50 ./Core/Src/RA8876.o
                0x080016b0                Active_Window_WH
 .text.Memory_XY_Mode
                0x08001700       0x2c ./Core/Src/RA8876.o
                0x08001700                Memory_XY_Mode
 .text.Memory_8bpp_Mode
                0x0800172c       0x34 ./Core/Src/RA8876.o
                0x0800172c                Memory_8bpp_Mode
 .text.Goto_Text_XY
                0x08001760       0x50 ./Core/Src/RA8876.o
                0x08001760                Goto_Text_XY
 .text.Start_Triangle_Fill
                0x080017b0       0x18 ./Core/Src/RA8876.o
                0x080017b0                Start_Triangle_Fill
 .text.Line_Start_XY
                0x080017c8       0x60 ./Core/Src/RA8876.o
                0x080017c8                Line_Start_XY
 .text.Line_End_XY
                0x08001828       0x60 ./Core/Src/RA8876.o
                0x08001828                Line_End_XY
 .text.Triangle_Point1_XY
                0x08001888       0x60 ./Core/Src/RA8876.o
                0x08001888                Triangle_Point1_XY
 .text.Triangle_Point2_XY
                0x080018e8       0x60 ./Core/Src/RA8876.o
                0x080018e8                Triangle_Point2_XY
 .text.Triangle_Point3_XY
                0x08001948       0x60 ./Core/Src/RA8876.o
                0x08001948                Triangle_Point3_XY
 .text.Start_Square_Fill
                0x080019a8       0x18 ./Core/Src/RA8876.o
                0x080019a8                Start_Square_Fill
 .text.BTE_Enable
                0x080019c0       0x2c ./Core/Src/RA8876.o
                0x080019c0                BTE_Enable
 .text.Check_BTE_Busy
                0x080019ec       0x22 ./Core/Src/RA8876.o
                0x080019ec                Check_BTE_Busy
 .text.BTE_ROP_Code
                0x08001a0e       0x40 ./Core/Src/RA8876.o
                0x08001a0e                BTE_ROP_Code
 .text.BTE_Operation_Code
                0x08001a4e       0x38 ./Core/Src/RA8876.o
                0x08001a4e                BTE_Operation_Code
 .text.BTE_S0_Color_8bpp
                0x08001a86       0x34 ./Core/Src/RA8876.o
                0x08001a86                BTE_S0_Color_8bpp
 .text.BTE_S1_Color_8bpp
                0x08001aba       0x3c ./Core/Src/RA8876.o
                0x08001aba                BTE_S1_Color_8bpp
 .text.BTE_Destination_Color_8bpp
                0x08001af6       0x34 ./Core/Src/RA8876.o
                0x08001af6                BTE_Destination_Color_8bpp
 .text.BTE_S0_Memory_Start_Address
                0x08001b2a       0x46 ./Core/Src/RA8876.o
                0x08001b2a                BTE_S0_Memory_Start_Address
 .text.BTE_S0_Image_Width
                0x08001b70       0x2e ./Core/Src/RA8876.o
                0x08001b70                BTE_S0_Image_Width
 .text.BTE_S0_Window_Start_XY
                0x08001b9e       0x50 ./Core/Src/RA8876.o
                0x08001b9e                BTE_S0_Window_Start_XY
 .text.BTE_S1_Memory_Start_Address
                0x08001bee       0x46 ./Core/Src/RA8876.o
                0x08001bee                BTE_S1_Memory_Start_Address
 .text.BTE_S1_Image_Width
                0x08001c34       0x2e ./Core/Src/RA8876.o
                0x08001c34                BTE_S1_Image_Width
 .text.BTE_S1_Window_Start_XY
                0x08001c62       0x50 ./Core/Src/RA8876.o
                0x08001c62                BTE_S1_Window_Start_XY
 .text.BTE_Destination_Memory_Start_Address
                0x08001cb2       0x46 ./Core/Src/RA8876.o
                0x08001cb2                BTE_Destination_Memory_Start_Address
 .text.BTE_Destination_Image_Width
                0x08001cf8       0x2e ./Core/Src/RA8876.o
                0x08001cf8                BTE_Destination_Image_Width
 .text.BTE_Destination_Window_Start_XY
                0x08001d26       0x50 ./Core/Src/RA8876.o
                0x08001d26                BTE_Destination_Window_Start_XY
 .text.BTE_Window_Size
                0x08001d76       0x50 ./Core/Src/RA8876.o
                0x08001d76                BTE_Window_Size
 .text.Select_SFI_0
                0x08001dc6       0x2c ./Core/Src/RA8876.o
                0x08001dc6                Select_SFI_0
 .text.Select_SFI_Font_Mode
                0x08001df2       0x2c ./Core/Src/RA8876.o
                0x08001df2                Select_SFI_Font_Mode
 .text.Select_SFI_24bit_Address
                0x08001e1e       0x2c ./Core/Src/RA8876.o
                0x08001e1e                Select_SFI_24bit_Address
 .text.Select_SFI_Waveform_Mode_0
                0x08001e4a       0x2c ./Core/Src/RA8876.o
                0x08001e4a                Select_SFI_Waveform_Mode_0
 .text.Select_SFI_0_DummyRead
                0x08001e76       0x2c ./Core/Src/RA8876.o
                0x08001e76                Select_SFI_0_DummyRead
 .text.Select_SFI_Single_Mode
                0x08001ea2       0x2c ./Core/Src/RA8876.o
                0x08001ea2                Select_SFI_Single_Mode
 .text.SPI_Clock_Period
                0x08001ece       0x20 ./Core/Src/RA8876.o
                0x08001ece                SPI_Clock_Period
 .text.CGROM_Select_Genitop_FontROM
                0x08001eee       0x34 ./Core/Src/RA8876.o
                0x08001eee                CGROM_Select_Genitop_FontROM
 .text.Font_Select_12x24_24x24
                0x08001f22       0x34 ./Core/Src/RA8876.o
                0x08001f22                Font_Select_12x24_24x24
 .text.Font_Select_16x32_32x32
                0x08001f56       0x34 ./Core/Src/RA8876.o
                0x08001f56                Font_Select_16x32_32x32
 .text.Enable_Font_Alignment
                0x08001f8a       0x2c ./Core/Src/RA8876.o
                0x08001f8a                Enable_Font_Alignment
 .text.Disable_Font_Alignment
                0x08001fb6       0x2c ./Core/Src/RA8876.o
                0x08001fb6                Disable_Font_Alignment
 .text.Font_Background_select_Transparency
                0x08001fe2       0x2c ./Core/Src/RA8876.o
                0x08001fe2                Font_Background_select_Transparency
 .text.Font_Background_select_Color
                0x0800200e       0x2c ./Core/Src/RA8876.o
                0x0800200e                Font_Background_select_Color
 .text.Font_90_degree
                0x0800203a       0x2c ./Core/Src/RA8876.o
                0x0800203a                Font_90_degree
 .text.Font_Width_X1
                0x08002066       0x34 ./Core/Src/RA8876.o
                0x08002066                Font_Width_X1
 .text.Font_Width_X2
                0x0800209a       0x34 ./Core/Src/RA8876.o
                0x0800209a                Font_Width_X2
 .text.Font_Width_X3
                0x080020ce       0x34 ./Core/Src/RA8876.o
                0x080020ce                Font_Width_X3
 .text.Font_Width_X4
                0x08002102       0x34 ./Core/Src/RA8876.o
                0x08002102                Font_Width_X4
 .text.Font_Height_X1
                0x08002136       0x34 ./Core/Src/RA8876.o
                0x08002136                Font_Height_X1
 .text.Font_Height_X2
                0x0800216a       0x34 ./Core/Src/RA8876.o
                0x0800216a                Font_Height_X2
 .text.Font_Height_X3
                0x0800219e       0x34 ./Core/Src/RA8876.o
                0x0800219e                Font_Height_X3
 .text.Font_Height_X4
                0x080021d2       0x34 ./Core/Src/RA8876.o
                0x080021d2                Font_Height_X4
 .text.GTFont_Select_GT23L32S4W_GT23H32S4W
                0x08002206       0x3c ./Core/Src/RA8876.o
                0x08002206                GTFont_Select_GT23L32S4W_GT23H32S4W
 .text.Set_GTFont_Decoder
                0x08002242       0x20 ./Core/Src/RA8876.o
                0x08002242                Set_GTFont_Decoder
 .text.Foreground_color_256
                0x08002262       0x44 ./Core/Src/RA8876.o
                0x08002262                Foreground_color_256
 .text.Background_color_256
                0x080022a6       0x44 ./Core/Src/RA8876.o
                0x080022a6                Background_color_256
 .text.Show_String
                0x080022ea       0x40 ./Core/Src/RA8876.o
                0x080022ea                Show_String
 .text.Show_picture2
                0x0800232a       0x40 ./Core/Src/RA8876.o
                0x0800232a                Show_picture2
 *fill*         0x0800236a        0x2 
 .text.Show_picture2_mono
                0x0800236c       0x78 ./Core/Src/RA8876.o
                0x0800236c                Show_picture2_mono
 .text.Show_picture3
                0x080023e4       0x66 ./Core/Src/RA8876.o
                0x080023e4                Show_picture3
 .text.Show_pictureX2
                0x0800244a       0x6e ./Core/Src/RA8876.o
                0x0800244a                Show_pictureX2
 .text.Show_pictureX2_mono
                0x080024b8       0xa4 ./Core/Src/RA8876.o
                0x080024b8                Show_pictureX2_mono
 .text.Show_greenPicture
                0x0800255c       0x9c ./Core/Src/RA8876.o
                0x0800255c                Show_greenPicture
 .text.InitCommands
                0x080025f8      0x110 ./Core/Src/commands.o
                0x080025f8                InitCommands
 .text.PacketProc
                0x08002708      0x770 ./Core/Src/commands.o
                0x08002708                PacketProc
 .text.HandlePacket
                0x08002e78      0x26c ./Core/Src/commands.o
                0x08002e78                HandlePacket
 .text.crc16_ccitt_reversed_w16
                0x080030e4       0x80 ./Core/Src/commands.o
                0x080030e4                crc16_ccitt_reversed_w16
 .text.screen0x00
                0x08003164       0x8c ./Core/Src/display.o
                0x08003164                screen0x00
 .text.screen0x01
                0x080031f0      0x364 ./Core/Src/display.o
                0x080031f0                screen0x01
 .text.screen0x02
                0x08003554      0x320 ./Core/Src/display.o
                0x08003554                screen0x02
 .text.screen0x03
                0x08003874       0xe4 ./Core/Src/display.o
                0x08003874                screen0x03
 .text.screen0x04
                0x08003958      0x138 ./Core/Src/display.o
                0x08003958                screen0x04
 .text.screen0x05
                0x08003a90      0x1c0 ./Core/Src/display.o
                0x08003a90                screen0x05
 .text.screen0x06
                0x08003c50       0x24 ./Core/Src/display.o
                0x08003c50                screen0x06
 .text.screen0x07
                0x08003c74      0x734 ./Core/Src/display.o
                0x08003c74                screen0x07
 .text.screen0x08
                0x080043a8      0x1b4 ./Core/Src/display.o
                0x080043a8                screen0x08
 .text.screen0x09
                0x0800455c      0x3f4 ./Core/Src/display.o
                0x0800455c                screen0x09
 .text.screen0x0a
                0x08004950      0x3e8 ./Core/Src/display.o
                0x08004950                screen0x0a
 .text.screen0x0b
                0x08004d38      0x3e8 ./Core/Src/display.o
                0x08004d38                screen0x0b
 .text.screen0x0c
                0x08005120      0x3e8 ./Core/Src/display.o
                0x08005120                screen0x0c
 .text.screen0x0d
                0x08005508      0x2ec ./Core/Src/display.o
                0x08005508                screen0x0d
 .text.screen0x0e
                0x080057f4      0x2f4 ./Core/Src/display.o
                0x080057f4                screen0x0e
 .text.screen0x0f
                0x08005ae8      0x508 ./Core/Src/display.o
                0x08005ae8                screen0x0f
 .text.screen0x10
                0x08005ff0      0x4d4 ./Core/Src/display.o
                0x08005ff0                screen0x10
 .text.screen0x11
                0x080064c4      0x74c ./Core/Src/display.o
                0x080064c4                screen0x11
 .text.screen0x12
                0x08006c10      0x400 ./Core/Src/display.o
                0x08006c10                screen0x12
 .text.screen0x13
                0x08007010      0x550 ./Core/Src/display.o
                0x08007010                screen0x13
 .text.screen0x17
                0x08007560      0x574 ./Core/Src/display.o
                0x08007560                screen0x17
 .text.screen0x18
                0x08007ad4      0x564 ./Core/Src/display.o
                0x08007ad4                screen0x18
 .text.screen0x1B
                0x08008038      0x100 ./Core/Src/display.o
                0x08008038                screen0x1B
 .text.screen0x1C
                0x08008138      0x1d8 ./Core/Src/display.o
                0x08008138                screen0x1C
 .text.screen0x1D
                0x08008310      0x8ec ./Core/Src/display.o
                0x08008310                screen0x1D
 .text.screen0x1E
                0x08008bfc      0x38c ./Core/Src/display.o
                0x08008bfc                screen0x1E
 .text.screen0x1F
                0x08008f88      0x154 ./Core/Src/display.o
                0x08008f88                screen0x1F
 .text.screen0x99
                0x080090dc       0x64 ./Core/Src/display.o
                0x080090dc                screen0x99
 .text.WelcomeAnimation
                0x08009140      0x1d0 ./Core/Src/display.o
                0x08009140                WelcomeAnimation
 .text.BTE_logo_disp
                0x08009310       0xa8 ./Core/Src/display.o
                0x08009310                BTE_logo_disp
 .text.RandomColor_256
                0x080093b8       0x40 ./Core/Src/display.o
                0x080093b8                RandomColor_256
 .text.preloadScreen
                0x080093f8      0x3cc ./Core/Src/display.o
                0x080093f8                preloadScreen
 .text.main     0x080097c4       0x26 ./Core/Src/main.o
                0x080097c4                main
 *fill*         0x080097ea        0x2 
 .text.SystemClock_Config
                0x080097ec       0xe4 ./Core/Src/main.o
                0x080097ec                SystemClock_Config
 .text.MX_SPI2_Init
                0x080098d0       0x6c ./Core/Src/main.o
 .text.MX_USART2_UART_Init
                0x0800993c       0x54 ./Core/Src/main.o
 .text.MX_USART3_UART_Init
                0x08009990       0x5c ./Core/Src/main.o
 .text.MX_GPIO_Init
                0x080099ec      0x1b4 ./Core/Src/main.o
 .text.HAL_UART_RxCpltCallback
                0x08009ba0       0x14 ./Core/Src/main.o
                0x08009ba0                HAL_UART_RxCpltCallback
 .text.Error_Handler
                0x08009bb4        0xc ./Core/Src/main.o
                0x08009bb4                Error_Handler
 .text.HAL_MspInit
                0x08009bc0       0x50 ./Core/Src/stm32f4xx_hal_msp.o
                0x08009bc0                HAL_MspInit
 .text.HAL_SPI_MspInit
                0x08009c10       0x90 ./Core/Src/stm32f4xx_hal_msp.o
                0x08009c10                HAL_SPI_MspInit
 .text.HAL_UART_MspInit
                0x08009ca0      0x10c ./Core/Src/stm32f4xx_hal_msp.o
                0x08009ca0                HAL_UART_MspInit
 .text.NMI_Handler
                0x08009dac        0x8 ./Core/Src/stm32f4xx_it.o
                0x08009dac                NMI_Handler
 .text.HardFault_Handler
                0x08009db4        0x8 ./Core/Src/stm32f4xx_it.o
                0x08009db4                HardFault_Handler
 .text.MemManage_Handler
                0x08009dbc        0x8 ./Core/Src/stm32f4xx_it.o
                0x08009dbc                MemManage_Handler
 .text.BusFault_Handler
                0x08009dc4        0x8 ./Core/Src/stm32f4xx_it.o
                0x08009dc4                BusFault_Handler
 .text.UsageFault_Handler
                0x08009dcc        0x8 ./Core/Src/stm32f4xx_it.o
                0x08009dcc                UsageFault_Handler
 .text.SVC_Handler
                0x08009dd4        0xe ./Core/Src/stm32f4xx_it.o
                0x08009dd4                SVC_Handler
 .text.DebugMon_Handler
                0x08009de2        0xe ./Core/Src/stm32f4xx_it.o
                0x08009de2                DebugMon_Handler
 .text.PendSV_Handler
                0x08009df0        0xe ./Core/Src/stm32f4xx_it.o
                0x08009df0                PendSV_Handler
 *fill*         0x08009dfe        0x2 
 .text.SysTick_Handler
                0x08009e00       0xe8 ./Core/Src/stm32f4xx_it.o
                0x08009e00                SysTick_Handler
 .text.USART3_IRQHandler
                0x08009ee8       0x28 ./Core/Src/stm32f4xx_it.o
                0x08009ee8                USART3_IRQHandler
 .text._getpid  0x08009f10       0x10 ./Core/Src/syscalls.o
                0x08009f10                _getpid
 .text._kill    0x08009f20       0x20 ./Core/Src/syscalls.o
                0x08009f20                _kill
 .text._exit    0x08009f40       0x16 ./Core/Src/syscalls.o
                0x08009f40                _exit
 .text._read    0x08009f56       0x3a ./Core/Src/syscalls.o
                0x08009f56                _read
 .text._write   0x08009f90       0x38 ./Core/Src/syscalls.o
                0x08009f90                _write
 .text._close   0x08009fc8       0x18 ./Core/Src/syscalls.o
                0x08009fc8                _close
 .text._fstat   0x08009fe0       0x20 ./Core/Src/syscalls.o
                0x08009fe0                _fstat
 .text._isatty  0x0800a000       0x16 ./Core/Src/syscalls.o
                0x0800a000                _isatty
 .text._lseek   0x0800a016       0x1a ./Core/Src/syscalls.o
                0x0800a016                _lseek
 .text._sbrk    0x0800a030       0x6c ./Core/Src/sysmem.o
                0x0800a030                _sbrk
 .text.SystemInit
                0x0800a09c       0x24 ./Core/Src/system_stm32f4xx.o
                0x0800a09c                SystemInit
 .text.Reset_Handler
                0x0800a0c0       0x50 ./Core/Startup/startup_stm32f446retx.o
                0x0800a0c0                Reset_Handler
 .text.Default_Handler
                0x0800a110        0x2 ./Core/Startup/startup_stm32f446retx.o
                0x0800a110                RTC_Alarm_IRQHandler
                0x0800a110                EXTI2_IRQHandler
                0x0800a110                TIM8_CC_IRQHandler
                0x0800a110                FMPI2C1_EV_IRQHandler
                0x0800a110                SPI4_IRQHandler
                0x0800a110                TIM1_CC_IRQHandler
                0x0800a110                DMA2_Stream5_IRQHandler
                0x0800a110                DMA1_Stream5_IRQHandler
                0x0800a110                PVD_IRQHandler
                0x0800a110                SDIO_IRQHandler
                0x0800a110                TAMP_STAMP_IRQHandler
                0x0800a110                CAN2_RX1_IRQHandler
                0x0800a110                EXTI3_IRQHandler
                0x0800a110                TIM8_TRG_COM_TIM14_IRQHandler
                0x0800a110                TIM1_UP_TIM10_IRQHandler
                0x0800a110                TIM8_UP_TIM13_IRQHandler
                0x0800a110                I2C3_ER_IRQHandler
                0x0800a110                EXTI0_IRQHandler
                0x0800a110                I2C2_EV_IRQHandler
                0x0800a110                DMA1_Stream2_IRQHandler
                0x0800a110                CAN1_RX0_IRQHandler
                0x0800a110                FPU_IRQHandler
                0x0800a110                OTG_HS_WKUP_IRQHandler
                0x0800a110                CAN2_SCE_IRQHandler
                0x0800a110                DMA2_Stream2_IRQHandler
                0x0800a110                SPI1_IRQHandler
                0x0800a110                TIM6_DAC_IRQHandler
                0x0800a110                TIM1_BRK_TIM9_IRQHandler
                0x0800a110                DCMI_IRQHandler
                0x0800a110                CAN2_RX0_IRQHandler
                0x0800a110                DMA2_Stream3_IRQHandler
                0x0800a110                SAI2_IRQHandler
                0x0800a110                USART6_IRQHandler
                0x0800a110                CAN1_RX1_IRQHandler
                0x0800a110                UART5_IRQHandler
                0x0800a110                DMA2_Stream0_IRQHandler
                0x0800a110                TIM4_IRQHandler
                0x0800a110                QUADSPI_IRQHandler
                0x0800a110                I2C1_EV_IRQHandler
                0x0800a110                DMA1_Stream6_IRQHandler
                0x0800a110                DMA1_Stream1_IRQHandler
                0x0800a110                UART4_IRQHandler
                0x0800a110                TIM3_IRQHandler
                0x0800a110                RCC_IRQHandler
                0x0800a110                TIM8_BRK_TIM12_IRQHandler
                0x0800a110                Default_Handler
                0x0800a110                CEC_IRQHandler
                0x0800a110                EXTI15_10_IRQHandler
                0x0800a110                ADC_IRQHandler
                0x0800a110                DMA1_Stream7_IRQHandler
                0x0800a110                TIM7_IRQHandler
                0x0800a110                CAN2_TX_IRQHandler
                0x0800a110                TIM5_IRQHandler
                0x0800a110                DMA2_Stream7_IRQHandler
                0x0800a110                I2C3_EV_IRQHandler
                0x0800a110                EXTI9_5_IRQHandler
                0x0800a110                RTC_WKUP_IRQHandler
                0x0800a110                SPDIF_RX_IRQHandler
                0x0800a110                SPI2_IRQHandler
                0x0800a110                OTG_HS_EP1_IN_IRQHandler
                0x0800a110                DMA1_Stream0_IRQHandler
                0x0800a110                CAN1_TX_IRQHandler
                0x0800a110                FMPI2C1_ER_IRQHandler
                0x0800a110                EXTI4_IRQHandler
                0x0800a110                OTG_HS_EP1_OUT_IRQHandler
                0x0800a110                WWDG_IRQHandler
                0x0800a110                TIM2_IRQHandler
                0x0800a110                OTG_FS_WKUP_IRQHandler
                0x0800a110                TIM1_TRG_COM_TIM11_IRQHandler
                0x0800a110                OTG_HS_IRQHandler
                0x0800a110                EXTI1_IRQHandler
                0x0800a110                USART2_IRQHandler
                0x0800a110                I2C2_ER_IRQHandler
                0x0800a110                DMA2_Stream1_IRQHandler
                0x0800a110                CAN1_SCE_IRQHandler
                0x0800a110                FLASH_IRQHandler
                0x0800a110                DMA2_Stream4_IRQHandler
                0x0800a110                USART1_IRQHandler
                0x0800a110                OTG_FS_IRQHandler
                0x0800a110                SPI3_IRQHandler
                0x0800a110                DMA1_Stream4_IRQHandler
                0x0800a110                I2C1_ER_IRQHandler
                0x0800a110                FMC_IRQHandler
                0x0800a110                DMA2_Stream6_IRQHandler
                0x0800a110                SAI1_IRQHandler
                0x0800a110                DMA1_Stream3_IRQHandler
 *fill*         0x0800a112        0x2 
 .text.HAL_Init
                0x0800a114       0x44 ./Drivers/STM32F4xx_HAL_Driver/Src/stm32f4xx_hal.o
                0x0800a114                HAL_Init
 .text.HAL_InitTick
                0x0800a158       0x60 ./Drivers/STM32F4xx_HAL_Driver/Src/stm32f4xx_hal.o
                0x0800a158                HAL_InitTick
 .text.HAL_IncTick
                0x0800a1b8       0x28 ./Drivers/STM32F4xx_HAL_Driver/Src/stm32f4xx_hal.o
                0x0800a1b8                HAL_IncTick
 .text.HAL_GetTick
                0x0800a1e0       0x18 ./Drivers/STM32F4xx_HAL_Driver/Src/stm32f4xx_hal.o
                0x0800a1e0                HAL_GetTick
 .text.HAL_Delay
                0x0800a1f8       0x48 ./Drivers/STM32F4xx_HAL_Driver/Src/stm32f4xx_hal.o
                0x0800a1f8                HAL_Delay
 .text.__NVIC_SetPriorityGrouping
                0x0800a240       0x48 ./Drivers/STM32F4xx_HAL_Driver/Src/stm32f4xx_hal_cortex.o
 .text.__NVIC_GetPriorityGrouping
                0x0800a288       0x1c ./Drivers/STM32F4xx_HAL_Driver/Src/stm32f4xx_hal_cortex.o
 .text.__NVIC_EnableIRQ
                0x0800a2a4       0x3c ./Drivers/STM32F4xx_HAL_Driver/Src/stm32f4xx_hal_cortex.o
 .text.__NVIC_SetPriority
                0x0800a2e0       0x54 ./Drivers/STM32F4xx_HAL_Driver/Src/stm32f4xx_hal_cortex.o
 .text.NVIC_EncodePriority
                0x0800a334       0x66 ./Drivers/STM32F4xx_HAL_Driver/Src/stm32f4xx_hal_cortex.o
 *fill*         0x0800a39a        0x2 
 .text.SysTick_Config
                0x0800a39c       0x44 ./Drivers/STM32F4xx_HAL_Driver/Src/stm32f4xx_hal_cortex.o
 .text.HAL_NVIC_SetPriorityGrouping
                0x0800a3e0       0x16 ./Drivers/STM32F4xx_HAL_Driver/Src/stm32f4xx_hal_cortex.o
                0x0800a3e0                HAL_NVIC_SetPriorityGrouping
 .text.HAL_NVIC_SetPriority
                0x0800a3f6       0x38 ./Drivers/STM32F4xx_HAL_Driver/Src/stm32f4xx_hal_cortex.o
                0x0800a3f6                HAL_NVIC_SetPriority
 .text.HAL_NVIC_EnableIRQ
                0x0800a42e       0x1c ./Drivers/STM32F4xx_HAL_Driver/Src/stm32f4xx_hal_cortex.o
                0x0800a42e                HAL_NVIC_EnableIRQ
 .text.HAL_SYSTICK_Config
                0x0800a44a       0x18 ./Drivers/STM32F4xx_HAL_Driver/Src/stm32f4xx_hal_cortex.o
                0x0800a44a                HAL_SYSTICK_Config
 .text.HAL_DMA_Abort
                0x0800a462       0xe0 ./Drivers/STM32F4xx_HAL_Driver/Src/stm32f4xx_hal_dma.o
                0x0800a462                HAL_DMA_Abort
 .text.HAL_DMA_Abort_IT
                0x0800a542       0x44 ./Drivers/STM32F4xx_HAL_Driver/Src/stm32f4xx_hal_dma.o
                0x0800a542                HAL_DMA_Abort_IT
 *fill*         0x0800a586        0x2 
 .text.HAL_GPIO_Init
                0x0800a588      0x328 ./Drivers/STM32F4xx_HAL_Driver/Src/stm32f4xx_hal_gpio.o
                0x0800a588                HAL_GPIO_Init
 .text.HAL_GPIO_ReadPin
                0x0800a8b0       0x30 ./Drivers/STM32F4xx_HAL_Driver/Src/stm32f4xx_hal_gpio.o
                0x0800a8b0                HAL_GPIO_ReadPin
 .text.HAL_GPIO_WritePin
                0x0800a8e0       0x32 ./Drivers/STM32F4xx_HAL_Driver/Src/stm32f4xx_hal_gpio.o
                0x0800a8e0                HAL_GPIO_WritePin
 *fill*         0x0800a912        0x2 
 .text.HAL_PWREx_EnableOverDrive
                0x0800a914       0xa0 ./Drivers/STM32F4xx_HAL_Driver/Src/stm32f4xx_hal_pwr_ex.o
                0x0800a914                HAL_PWREx_EnableOverDrive
 .text.HAL_RCC_ClockConfig
                0x0800a9b4      0x1cc ./Drivers/STM32F4xx_HAL_Driver/Src/stm32f4xx_hal_rcc.o
                0x0800a9b4                HAL_RCC_ClockConfig
 .text.HAL_RCC_GetHCLKFreq
                0x0800ab80       0x18 ./Drivers/STM32F4xx_HAL_Driver/Src/stm32f4xx_hal_rcc.o
                0x0800ab80                HAL_RCC_GetHCLKFreq
 .text.HAL_RCC_GetPCLK1Freq
                0x0800ab98       0x28 ./Drivers/STM32F4xx_HAL_Driver/Src/stm32f4xx_hal_rcc.o
                0x0800ab98                HAL_RCC_GetPCLK1Freq
 .text.HAL_RCC_GetPCLK2Freq
                0x0800abc0       0x28 ./Drivers/STM32F4xx_HAL_Driver/Src/stm32f4xx_hal_rcc.o
                0x0800abc0                HAL_RCC_GetPCLK2Freq
 .text.HAL_RCC_GetSysClockFreq
                0x0800abe8      0x460 ./Drivers/STM32F4xx_HAL_Driver/Src/stm32f4xx_hal_rcc_ex.o
                0x0800abe8                HAL_RCC_GetSysClockFreq
 .text.HAL_RCC_OscConfig
                0x0800b048      0x53c ./Drivers/STM32F4xx_HAL_Driver/Src/stm32f4xx_hal_rcc_ex.o
                0x0800b048                HAL_RCC_OscConfig
 .text.HAL_SPI_Init
                0x0800b584      0x112 ./Drivers/STM32F4xx_HAL_Driver/Src/stm32f4xx_hal_spi.o
                0x0800b584                HAL_SPI_Init
 .text.HAL_SPI_Transmit
                0x0800b696      0x286 ./Drivers/STM32F4xx_HAL_Driver/Src/stm32f4xx_hal_spi.o
                0x0800b696                HAL_SPI_Transmit
 .text.HAL_SPI_TransmitReceive
                0x0800b91c      0x360 ./Drivers/STM32F4xx_HAL_Driver/Src/stm32f4xx_hal_spi.o
                0x0800b91c                HAL_SPI_TransmitReceive
 .text.HAL_SPI_GetState
                0x0800bc7c       0x1c ./Drivers/STM32F4xx_HAL_Driver/Src/stm32f4xx_hal_spi.o
                0x0800bc7c                HAL_SPI_GetState
 .text.SPI_WaitFlagStateUntilTimeout
                0x0800bc98      0x110 ./Drivers/STM32F4xx_HAL_Driver/Src/stm32f4xx_hal_spi.o
 .text.SPI_EndRxTxTransaction
                0x0800bda8       0xa8 ./Drivers/STM32F4xx_HAL_Driver/Src/stm32f4xx_hal_spi.o
 .text.HAL_UART_Init
                0x0800be50       0xa0 ./Drivers/STM32F4xx_HAL_Driver/Src/stm32f4xx_hal_uart.o
                0x0800be50                HAL_UART_Init
 .text.HAL_MultiProcessor_Init
                0x0800bef0       0xe6 ./Drivers/STM32F4xx_HAL_Driver/Src/stm32f4xx_hal_uart.o
                0x0800bef0                HAL_MultiProcessor_Init
 .text.HAL_UART_Transmit_IT
                0x0800bfd6       0x6c ./Drivers/STM32F4xx_HAL_Driver/Src/stm32f4xx_hal_uart.o
                0x0800bfd6                HAL_UART_Transmit_IT
 .text.HAL_UART_Receive_IT
                0x0800c042       0x4a ./Drivers/STM32F4xx_HAL_Driver/Src/stm32f4xx_hal_uart.o
                0x0800c042                HAL_UART_Receive_IT
 .text.HAL_UART_AbortReceive_IT
                0x0800c08c      0x164 ./Drivers/STM32F4xx_HAL_Driver/Src/stm32f4xx_hal_uart.o
                0x0800c08c                HAL_UART_AbortReceive_IT
 .text.HAL_UART_IRQHandler
                0x0800c1f0      0x524 ./Drivers/STM32F4xx_HAL_Driver/Src/stm32f4xx_hal_uart.o
                0x0800c1f0                HAL_UART_IRQHandler
 .text.HAL_UART_TxCpltCallback
                0x0800c714       0x14 ./Drivers/STM32F4xx_HAL_Driver/Src/stm32f4xx_hal_uart.o
                0x0800c714                HAL_UART_TxCpltCallback
 .text.HAL_UART_ErrorCallback
                0x0800c728       0x14 ./Drivers/STM32F4xx_HAL_Driver/Src/stm32f4xx_hal_uart.o
                0x0800c728                HAL_UART_ErrorCallback
 .text.HAL_UART_AbortReceiveCpltCallback
                0x0800c73c       0x14 ./Drivers/STM32F4xx_HAL_Driver/Src/stm32f4xx_hal_uart.o
                0x0800c73c                HAL_UART_AbortReceiveCpltCallback
 .text.HAL_UARTEx_RxEventCallback
                0x0800c750       0x18 ./Drivers/STM32F4xx_HAL_Driver/Src/stm32f4xx_hal_uart.o
                0x0800c750                HAL_UARTEx_RxEventCallback
 .text.UART_Start_Receive_IT
                0x0800c768       0x74 ./Drivers/STM32F4xx_HAL_Driver/Src/stm32f4xx_hal_uart.o
                0x0800c768                UART_Start_Receive_IT
 .text.UART_EndRxTransfer
                0x0800c7dc       0xc6 ./Drivers/STM32F4xx_HAL_Driver/Src/stm32f4xx_hal_uart.o
 .text.UART_DMAAbortOnError
                0x0800c8a2       0x28 ./Drivers/STM32F4xx_HAL_Driver/Src/stm32f4xx_hal_uart.o
 .text.UART_DMARxOnlyAbortCallback
                0x0800c8ca       0x30 ./Drivers/STM32F4xx_HAL_Driver/Src/stm32f4xx_hal_uart.o
 .text.UART_Transmit_IT
                0x0800c8fa       0xa0 ./Drivers/STM32F4xx_HAL_Driver/Src/stm32f4xx_hal_uart.o
 .text.UART_EndTransmit_IT
                0x0800c99a       0x30 ./Drivers/STM32F4xx_HAL_Driver/Src/stm32f4xx_hal_uart.o
 .text.UART_Receive_IT
                0x0800c9ca      0x17c ./Drivers/STM32F4xx_HAL_Driver/Src/stm32f4xx_hal_uart.o
 *fill*         0x0800cb46        0x2 
 .text.UART_SetConfig
                0x0800cb48      0x4e8 ./Drivers/STM32F4xx_HAL_Driver/Src/stm32f4xx_hal_uart.o
 .text.srand    0x0800d030       0x5c C:/ST/STM32CubeIDE_1.16.1/STM32CubeIDE/plugins/com.st.stm32cube.ide.mcu.externaltools.gnu-tools-for-stm32.12.3.rel1.win32_1.0.200.202406191623/tools/bin/../lib/gcc/arm-none-eabi/12.3.1/../../../../arm-none-eabi/lib/thumb/v7e-m+fp/hard\libc_nano.a(libc_a-rand.o)
                0x0800d030                srand
 .text.rand     0x0800d08c       0x7c C:/ST/STM32CubeIDE_1.16.1/STM32CubeIDE/plugins/com.st.stm32cube.ide.mcu.externaltools.gnu-tools-for-stm32.12.3.rel1.win32_1.0.200.202406191623/tools/bin/../lib/gcc/arm-none-eabi/12.3.1/../../../../arm-none-eabi/lib/thumb/v7e-m+fp/hard\libc_nano.a(libc_a-rand.o)
                0x0800d08c                rand
 .text.std      0x0800d108       0x6c C:/ST/STM32CubeIDE_1.16.1/STM32CubeIDE/plugins/com.st.stm32cube.ide.mcu.externaltools.gnu-tools-for-stm32.12.3.rel1.win32_1.0.200.202406191623/tools/bin/../lib/gcc/arm-none-eabi/12.3.1/../../../../arm-none-eabi/lib/thumb/v7e-m+fp/hard\libc_nano.a(libc_a-findfp.o)
 .text.stdio_exit_handler
                0x0800d174       0x18 C:/ST/STM32CubeIDE_1.16.1/STM32CubeIDE/plugins/com.st.stm32cube.ide.mcu.externaltools.gnu-tools-for-stm32.12.3.rel1.win32_1.0.200.202406191623/tools/bin/../lib/gcc/arm-none-eabi/12.3.1/../../../../arm-none-eabi/lib/thumb/v7e-m+fp/hard\libc_nano.a(libc_a-findfp.o)
 .text.cleanup_stdio
                0x0800d18c       0x40 C:/ST/STM32CubeIDE_1.16.1/STM32CubeIDE/plugins/com.st.stm32cube.ide.mcu.externaltools.gnu-tools-for-stm32.12.3.rel1.win32_1.0.200.202406191623/tools/bin/../lib/gcc/arm-none-eabi/12.3.1/../../../../arm-none-eabi/lib/thumb/v7e-m+fp/hard\libc_nano.a(libc_a-findfp.o)
 .text.global_stdio_init.part.0
                0x0800d1cc       0x3c C:/ST/STM32CubeIDE_1.16.1/STM32CubeIDE/plugins/com.st.stm32cube.ide.mcu.externaltools.gnu-tools-for-stm32.12.3.rel1.win32_1.0.200.202406191623/tools/bin/../lib/gcc/arm-none-eabi/12.3.1/../../../../arm-none-eabi/lib/thumb/v7e-m+fp/hard\libc_nano.a(libc_a-findfp.o)
 .text.__sfp_lock_acquire
                0x0800d208        0xc C:/ST/STM32CubeIDE_1.16.1/STM32CubeIDE/plugins/com.st.stm32cube.ide.mcu.externaltools.gnu-tools-for-stm32.12.3.rel1.win32_1.0.200.202406191623/tools/bin/../lib/gcc/arm-none-eabi/12.3.1/../../../../arm-none-eabi/lib/thumb/v7e-m+fp/hard\libc_nano.a(libc_a-findfp.o)
                0x0800d208                __sfp_lock_acquire
 .text.__sfp_lock_release
                0x0800d214        0xc C:/ST/STM32CubeIDE_1.16.1/STM32CubeIDE/plugins/com.st.stm32cube.ide.mcu.externaltools.gnu-tools-for-stm32.12.3.rel1.win32_1.0.200.202406191623/tools/bin/../lib/gcc/arm-none-eabi/12.3.1/../../../../arm-none-eabi/lib/thumb/v7e-m+fp/hard\libc_nano.a(libc_a-findfp.o)
                0x0800d214                __sfp_lock_release
 .text.__sinit  0x0800d220       0x30 C:/ST/STM32CubeIDE_1.16.1/STM32CubeIDE/plugins/com.st.stm32cube.ide.mcu.externaltools.gnu-tools-for-stm32.12.3.rel1.win32_1.0.200.202406191623/tools/bin/../lib/gcc/arm-none-eabi/12.3.1/../../../../arm-none-eabi/lib/thumb/v7e-m+fp/hard\libc_nano.a(libc_a-findfp.o)
                0x0800d220                __sinit
 .text._fwalk_sglue
                0x0800d250       0x3c C:/ST/STM32CubeIDE_1.16.1/STM32CubeIDE/plugins/com.st.stm32cube.ide.mcu.externaltools.gnu-tools-for-stm32.12.3.rel1.win32_1.0.200.202406191623/tools/bin/../lib/gcc/arm-none-eabi/12.3.1/../../../../arm-none-eabi/lib/thumb/v7e-m+fp/hard\libc_nano.a(libc_a-fwalk.o)
                0x0800d250                _fwalk_sglue
 .text.__sread  0x0800d28c       0x22 C:/ST/STM32CubeIDE_1.16.1/STM32CubeIDE/plugins/com.st.stm32cube.ide.mcu.externaltools.gnu-tools-for-stm32.12.3.rel1.win32_1.0.200.202406191623/tools/bin/../lib/gcc/arm-none-eabi/12.3.1/../../../../arm-none-eabi/lib/thumb/v7e-m+fp/hard\libc_nano.a(libc_a-stdio.o)
                0x0800d28c                __sread
 .text.__swrite
                0x0800d2ae       0x38 C:/ST/STM32CubeIDE_1.16.1/STM32CubeIDE/plugins/com.st.stm32cube.ide.mcu.externaltools.gnu-tools-for-stm32.12.3.rel1.win32_1.0.200.202406191623/tools/bin/../lib/gcc/arm-none-eabi/12.3.1/../../../../arm-none-eabi/lib/thumb/v7e-m+fp/hard\libc_nano.a(libc_a-stdio.o)
                0x0800d2ae                __swrite
 .text.__sseek  0x0800d2e6       0x24 C:/ST/STM32CubeIDE_1.16.1/STM32CubeIDE/plugins/com.st.stm32cube.ide.mcu.externaltools.gnu-tools-for-stm32.12.3.rel1.win32_1.0.200.202406191623/tools/bin/../lib/gcc/arm-none-eabi/12.3.1/../../../../arm-none-eabi/lib/thumb/v7e-m+fp/hard\libc_nano.a(libc_a-stdio.o)
                0x0800d2e6                __sseek
 .text.__sclose
                0x0800d30a        0x8 C:/ST/STM32CubeIDE_1.16.1/STM32CubeIDE/plugins/com.st.stm32cube.ide.mcu.externaltools.gnu-tools-for-stm32.12.3.rel1.win32_1.0.200.202406191623/tools/bin/../lib/gcc/arm-none-eabi/12.3.1/../../../../arm-none-eabi/lib/thumb/v7e-m+fp/hard\libc_nano.a(libc_a-stdio.o)
                0x0800d30a                __sclose
 .text.memset   0x0800d312       0x10 C:/ST/STM32CubeIDE_1.16.1/STM32CubeIDE/plugins/com.st.stm32cube.ide.mcu.externaltools.gnu-tools-for-stm32.12.3.rel1.win32_1.0.200.202406191623/tools/bin/../lib/gcc/arm-none-eabi/12.3.1/../../../../arm-none-eabi/lib/thumb/v7e-m+fp/hard\libc_nano.a(libc_a-memset.o)
                0x0800d312                memset
 *fill*         0x0800d322        0x2 
 .text._close_r
                0x0800d324       0x20 C:/ST/STM32CubeIDE_1.16.1/STM32CubeIDE/plugins/com.st.stm32cube.ide.mcu.externaltools.gnu-tools-for-stm32.12.3.rel1.win32_1.0.200.202406191623/tools/bin/../lib/gcc/arm-none-eabi/12.3.1/../../../../arm-none-eabi/lib/thumb/v7e-m+fp/hard\libc_nano.a(libc_a-closer.o)
                0x0800d324                _close_r
 .text._lseek_r
                0x0800d344       0x24 C:/ST/STM32CubeIDE_1.16.1/STM32CubeIDE/plugins/com.st.stm32cube.ide.mcu.externaltools.gnu-tools-for-stm32.12.3.rel1.win32_1.0.200.202406191623/tools/bin/../lib/gcc/arm-none-eabi/12.3.1/../../../../arm-none-eabi/lib/thumb/v7e-m+fp/hard\libc_nano.a(libc_a-lseekr.o)
                0x0800d344                _lseek_r
 .text._read_r  0x0800d368       0x24 C:/ST/STM32CubeIDE_1.16.1/STM32CubeIDE/plugins/com.st.stm32cube.ide.mcu.externaltools.gnu-tools-for-stm32.12.3.rel1.win32_1.0.200.202406191623/tools/bin/../lib/gcc/arm-none-eabi/12.3.1/../../../../arm-none-eabi/lib/thumb/v7e-m+fp/hard\libc_nano.a(libc_a-readr.o)
                0x0800d368                _read_r
 .text._write_r
                0x0800d38c       0x24 C:/ST/STM32CubeIDE_1.16.1/STM32CubeIDE/plugins/com.st.stm32cube.ide.mcu.externaltools.gnu-tools-for-stm32.12.3.rel1.win32_1.0.200.202406191623/tools/bin/../lib/gcc/arm-none-eabi/12.3.1/../../../../arm-none-eabi/lib/thumb/v7e-m+fp/hard\libc_nano.a(libc_a-writer.o)
                0x0800d38c                _write_r
 .text.__errno  0x0800d3b0        0xc C:/ST/STM32CubeIDE_1.16.1/STM32CubeIDE/plugins/com.st.stm32cube.ide.mcu.externaltools.gnu-tools-for-stm32.12.3.rel1.win32_1.0.200.202406191623/tools/bin/../lib/gcc/arm-none-eabi/12.3.1/../../../../arm-none-eabi/lib/thumb/v7e-m+fp/hard\libc_nano.a(libc_a-errno.o)
                0x0800d3b0                __errno
 .text.__libc_init_array
                0x0800d3bc       0x48 C:/ST/STM32CubeIDE_1.16.1/STM32CubeIDE/plugins/com.st.stm32cube.ide.mcu.externaltools.gnu-tools-for-stm32.12.3.rel1.win32_1.0.200.202406191623/tools/bin/../lib/gcc/arm-none-eabi/12.3.1/../../../../arm-none-eabi/lib/thumb/v7e-m+fp/hard\libc_nano.a(libc_a-init.o)
                0x0800d3bc                __libc_init_array
 .text.__retarget_lock_init_recursive
                0x0800d404        0x2 C:/ST/STM32CubeIDE_1.16.1/STM32CubeIDE/plugins/com.st.stm32cube.ide.mcu.externaltools.gnu-tools-for-stm32.12.3.rel1.win32_1.0.200.202406191623/tools/bin/../lib/gcc/arm-none-eabi/12.3.1/../../../../arm-none-eabi/lib/thumb/v7e-m+fp/hard\libc_nano.a(libc_a-lock.o)
                0x0800d404                __retarget_lock_init_recursive
 .text.__retarget_lock_acquire_recursive
                0x0800d406        0x2 C:/ST/STM32CubeIDE_1.16.1/STM32CubeIDE/plugins/com.st.stm32cube.ide.mcu.externaltools.gnu-tools-for-stm32.12.3.rel1.win32_1.0.200.202406191623/tools/bin/../lib/gcc/arm-none-eabi/12.3.1/../../../../arm-none-eabi/lib/thumb/v7e-m+fp/hard\libc_nano.a(libc_a-lock.o)
                0x0800d406                __retarget_lock_acquire_recursive
 .text.__retarget_lock_release_recursive
                0x0800d408        0x2 C:/ST/STM32CubeIDE_1.16.1/STM32CubeIDE/plugins/com.st.stm32cube.ide.mcu.externaltools.gnu-tools-for-stm32.12.3.rel1.win32_1.0.200.202406191623/tools/bin/../lib/gcc/arm-none-eabi/12.3.1/../../../../arm-none-eabi/lib/thumb/v7e-m+fp/hard\libc_nano.a(libc_a-lock.o)
                0x0800d408                __retarget_lock_release_recursive
 .text.memcpy   0x0800d40a       0x1c C:/ST/STM32CubeIDE_1.16.1/STM32CubeIDE/plugins/com.st.stm32cube.ide.mcu.externaltools.gnu-tools-for-stm32.12.3.rel1.win32_1.0.200.202406191623/tools/bin/../lib/gcc/arm-none-eabi/12.3.1/../../../../arm-none-eabi/lib/thumb/v7e-m+fp/hard\libc_nano.a(libc_a-memcpy-stub.o)
                0x0800d40a                memcpy
 *fill*         0x0800d426        0x2 
 .text.__assert_func
                0x0800d428       0x3c C:/ST/STM32CubeIDE_1.16.1/STM32CubeIDE/plugins/com.st.stm32cube.ide.mcu.externaltools.gnu-tools-for-stm32.12.3.rel1.win32_1.0.200.202406191623/tools/bin/../lib/gcc/arm-none-eabi/12.3.1/../../../../arm-none-eabi/lib/thumb/v7e-m+fp/hard\libc_nano.a(libc_a-assert.o)
                0x0800d428                __assert_func
 .text._free_r  0x0800d464       0x94 C:/ST/STM32CubeIDE_1.16.1/STM32CubeIDE/plugins/com.st.stm32cube.ide.mcu.externaltools.gnu-tools-for-stm32.12.3.rel1.win32_1.0.200.202406191623/tools/bin/../lib/gcc/arm-none-eabi/12.3.1/../../../../arm-none-eabi/lib/thumb/v7e-m+fp/hard\libc_nano.a(libc_a-freer.o)
                0x0800d464                _free_r
 .text.malloc   0x0800d4f8       0x10 C:/ST/STM32CubeIDE_1.16.1/STM32CubeIDE/plugins/com.st.stm32cube.ide.mcu.externaltools.gnu-tools-for-stm32.12.3.rel1.win32_1.0.200.202406191623/tools/bin/../lib/gcc/arm-none-eabi/12.3.1/../../../../arm-none-eabi/lib/thumb/v7e-m+fp/hard\libc_nano.a(libc_a-malloc.o)
                0x0800d4f8                malloc
 .text.sbrk_aligned
                0x0800d508       0x44 C:/ST/STM32CubeIDE_1.16.1/STM32CubeIDE/plugins/com.st.stm32cube.ide.mcu.externaltools.gnu-tools-for-stm32.12.3.rel1.win32_1.0.200.202406191623/tools/bin/../lib/gcc/arm-none-eabi/12.3.1/../../../../arm-none-eabi/lib/thumb/v7e-m+fp/hard\libc_nano.a(libc_a-mallocr.o)
 .text._malloc_r
                0x0800d54c      0x100 C:/ST/STM32CubeIDE_1.16.1/STM32CubeIDE/plugins/com.st.stm32cube.ide.mcu.externaltools.gnu-tools-for-stm32.12.3.rel1.win32_1.0.200.202406191623/tools/bin/../lib/gcc/arm-none-eabi/12.3.1/../../../../arm-none-eabi/lib/thumb/v7e-m+fp/hard\libc_nano.a(libc_a-mallocr.o)
                0x0800d54c                _malloc_r
 .text.__malloc_lock
                0x0800d64c        0xc C:/ST/STM32CubeIDE_1.16.1/STM32CubeIDE/plugins/com.st.stm32cube.ide.mcu.externaltools.gnu-tools-for-stm32.12.3.rel1.win32_1.0.200.202406191623/tools/bin/../lib/gcc/arm-none-eabi/12.3.1/../../../../arm-none-eabi/lib/thumb/v7e-m+fp/hard\libc_nano.a(libc_a-mlock.o)
                0x0800d64c                __malloc_lock
 .text.__malloc_unlock
                0x0800d658        0xc C:/ST/STM32CubeIDE_1.16.1/STM32CubeIDE/plugins/com.st.stm32cube.ide.mcu.externaltools.gnu-tools-for-stm32.12.3.rel1.win32_1.0.200.202406191623/tools/bin/../lib/gcc/arm-none-eabi/12.3.1/../../../../arm-none-eabi/lib/thumb/v7e-m+fp/hard\libc_nano.a(libc_a-mlock.o)
                0x0800d658                __malloc_unlock
 .text._printf_common
                0x0800d664       0xda C:/ST/STM32CubeIDE_1.16.1/STM32CubeIDE/plugins/com.st.stm32cube.ide.mcu.externaltools.gnu-tools-for-stm32.12.3.rel1.win32_1.0.200.202406191623/tools/bin/../lib/gcc/arm-none-eabi/12.3.1/../../../../arm-none-eabi/lib/thumb/v7e-m+fp/hard\libc_nano.a(libc_a-nano-vfprintf_i.o)
                0x0800d664                _printf_common
 *fill*         0x0800d73e        0x2 
 .text._printf_i
                0x0800d740      0x240 C:/ST/STM32CubeIDE_1.16.1/STM32CubeIDE/plugins/com.st.stm32cube.ide.mcu.externaltools.gnu-tools-for-stm32.12.3.rel1.win32_1.0.200.202406191623/tools/bin/../lib/gcc/arm-none-eabi/12.3.1/../../../../arm-none-eabi/lib/thumb/v7e-m+fp/hard\libc_nano.a(libc_a-nano-vfprintf_i.o)
                0x0800d740                _printf_i
 .text.__sflush_r
                0x0800d980      0x108 C:/ST/STM32CubeIDE_1.16.1/STM32CubeIDE/plugins/com.st.stm32cube.ide.mcu.externaltools.gnu-tools-for-stm32.12.3.rel1.win32_1.0.200.202406191623/tools/bin/../lib/gcc/arm-none-eabi/12.3.1/../../../../arm-none-eabi/lib/thumb/v7e-m+fp/hard\libc_nano.a(libc_a-fflush.o)
                0x0800d980                __sflush_r
 .text._fflush_r
                0x0800da88       0x50 C:/ST/STM32CubeIDE_1.16.1/STM32CubeIDE/plugins/com.st.stm32cube.ide.mcu.externaltools.gnu-tools-for-stm32.12.3.rel1.win32_1.0.200.202406191623/tools/bin/../lib/gcc/arm-none-eabi/12.3.1/../../../../arm-none-eabi/lib/thumb/v7e-m+fp/hard\libc_nano.a(libc_a-fflush.o)
                0x0800da88                _fflush_r
 .text.fprintf  0x0800dad8       0x24 C:/ST/STM32CubeIDE_1.16.1/STM32CubeIDE/plugins/com.st.stm32cube.ide.mcu.externaltools.gnu-tools-for-stm32.12.3.rel1.win32_1.0.200.202406191623/tools/bin/../lib/gcc/arm-none-eabi/12.3.1/../../../../arm-none-eabi/lib/thumb/v7e-m+fp/hard\libc_nano.a(libc_a-fprintf.o)
                0x0800dad8                fiprintf
                0x0800dad8                fprintf
 .text._sbrk_r  0x0800dafc       0x20 C:/ST/STM32CubeIDE_1.16.1/STM32CubeIDE/plugins/com.st.stm32cube.ide.mcu.externaltools.gnu-tools-for-stm32.12.3.rel1.win32_1.0.200.202406191623/tools/bin/../lib/gcc/arm-none-eabi/12.3.1/../../../../arm-none-eabi/lib/thumb/v7e-m+fp/hard\libc_nano.a(libc_a-sbrkr.o)
                0x0800dafc                _sbrk_r
 .text.abort    0x0800db1c        0xe C:/ST/STM32CubeIDE_1.16.1/STM32CubeIDE/plugins/com.st.stm32cube.ide.mcu.externaltools.gnu-tools-for-stm32.12.3.rel1.win32_1.0.200.202406191623/tools/bin/../lib/gcc/arm-none-eabi/12.3.1/../../../../arm-none-eabi/lib/thumb/v7e-m+fp/hard\libc_nano.a(libc_a-abort.o)
                0x0800db1c                abort
 .text.__sfputc_r
                0x0800db2a       0x2e C:/ST/STM32CubeIDE_1.16.1/STM32CubeIDE/plugins/com.st.stm32cube.ide.mcu.externaltools.gnu-tools-for-stm32.12.3.rel1.win32_1.0.200.202406191623/tools/bin/../lib/gcc/arm-none-eabi/12.3.1/../../../../arm-none-eabi/lib/thumb/v7e-m+fp/hard\libc_nano.a(libc_a-nano-vfprintf.o)
 .text.__sfputs_r
                0x0800db58       0x24 C:/ST/STM32CubeIDE_1.16.1/STM32CubeIDE/plugins/com.st.stm32cube.ide.mcu.externaltools.gnu-tools-for-stm32.12.3.rel1.win32_1.0.200.202406191623/tools/bin/../lib/gcc/arm-none-eabi/12.3.1/../../../../arm-none-eabi/lib/thumb/v7e-m+fp/hard\libc_nano.a(libc_a-nano-vfprintf.o)
                0x0800db58                __sfputs_r
 .text._vfprintf_r
                0x0800db7c      0x230 C:/ST/STM32CubeIDE_1.16.1/STM32CubeIDE/plugins/com.st.stm32cube.ide.mcu.externaltools.gnu-tools-for-stm32.12.3.rel1.win32_1.0.200.202406191623/tools/bin/../lib/gcc/arm-none-eabi/12.3.1/../../../../arm-none-eabi/lib/thumb/v7e-m+fp/hard\libc_nano.a(libc_a-nano-vfprintf.o)
                0x0800db7c                _vfprintf_r
                0x0800db7c                _vfiprintf_r
 .text.__swbuf_r
                0x0800ddac       0x7c C:/ST/STM32CubeIDE_1.16.1/STM32CubeIDE/plugins/com.st.stm32cube.ide.mcu.externaltools.gnu-tools-for-stm32.12.3.rel1.win32_1.0.200.202406191623/tools/bin/../lib/gcc/arm-none-eabi/12.3.1/../../../../arm-none-eabi/lib/thumb/v7e-m+fp/hard\libc_nano.a(libc_a-wbuf.o)
                0x0800ddac                __swbuf_r
 .text.__swsetup_r
                0x0800de28       0xac C:/ST/STM32CubeIDE_1.16.1/STM32CubeIDE/plugins/com.st.stm32cube.ide.mcu.externaltools.gnu-tools-for-stm32.12.3.rel1.win32_1.0.200.202406191623/tools/bin/../lib/gcc/arm-none-eabi/12.3.1/../../../../arm-none-eabi/lib/thumb/v7e-m+fp/hard\libc_nano.a(libc_a-wsetup.o)
                0x0800de28                __swsetup_r
 .text._raise_r
                0x0800ded4       0x50 C:/ST/STM32CubeIDE_1.16.1/STM32CubeIDE/plugins/com.st.stm32cube.ide.mcu.externaltools.gnu-tools-for-stm32.12.3.rel1.win32_1.0.200.202406191623/tools/bin/../lib/gcc/arm-none-eabi/12.3.1/../../../../arm-none-eabi/lib/thumb/v7e-m+fp/hard\libc_nano.a(libc_a-signal.o)
                0x0800ded4                _raise_r
 .text.raise    0x0800df24       0x10 C:/ST/STM32CubeIDE_1.16.1/STM32CubeIDE/plugins/com.st.stm32cube.ide.mcu.externaltools.gnu-tools-for-stm32.12.3.rel1.win32_1.0.200.202406191623/tools/bin/../lib/gcc/arm-none-eabi/12.3.1/../../../../arm-none-eabi/lib/thumb/v7e-m+fp/hard\libc_nano.a(libc_a-signal.o)
                0x0800df24                raise
 .text._kill_r  0x0800df34       0x24 C:/ST/STM32CubeIDE_1.16.1/STM32CubeIDE/plugins/com.st.stm32cube.ide.mcu.externaltools.gnu-tools-for-stm32.12.3.rel1.win32_1.0.200.202406191623/tools/bin/../lib/gcc/arm-none-eabi/12.3.1/../../../../arm-none-eabi/lib/thumb/v7e-m+fp/hard\libc_nano.a(libc_a-signalr.o)
                0x0800df34                _kill_r
 .text._getpid_r
                0x0800df58        0x4 C:/ST/STM32CubeIDE_1.16.1/STM32CubeIDE/plugins/com.st.stm32cube.ide.mcu.externaltools.gnu-tools-for-stm32.12.3.rel1.win32_1.0.200.202406191623/tools/bin/../lib/gcc/arm-none-eabi/12.3.1/../../../../arm-none-eabi/lib/thumb/v7e-m+fp/hard\libc_nano.a(libc_a-signalr.o)
                0x0800df58                _getpid_r
 .text.__swhatbuf_r
                0x0800df5c       0x4c C:/ST/STM32CubeIDE_1.16.1/STM32CubeIDE/plugins/com.st.stm32cube.ide.mcu.externaltools.gnu-tools-for-stm32.12.3.rel1.win32_1.0.200.202406191623/tools/bin/../lib/gcc/arm-none-eabi/12.3.1/../../../../arm-none-eabi/lib/thumb/v7e-m+fp/hard\libc_nano.a(libc_a-makebuf.o)
                0x0800df5c                __swhatbuf_r
 .text.__smakebuf_r
                0x0800dfa8       0x78 C:/ST/STM32CubeIDE_1.16.1/STM32CubeIDE/plugins/com.st.stm32cube.ide.mcu.externaltools.gnu-tools-for-stm32.12.3.rel1.win32_1.0.200.202406191623/tools/bin/../lib/gcc/arm-none-eabi/12.3.1/../../../../arm-none-eabi/lib/thumb/v7e-m+fp/hard\libc_nano.a(libc_a-makebuf.o)
                0x0800dfa8                __smakebuf_r
 .text._fstat_r
                0x0800e020       0x24 C:/ST/STM32CubeIDE_1.16.1/STM32CubeIDE/plugins/com.st.stm32cube.ide.mcu.externaltools.gnu-tools-for-stm32.12.3.rel1.win32_1.0.200.202406191623/tools/bin/../lib/gcc/arm-none-eabi/12.3.1/../../../../arm-none-eabi/lib/thumb/v7e-m+fp/hard\libc_nano.a(libc_a-fstatr.o)
                0x0800e020                _fstat_r
 .text._isatty_r
                0x0800e044       0x20 C:/ST/STM32CubeIDE_1.16.1/STM32CubeIDE/plugins/com.st.stm32cube.ide.mcu.externaltools.gnu-tools-for-stm32.12.3.rel1.win32_1.0.200.202406191623/tools/bin/../lib/gcc/arm-none-eabi/12.3.1/../../../../arm-none-eabi/lib/thumb/v7e-m+fp/hard\libc_nano.a(libc_a-isattyr.o)
                0x0800e044                _isatty_r
 *(.glue_7)
 .glue_7        0x0800e064        0x0 linker stubs
 *(.glue_7t)
 .glue_7t       0x0800e064        0x0 linker stubs
 *(.eh_frame)
 .eh_frame      0x0800e064        0x0 C:/ST/STM32CubeIDE_1.16.1/STM32CubeIDE/plugins/com.st.stm32cube.ide.mcu.externaltools.gnu-tools-for-stm32.12.3.rel1.win32_1.0.200.202406191623/tools/bin/../lib/gcc/arm-none-eabi/12.3.1/thumb/v7e-m+fp/hard/crtbegin.o
 *(.init)
 .init          0x0800e064        0x4 C:/ST/STM32CubeIDE_1.16.1/STM32CubeIDE/plugins/com.st.stm32cube.ide.mcu.externaltools.gnu-tools-for-stm32.12.3.rel1.win32_1.0.200.202406191623/tools/bin/../lib/gcc/arm-none-eabi/12.3.1/thumb/v7e-m+fp/hard/crti.o
                0x0800e064                _init
 .init          0x0800e068        0x8 C:/ST/STM32CubeIDE_1.16.1/STM32CubeIDE/plugins/com.st.stm32cube.ide.mcu.externaltools.gnu-tools-for-stm32.12.3.rel1.win32_1.0.200.202406191623/tools/bin/../lib/gcc/arm-none-eabi/12.3.1/thumb/v7e-m+fp/hard/crtn.o
 *(.fini)
 .fini          0x0800e070        0x4 C:/ST/STM32CubeIDE_1.16.1/STM32CubeIDE/plugins/com.st.stm32cube.ide.mcu.externaltools.gnu-tools-for-stm32.12.3.rel1.win32_1.0.200.202406191623/tools/bin/../lib/gcc/arm-none-eabi/12.3.1/thumb/v7e-m+fp/hard/crti.o
                0x0800e070                _fini
 .fini          0x0800e074        0x8 C:/ST/STM32CubeIDE_1.16.1/STM32CubeIDE/plugins/com.st.stm32cube.ide.mcu.externaltools.gnu-tools-for-stm32.12.3.rel1.win32_1.0.200.202406191623/tools/bin/../lib/gcc/arm-none-eabi/12.3.1/thumb/v7e-m+fp/hard/crtn.o
                0x0800e07c                        . = ALIGN (0x4)
                0x0800e07c                        _etext = .

.vfp11_veneer   0x0800e07c        0x0
 .vfp11_veneer  0x0800e07c        0x0 linker stubs

.v4_bx          0x0800e07c        0x0
 .v4_bx         0x0800e07c        0x0 linker stubs

.iplt           0x0800e07c        0x0
 .iplt          0x0800e07c        0x0 C:/ST/STM32CubeIDE_1.16.1/STM32CubeIDE/plugins/com.st.stm32cube.ide.mcu.externaltools.gnu-tools-for-stm32.12.3.rel1.win32_1.0.200.202406191623/tools/bin/../lib/gcc/arm-none-eabi/12.3.1/thumb/v7e-m+fp/hard/crtbegin.o

.rodata         0x0800e07c    0x6fb78
                0x0800e07c                        . = ALIGN (0x4)
 *(.rodata)
 .rodata        0x0800e07c      0x329 ./Core/Src/display.o
 *(.rodata*)
 *fill*         0x0800e3a5        0x3 
 .rodata.NewBonusBackground_Sized
                0x0800e3a8    0x1f400 ./Core/Src/pattern.o
                0x0800e3a8                NewBonusBackground_Sized
 .rodata.Small_Top_Black_198x360
                0x0802d7a8    0x11670 ./Core/Src/pattern.o
                0x0802d7a8                Small_Top_Black_198x360
 .rodata.DoubleTopLogo_Gold
                0x0803ee18    0x167e3 ./Core/Src/pattern.o
                0x0803ee18                DoubleTopLogo_Gold
 *fill*         0x080555fb        0x1 
 .rodata.NewTOP
                0x080555fc    0x1ef00 ./Core/Src/pattern.o
                0x080555fc                NewTOP
 .rodata.DoubleTop_Mono
                0x080744fc     0x9600 ./Core/Src/pattern.o
                0x080744fc                DoubleTop_Mono
 .rodata.AHBPrescTable
                0x0807dafc       0x10 ./Core/Src/system_stm32f4xx.o
                0x0807dafc                AHBPrescTable
 .rodata.APBPrescTable
                0x0807db0c        0x8 ./Core/Src/system_stm32f4xx.o
                0x0807db0c                APBPrescTable
 .rodata.srand.str1.1
                0x0807db14       0x6f C:/ST/STM32CubeIDE_1.16.1/STM32CubeIDE/plugins/com.st.stm32cube.ide.mcu.externaltools.gnu-tools-for-stm32.12.3.rel1.win32_1.0.200.202406191623/tools/bin/../lib/gcc/arm-none-eabi/12.3.1/../../../../arm-none-eabi/lib/thumb/v7e-m+fp/hard\libc_nano.a(libc_a-rand.o)
 .rodata.__assert_func.str1.1
                0x0807db83       0x3c C:/ST/STM32CubeIDE_1.16.1/STM32CubeIDE/plugins/com.st.stm32cube.ide.mcu.externaltools.gnu-tools-for-stm32.12.3.rel1.win32_1.0.200.202406191623/tools/bin/../lib/gcc/arm-none-eabi/12.3.1/../../../../arm-none-eabi/lib/thumb/v7e-m+fp/hard\libc_nano.a(libc_a-assert.o)
                                 0x3d (size before relaxing)
 .rodata._printf_i.str1.1
                0x0807dbbf       0x22 C:/ST/STM32CubeIDE_1.16.1/STM32CubeIDE/plugins/com.st.stm32cube.ide.mcu.externaltools.gnu-tools-for-stm32.12.3.rel1.win32_1.0.200.202406191623/tools/bin/../lib/gcc/arm-none-eabi/12.3.1/../../../../arm-none-eabi/lib/thumb/v7e-m+fp/hard\libc_nano.a(libc_a-nano-vfprintf_i.o)
 .rodata._vfprintf_r.str1.1
                0x0807dbe1       0x11 C:/ST/STM32CubeIDE_1.16.1/STM32CubeIDE/plugins/com.st.stm32cube.ide.mcu.externaltools.gnu-tools-for-stm32.12.3.rel1.win32_1.0.200.202406191623/tools/bin/../lib/gcc/arm-none-eabi/12.3.1/../../../../arm-none-eabi/lib/thumb/v7e-m+fp/hard\libc_nano.a(libc_a-nano-vfprintf.o)
                0x0807dbf4                        . = ALIGN (0x4)
 *fill*         0x0807dbf2        0x2 

.ARM.extab      0x0807dbf4        0x0
                0x0807dbf4                        . = ALIGN (0x4)
 *(.ARM.extab* .gnu.linkonce.armextab.*)
                0x0807dbf4                        . = ALIGN (0x4)

.ARM            0x0807dbf4        0x8
                0x0807dbf4                        . = ALIGN (0x4)
                0x0807dbf4                        __exidx_start = .
 *(.ARM.exidx*)
 .ARM.exidx     0x0807dbf4        0x8 C:/ST/STM32CubeIDE_1.16.1/STM32CubeIDE/plugins/com.st.stm32cube.ide.mcu.externaltools.gnu-tools-for-stm32.12.3.rel1.win32_1.0.200.202406191623/tools/bin/../lib/gcc/arm-none-eabi/12.3.1/../../../../arm-none-eabi/lib/thumb/v7e-m+fp/hard\libc_nano.a(libc_a-memchr.o)
 .ARM.exidx     0x0807dbfc        0x0 C:/ST/STM32CubeIDE_1.16.1/STM32CubeIDE/plugins/com.st.stm32cube.ide.mcu.externaltools.gnu-tools-for-stm32.12.3.rel1.win32_1.0.200.202406191623/tools/bin/../lib/gcc/arm-none-eabi/12.3.1/thumb/v7e-m+fp/hard\libgcc.a(_udivmoddi4.o)
                                  0x8 (size before relaxing)
                0x0807dbfc                        __exidx_end = .
                0x0807dbfc                        . = ALIGN (0x4)

.rel.dyn        0x0807dbfc        0x0
 .rel.iplt      0x0807dbfc        0x0 C:/ST/STM32CubeIDE_1.16.1/STM32CubeIDE/plugins/com.st.stm32cube.ide.mcu.externaltools.gnu-tools-for-stm32.12.3.rel1.win32_1.0.200.202406191623/tools/bin/../lib/gcc/arm-none-eabi/12.3.1/thumb/v7e-m+fp/hard/crtbegin.o

.preinit_array  0x0807dbfc        0x0
                0x0807dbfc                        . = ALIGN (0x4)
                0x0807dbfc                        PROVIDE (__preinit_array_start = .)
 *(.preinit_array*)
                0x0807dbfc                        PROVIDE (__preinit_array_end = .)
                0x0807dbfc                        . = ALIGN (0x4)

.init_array     0x0807dbfc        0x4
                0x0807dbfc                        . = ALIGN (0x4)
                0x0807dbfc                        PROVIDE (__init_array_start = .)
 *(SORT_BY_NAME(.init_array.*))
 *(.init_array*)
 .init_array    0x0807dbfc        0x4 C:/ST/STM32CubeIDE_1.16.1/STM32CubeIDE/plugins/com.st.stm32cube.ide.mcu.externaltools.gnu-tools-for-stm32.12.3.rel1.win32_1.0.200.202406191623/tools/bin/../lib/gcc/arm-none-eabi/12.3.1/thumb/v7e-m+fp/hard/crtbegin.o
                0x0807dc00                        PROVIDE (__init_array_end = .)
                0x0807dc00                        . = ALIGN (0x4)

.fini_array     0x0807dc00        0x4
                0x0807dc00                        . = ALIGN (0x4)
                [!provide]                        PROVIDE (__fini_array_start = .)
 *(SORT_BY_NAME(.fini_array.*))
 *(.fini_array*)
 .fini_array    0x0807dc00        0x4 C:/ST/STM32CubeIDE_1.16.1/STM32CubeIDE/plugins/com.st.stm32cube.ide.mcu.externaltools.gnu-tools-for-stm32.12.3.rel1.win32_1.0.200.202406191623/tools/bin/../lib/gcc/arm-none-eabi/12.3.1/thumb/v7e-m+fp/hard/crtbegin.o
                [!provide]                        PROVIDE (__fini_array_end = .)
                0x0807dc04                        . = ALIGN (0x4)
                0x0807dc04                        _sidata = LOADADDR (.data)

.data           0x20000000       0x84 load address 0x0807dc04
                0x20000000                        . = ALIGN (0x4)
                0x20000000                        _sdata = .
 *(.data)
 *(.data*)
 .data.fullcolor
                0x20000000        0x1 ./Core/Src/commands.o
                0x20000000                fullcolor
 *fill*         0x20000001        0x3 
 .data.colors   0x20000004       0x18 ./Core/Src/display.o
                0x20000004                colors
 .data.SystemCoreClock
                0x2000001c        0x4 ./Core/Src/system_stm32f4xx.o
                0x2000001c                SystemCoreClock
 .data.uwTickPrio
                0x20000020        0x4 ./Drivers/STM32F4xx_HAL_Driver/Src/stm32f4xx_hal.o
                0x20000020                uwTickPrio
 .data.uwTickFreq
                0x20000024        0x1 ./Drivers/STM32F4xx_HAL_Driver/Src/stm32f4xx_hal.o
                0x20000024                uwTickFreq
 *fill*         0x20000025        0x3 
 .data.__sglue  0x20000028        0xc C:/ST/STM32CubeIDE_1.16.1/STM32CubeIDE/plugins/com.st.stm32cube.ide.mcu.externaltools.gnu-tools-for-stm32.12.3.rel1.win32_1.0.200.202406191623/tools/bin/../lib/gcc/arm-none-eabi/12.3.1/../../../../arm-none-eabi/lib/thumb/v7e-m+fp/hard\libc_nano.a(libc_a-findfp.o)
                0x20000028                __sglue
 .data._impure_ptr
                0x20000034        0x4 C:/ST/STM32CubeIDE_1.16.1/STM32CubeIDE/plugins/com.st.stm32cube.ide.mcu.externaltools.gnu-tools-for-stm32.12.3.rel1.win32_1.0.200.202406191623/tools/bin/../lib/gcc/arm-none-eabi/12.3.1/../../../../arm-none-eabi/lib/thumb/v7e-m+fp/hard\libc_nano.a(libc_a-impure.o)
                0x20000034                _impure_ptr
 .data._impure_data
                0x20000038       0x4c C:/ST/STM32CubeIDE_1.16.1/STM32CubeIDE/plugins/com.st.stm32cube.ide.mcu.externaltools.gnu-tools-for-stm32.12.3.rel1.win32_1.0.200.202406191623/tools/bin/../lib/gcc/arm-none-eabi/12.3.1/../../../../arm-none-eabi/lib/thumb/v7e-m+fp/hard\libc_nano.a(libc_a-impure.o)
                0x20000038                _impure_data
 *(.RamFunc)
 *(.RamFunc*)
                0x20000084                        . = ALIGN (0x4)
                0x20000084                        _edata = .

.igot.plt       0x20000084        0x0 load address 0x0807dc88
 .igot.plt      0x20000084        0x0 C:/ST/STM32CubeIDE_1.16.1/STM32CubeIDE/plugins/com.st.stm32cube.ide.mcu.externaltools.gnu-tools-for-stm32.12.3.rel1.win32_1.0.200.202406191623/tools/bin/../lib/gcc/arm-none-eabi/12.3.1/thumb/v7e-m+fp/hard/crtbegin.o
                0x20000084                        . = ALIGN (0x4)

.bss            0x20000084      0x9e0 load address 0x0807dc88
                0x20000084                        _sbss = .
                0x20000084                        __bss_start__ = _sbss
 *(.bss)
 .bss           0x20000084       0x1c C:/ST/STM32CubeIDE_1.16.1/STM32CubeIDE/plugins/com.st.stm32cube.ide.mcu.externaltools.gnu-tools-for-stm32.12.3.rel1.win32_1.0.200.202406191623/tools/bin/../lib/gcc/arm-none-eabi/12.3.1/thumb/v7e-m+fp/hard/crtbegin.o
 *(.bss*)
 .bss.aRxBuffer
                0x200000a0      0x200 ./Core/Src/commands.o
                0x200000a0                aRxBuffer
 .bss.mainBuffer
                0x200002a0      0x200 ./Core/Src/commands.o
                0x200002a0                mainBuffer
 .bss.aTxBuffer
                0x200004a0      0x200 ./Core/Src/commands.o
                0x200004a0                aTxBuffer
 .bss.displayText
                0x200006a0      0x100 ./Core/Src/commands.o
                0x200006a0                displayText
 .bss.screen0x00Text
                0x200007a0       0x28 ./Core/Src/commands.o
                0x200007a0                screen0x00Text
 .bss.screen0x01Text
                0x200007c8       0x28 ./Core/Src/commands.o
                0x200007c8                screen0x01Text
 .bss.offerText
                0x200007f0        0x6 ./Core/Src/commands.o
                0x200007f0                offerText
 *fill*         0x200007f6        0x2 
 .bss.offerMultiplied
                0x200007f8        0x6 ./Core/Src/commands.o
                0x200007f8                offerMultiplied
 *fill*         0x200007fe        0x2 
 .bss.offerLeftText
                0x20000800        0x2 ./Core/Src/commands.o
                0x20000800                offerLeftText
 .bss.currentTask
                0x20000802        0x1 ./Core/Src/commands.o
                0x20000802                currentTask
 .bss.rxState   0x20000803        0x1 ./Core/Src/commands.o
                0x20000803                rxState
 .bss.cmd       0x20000804        0x1 ./Core/Src/commands.o
                0x20000804                cmd
 .bss.len       0x20000805        0x1 ./Core/Src/commands.o
                0x20000805                len
 .bss.initping  0x20000806        0x1 ./Core/Src/commands.o
                0x20000806                initping
 .bss.mtflag    0x20000807        0x1 ./Core/Src/commands.o
                0x20000807                mtflag
 .bss.currentIndex
                0x20000808        0x1 ./Core/Src/commands.o
                0x20000808                currentIndex
 *fill*         0x20000809        0x3 
 .bss.multiIndex
                0x2000080c        0x2 ./Core/Src/commands.o
                0x2000080c                multiIndex
 *fill*         0x2000080e        0x2 
 .bss.multiTime
                0x20000810        0x4 ./Core/Src/commands.o
                0x20000810                multiTime
 .bss.multiLength
                0x20000814        0x8 ./Core/Src/commands.o
                0x20000814                multiLength
 .bss.idleTime  0x2000081c        0x4 ./Core/Src/commands.o
                0x2000081c                idleTime
 .bss.rxidlecnt
                0x20000820        0x1 ./Core/Src/commands.o
                0x20000820                rxidlecnt
 *fill*         0x20000821        0x3 
 .bss.hspi2     0x20000824       0x58 ./Core/Src/main.o
                0x20000824                hspi2
 .bss.huart2    0x2000087c       0x48 ./Core/Src/main.o
                0x2000087c                huart2
 .bss.huart3    0x200008c4       0x48 ./Core/Src/main.o
                0x200008c4                huart3
 .bss.timeCount
                0x2000090c        0x4 ./Core/Src/stm32f4xx_it.o
                0x2000090c                timeCount
 .bss.__sbrk_heap_end
                0x20000910        0x4 ./Core/Src/sysmem.o
 .bss.uwTick    0x20000914        0x4 ./Drivers/STM32F4xx_HAL_Driver/Src/stm32f4xx_hal.o
                0x20000914                uwTick
 .bss.__sf      0x20000918      0x138 C:/ST/STM32CubeIDE_1.16.1/STM32CubeIDE/plugins/com.st.stm32cube.ide.mcu.externaltools.gnu-tools-for-stm32.12.3.rel1.win32_1.0.200.202406191623/tools/bin/../lib/gcc/arm-none-eabi/12.3.1/../../../../arm-none-eabi/lib/thumb/v7e-m+fp/hard\libc_nano.a(libc_a-findfp.o)
                0x20000918                __sf
 .bss.__stdio_exit_handler
                0x20000a50        0x4 C:/ST/STM32CubeIDE_1.16.1/STM32CubeIDE/plugins/com.st.stm32cube.ide.mcu.externaltools.gnu-tools-for-stm32.12.3.rel1.win32_1.0.200.202406191623/tools/bin/../lib/gcc/arm-none-eabi/12.3.1/../../../../arm-none-eabi/lib/thumb/v7e-m+fp/hard\libc_nano.a(libc_a-findfp.o)
                0x20000a50                __stdio_exit_handler
 .bss.errno     0x20000a54        0x4 C:/ST/STM32CubeIDE_1.16.1/STM32CubeIDE/plugins/com.st.stm32cube.ide.mcu.externaltools.gnu-tools-for-stm32.12.3.rel1.win32_1.0.200.202406191623/tools/bin/../lib/gcc/arm-none-eabi/12.3.1/../../../../arm-none-eabi/lib/thumb/v7e-m+fp/hard\libc_nano.a(libc_a-reent.o)
                0x20000a54                errno
 .bss.__lock___malloc_recursive_mutex
                0x20000a58        0x1 C:/ST/STM32CubeIDE_1.16.1/STM32CubeIDE/plugins/com.st.stm32cube.ide.mcu.externaltools.gnu-tools-for-stm32.12.3.rel1.win32_1.0.200.202406191623/tools/bin/../lib/gcc/arm-none-eabi/12.3.1/../../../../arm-none-eabi/lib/thumb/v7e-m+fp/hard\libc_nano.a(libc_a-lock.o)
                0x20000a58                __lock___malloc_recursive_mutex
 .bss.__lock___sfp_recursive_mutex
                0x20000a59        0x1 C:/ST/STM32CubeIDE_1.16.1/STM32CubeIDE/plugins/com.st.stm32cube.ide.mcu.externaltools.gnu-tools-for-stm32.12.3.rel1.win32_1.0.200.202406191623/tools/bin/../lib/gcc/arm-none-eabi/12.3.1/../../../../arm-none-eabi/lib/thumb/v7e-m+fp/hard\libc_nano.a(libc_a-lock.o)
                0x20000a59                __lock___sfp_recursive_mutex
 *fill*         0x20000a5a        0x2 
 .bss.__malloc_sbrk_start
                0x20000a5c        0x4 C:/ST/STM32CubeIDE_1.16.1/STM32CubeIDE/plugins/com.st.stm32cube.ide.mcu.externaltools.gnu-tools-for-stm32.12.3.rel1.win32_1.0.200.202406191623/tools/bin/../lib/gcc/arm-none-eabi/12.3.1/../../../../arm-none-eabi/lib/thumb/v7e-m+fp/hard\libc_nano.a(libc_a-mallocr.o)
                0x20000a5c                __malloc_sbrk_start
 .bss.__malloc_free_list
                0x20000a60        0x4 C:/ST/STM32CubeIDE_1.16.1/STM32CubeIDE/plugins/com.st.stm32cube.ide.mcu.externaltools.gnu-tools-for-stm32.12.3.rel1.win32_1.0.200.202406191623/tools/bin/../lib/gcc/arm-none-eabi/12.3.1/../../../../arm-none-eabi/lib/thumb/v7e-m+fp/hard\libc_nano.a(libc_a-mallocr.o)
                0x20000a60                __malloc_free_list
 *(COMMON)
                0x20000a64                        . = ALIGN (0x4)
                0x20000a64                        _ebss = .
                0x20000a64                        __bss_end__ = _ebss

._user_heap_stack
                0x20000a64      0x604 load address 0x0807dc88
                0x20000a68                        . = ALIGN (0x8)
 *fill*         0x20000a64        0x4 
                [!provide]                        PROVIDE (end = .)
                0x20000a68                        PROVIDE (_end = .)
                0x20000c68                        . = (. + _Min_Heap_Size)
 *fill*         0x20000a68      0x200 
                0x20001068                        . = (. + _Min_Stack_Size)
 *fill*         0x20000c68      0x400 
                0x20001068                        . = ALIGN (0x8)

/DISCARD/
 libc.a(*)
 libm.a(*)
 libgcc.a(*)

.ARM.attributes
                0x00000000       0x30
 *(.ARM.attributes)
 .ARM.attributes
                0x00000000       0x22 C:/ST/STM32CubeIDE_1.16.1/STM32CubeIDE/plugins/com.st.stm32cube.ide.mcu.externaltools.gnu-tools-for-stm32.12.3.rel1.win32_1.0.200.202406191623/tools/bin/../lib/gcc/arm-none-eabi/12.3.1/thumb/v7e-m+fp/hard/crti.o
 .ARM.attributes
                0x00000022       0x34 C:/ST/STM32CubeIDE_1.16.1/STM32CubeIDE/plugins/com.st.stm32cube.ide.mcu.externaltools.gnu-tools-for-stm32.12.3.rel1.win32_1.0.200.202406191623/tools/bin/../lib/gcc/arm-none-eabi/12.3.1/thumb/v7e-m+fp/hard/crtbegin.o
 .ARM.attributes
                0x00000056       0x34 ./Core/Src/2828.o
 .ARM.attributes
                0x0000008a       0x34 ./Core/Src/RA8876.o
 .ARM.attributes
                0x000000be       0x34 ./Core/Src/commands.o
 .ARM.attributes
                0x000000f2       0x34 ./Core/Src/display.o
 .ARM.attributes
                0x00000126       0x34 ./Core/Src/main.o
 .ARM.attributes
                0x0000015a       0x34 ./Core/Src/pattern.o
 .ARM.attributes
                0x0000018e       0x34 ./Core/Src/stm32f4xx_hal_msp.o
 .ARM.attributes
                0x000001c2       0x34 ./Core/Src/stm32f4xx_it.o
 .ARM.attributes
                0x000001f6       0x34 ./Core/Src/syscalls.o
 .ARM.attributes
                0x0000022a       0x34 ./Core/Src/sysmem.o
 .ARM.attributes
                0x0000025e       0x34 ./Core/Src/system_stm32f4xx.o
 .ARM.attributes
                0x00000292       0x21 ./Core/Startup/startup_stm32f446retx.o
 .ARM.attributes
                0x000002b3       0x34 ./Drivers/STM32F4xx_HAL_Driver/Src/stm32f4xx_hal.o
 .ARM.attributes
                0x000002e7       0x34 ./Drivers/STM32F4xx_HAL_Driver/Src/stm32f4xx_hal_cortex.o
 .ARM.attributes
                0x0000031b       0x34 ./Drivers/STM32F4xx_HAL_Driver/Src/stm32f4xx_hal_dma.o
 .ARM.attributes
                0x0000034f       0x34 ./Drivers/STM32F4xx_HAL_Driver/Src/stm32f4xx_hal_gpio.o
 .ARM.attributes
                0x00000383       0x34 ./Drivers/STM32F4xx_HAL_Driver/Src/stm32f4xx_hal_pwr_ex.o
 .ARM.attributes
                0x000003b7       0x34 ./Drivers/STM32F4xx_HAL_Driver/Src/stm32f4xx_hal_rcc.o
 .ARM.attributes
                0x000003eb       0x34 ./Drivers/STM32F4xx_HAL_Driver/Src/stm32f4xx_hal_rcc_ex.o
 .ARM.attributes
                0x0000041f       0x34 ./Drivers/STM32F4xx_HAL_Driver/Src/stm32f4xx_hal_spi.o
 .ARM.attributes
                0x00000453       0x34 ./Drivers/STM32F4xx_HAL_Driver/Src/stm32f4xx_hal_uart.o
 .ARM.attributes
                0x00000487       0x34 C:/ST/STM32CubeIDE_1.16.1/STM32CubeIDE/plugins/com.st.stm32cube.ide.mcu.externaltools.gnu-tools-for-stm32.12.3.rel1.win32_1.0.200.202406191623/tools/bin/../lib/gcc/arm-none-eabi/12.3.1/../../../../arm-none-eabi/lib/thumb/v7e-m+fp/hard\libc_nano.a(libc_a-rand.o)
 .ARM.attributes
                0x000004bb       0x34 C:/ST/STM32CubeIDE_1.16.1/STM32CubeIDE/plugins/com.st.stm32cube.ide.mcu.externaltools.gnu-tools-for-stm32.12.3.rel1.win32_1.0.200.202406191623/tools/bin/../lib/gcc/arm-none-eabi/12.3.1/../../../../arm-none-eabi/lib/thumb/v7e-m+fp/hard\libc_nano.a(libc_a-findfp.o)
 .ARM.attributes
                0x000004ef       0x34 C:/ST/STM32CubeIDE_1.16.1/STM32CubeIDE/plugins/com.st.stm32cube.ide.mcu.externaltools.gnu-tools-for-stm32.12.3.rel1.win32_1.0.200.202406191623/tools/bin/../lib/gcc/arm-none-eabi/12.3.1/../../../../arm-none-eabi/lib/thumb/v7e-m+fp/hard\libc_nano.a(libc_a-fwalk.o)
 .ARM.attributes
                0x00000523       0x34 C:/ST/STM32CubeIDE_1.16.1/STM32CubeIDE/plugins/com.st.stm32cube.ide.mcu.externaltools.gnu-tools-for-stm32.12.3.rel1.win32_1.0.200.202406191623/tools/bin/../lib/gcc/arm-none-eabi/12.3.1/../../../../arm-none-eabi/lib/thumb/v7e-m+fp/hard\libc_nano.a(libc_a-stdio.o)
 .ARM.attributes
                0x00000557       0x34 C:/ST/STM32CubeIDE_1.16.1/STM32CubeIDE/plugins/com.st.stm32cube.ide.mcu.externaltools.gnu-tools-for-stm32.12.3.rel1.win32_1.0.200.202406191623/tools/bin/../lib/gcc/arm-none-eabi/12.3.1/../../../../arm-none-eabi/lib/thumb/v7e-m+fp/hard\libc_nano.a(libc_a-memset.o)
 .ARM.attributes
                0x0000058b       0x34 C:/ST/STM32CubeIDE_1.16.1/STM32CubeIDE/plugins/com.st.stm32cube.ide.mcu.externaltools.gnu-tools-for-stm32.12.3.rel1.win32_1.0.200.202406191623/tools/bin/../lib/gcc/arm-none-eabi/12.3.1/../../../../arm-none-eabi/lib/thumb/v7e-m+fp/hard\libc_nano.a(libc_a-closer.o)
 .ARM.attributes
                0x000005bf       0x34 C:/ST/STM32CubeIDE_1.16.1/STM32CubeIDE/plugins/com.st.stm32cube.ide.mcu.externaltools.gnu-tools-for-stm32.12.3.rel1.win32_1.0.200.202406191623/tools/bin/../lib/gcc/arm-none-eabi/12.3.1/../../../../arm-none-eabi/lib/thumb/v7e-m+fp/hard\libc_nano.a(libc_a-reent.o)
 .ARM.attributes
                0x000005f3       0x34 C:/ST/STM32CubeIDE_1.16.1/STM32CubeIDE/plugins/com.st.stm32cube.ide.mcu.externaltools.gnu-tools-for-stm32.12.3.rel1.win32_1.0.200.202406191623/tools/bin/../lib/gcc/arm-none-eabi/12.3.1/../../../../arm-none-eabi/lib/thumb/v7e-m+fp/hard\libc_nano.a(libc_a-impure.o)
 .ARM.attributes
                0x00000627       0x34 C:/ST/STM32CubeIDE_1.16.1/STM32CubeIDE/plugins/com.st.stm32cube.ide.mcu.externaltools.gnu-tools-for-stm32.12.3.rel1.win32_1.0.200.202406191623/tools/bin/../lib/gcc/arm-none-eabi/12.3.1/../../../../arm-none-eabi/lib/thumb/v7e-m+fp/hard\libc_nano.a(libc_a-lseekr.o)
 .ARM.attributes
                0x0000065b       0x34 C:/ST/STM32CubeIDE_1.16.1/STM32CubeIDE/plugins/com.st.stm32cube.ide.mcu.externaltools.gnu-tools-for-stm32.12.3.rel1.win32_1.0.200.202406191623/tools/bin/../lib/gcc/arm-none-eabi/12.3.1/../../../../arm-none-eabi/lib/thumb/v7e-m+fp/hard\libc_nano.a(libc_a-readr.o)
 .ARM.attributes
                0x0000068f       0x34 C:/ST/STM32CubeIDE_1.16.1/STM32CubeIDE/plugins/com.st.stm32cube.ide.mcu.externaltools.gnu-tools-for-stm32.12.3.rel1.win32_1.0.200.202406191623/tools/bin/../lib/gcc/arm-none-eabi/12.3.1/../../../../arm-none-eabi/lib/thumb/v7e-m+fp/hard\libc_nano.a(libc_a-writer.o)
 .ARM.attributes
                0x000006c3       0x34 C:/ST/STM32CubeIDE_1.16.1/STM32CubeIDE/plugins/com.st.stm32cube.ide.mcu.externaltools.gnu-tools-for-stm32.12.3.rel1.win32_1.0.200.202406191623/tools/bin/../lib/gcc/arm-none-eabi/12.3.1/../../../../arm-none-eabi/lib/thumb/v7e-m+fp/hard\libc_nano.a(libc_a-errno.o)
 .ARM.attributes
                0x000006f7       0x34 C:/ST/STM32CubeIDE_1.16.1/STM32CubeIDE/plugins/com.st.stm32cube.ide.mcu.externaltools.gnu-tools-for-stm32.12.3.rel1.win32_1.0.200.202406191623/tools/bin/../lib/gcc/arm-none-eabi/12.3.1/../../../../arm-none-eabi/lib/thumb/v7e-m+fp/hard\libc_nano.a(libc_a-init.o)
 .ARM.attributes
                0x0000072b       0x34 C:/ST/STM32CubeIDE_1.16.1/STM32CubeIDE/plugins/com.st.stm32cube.ide.mcu.externaltools.gnu-tools-for-stm32.12.3.rel1.win32_1.0.200.202406191623/tools/bin/../lib/gcc/arm-none-eabi/12.3.1/../../../../arm-none-eabi/lib/thumb/v7e-m+fp/hard\libc_nano.a(libc_a-lock.o)
 .ARM.attributes
                0x0000075f       0x34 C:/ST/STM32CubeIDE_1.16.1/STM32CubeIDE/plugins/com.st.stm32cube.ide.mcu.externaltools.gnu-tools-for-stm32.12.3.rel1.win32_1.0.200.202406191623/tools/bin/../lib/gcc/arm-none-eabi/12.3.1/../../../../arm-none-eabi/lib/thumb/v7e-m+fp/hard\libc_nano.a(libc_a-memcpy-stub.o)
 .ARM.attributes
                0x00000793       0x34 C:/ST/STM32CubeIDE_1.16.1/STM32CubeIDE/plugins/com.st.stm32cube.ide.mcu.externaltools.gnu-tools-for-stm32.12.3.rel1.win32_1.0.200.202406191623/tools/bin/../lib/gcc/arm-none-eabi/12.3.1/../../../../arm-none-eabi/lib/thumb/v7e-m+fp/hard\libc_nano.a(libc_a-assert.o)
 .ARM.attributes
                0x000007c7       0x34 C:/ST/STM32CubeIDE_1.16.1/STM32CubeIDE/plugins/com.st.stm32cube.ide.mcu.externaltools.gnu-tools-for-stm32.12.3.rel1.win32_1.0.200.202406191623/tools/bin/../lib/gcc/arm-none-eabi/12.3.1/../../../../arm-none-eabi/lib/thumb/v7e-m+fp/hard\libc_nano.a(libc_a-freer.o)
 .ARM.attributes
                0x000007fb       0x34 C:/ST/STM32CubeIDE_1.16.1/STM32CubeIDE/plugins/com.st.stm32cube.ide.mcu.externaltools.gnu-tools-for-stm32.12.3.rel1.win32_1.0.200.202406191623/tools/bin/../lib/gcc/arm-none-eabi/12.3.1/../../../../arm-none-eabi/lib/thumb/v7e-m+fp/hard\libc_nano.a(libc_a-malloc.o)
 .ARM.attributes
                0x0000082f       0x34 C:/ST/STM32CubeIDE_1.16.1/STM32CubeIDE/plugins/com.st.stm32cube.ide.mcu.externaltools.gnu-tools-for-stm32.12.3.rel1.win32_1.0.200.202406191623/tools/bin/../lib/gcc/arm-none-eabi/12.3.1/../../../../arm-none-eabi/lib/thumb/v7e-m+fp/hard\libc_nano.a(libc_a-mallocr.o)
 .ARM.attributes