../Core/Src/display.c:27:6:DaneFontTest	8	static
../Core/Src/display.c:70:6:debug	48	static
../Core/Src/display.c:92:6:screen0x00	8	static
../Core/Src/display.c:124:6:screen0x01	192	static
../Core/Src/display.c:281:6:screen0x02	32	static
../Core/Src/display.c:500:6:screen0x05	32	static
../Core/Src/display.c:582:6:screen0x06	8	static
../Core/Src/display.c:783:6:screen0x08	16	static
../Core/Src/display.c:1890:6:screen0x10	56	static
../Core/Src/display.c:2389:6:screen0x13	24	static
../Core/Src/display.c:3054:6:screen0x1C	32	static
../Core/Src/display.c:3372:6:screen0x1E	192	static
../Core/Src/display.c:3587:6:screen0x99	8	static
../Core/Src/display.c:3695:6:BTE_logo_disp	24	static
../Core/Src/display.c:413:6:screen0x03	16	static
../Core/Src/display.c:449:6:screen0x04	16	static
../Core/Src/display.c:3015:6:screen0x1B	16	static
../Core/Src/display.c:3534:6:screen0x1F	16	static
../Core/Src/display.c:3717:9:RandomColor_256	8	static
../Core/Src/display.c:593:6:screen0x07	152	static
../Core/Src/display.c:882:6:screen0x09	32	static
../Core/Src/display.c:1030:6:screen0x0a	32	static
../Core/Src/display.c:1174:6:screen0x0b	32	static
../Core/Src/display.c:1326:6:screen0x0c	32	static
../Core/Src/display.c:1470:6:screen0x0d	24	static
../Core/Src/display.c:1593:6:screen0x0e	24	static
../Core/Src/display.c:1707:6:screen0x0f	32	static
../Core/Src/display.c:2017:6:screen0x11	48	static
../Core/Src/display.c:2231:6:screen0x12	32	static
../Core/Src/display.c:2622:6:screen0x17	32	static
../Core/Src/display.c:2830:6:screen0x18	32	static
../Core/Src/display.c:3138:6:screen0x1D	136	static
../Core/Src/display.c:3615:6:WelcomeAnimation	16	static
../Core/Src/display.c:3726:10:RandomColor_65k	8	static
../Core/Src/display.c:3735:10:RandomColor_16M	0	static
../Core/Src/display.c:3741:6:preloadScreen	8	static
