Archive member included to satisfy reference by file (symbol)

C:/ST/STM32CubeIDE_1.14.0/STM32CubeIDE/plugins/com.st.stm32cube.ide.mcu.externaltools.gnu-tools-for-stm32.11.3.rel1.win32_1.1.100.202309141235/tools/bin/../lib/gcc/arm-none-eabi/11.3.1/../../../../arm-none-eabi/lib/thumb/v7e-m+fp/hard\libc_nano.a(libc_a-exit.o)
                              C:/ST/STM32CubeIDE_1.14.0/STM32CubeIDE/plugins/com.st.stm32cube.ide.mcu.externaltools.gnu-tools-for-stm32.11.3.rel1.win32_1.1.100.202309141235/tools/bin/../lib/gcc/arm-none-eabi/11.3.1/../../../../arm-none-eabi/lib/thumb/v7e-m+fp/hard/crt0.o (exit)
C:/ST/STM32CubeIDE_1.14.0/STM32CubeIDE/plugins/com.st.stm32cube.ide.mcu.externaltools.gnu-tools-for-stm32.11.3.rel1.win32_1.1.100.202309141235/tools/bin/../lib/gcc/arm-none-eabi/11.3.1/../../../../arm-none-eabi/lib/thumb/v7e-m+fp/hard\libc_nano.a(libc_a-rand.o)
                              ./Core/Src/display.o (srand)
C:/ST/STM32CubeIDE_1.14.0/STM32CubeIDE/plugins/com.st.stm32cube.ide.mcu.externaltools.gnu-tools-for-stm32.11.3.rel1.win32_1.1.100.202309141235/tools/bin/../lib/gcc/arm-none-eabi/11.3.1/../../../../arm-none-eabi/lib/thumb/v7e-m+fp/hard\libc_nano.a(libc_a-findfp.o)
                              C:/ST/STM32CubeIDE_1.14.0/STM32CubeIDE/plugins/com.st.stm32cube.ide.mcu.externaltools.gnu-tools-for-stm32.11.3.rel1.win32_1.1.100.202309141235/tools/bin/../lib/gcc/arm-none-eabi/11.3.1/../../../../arm-none-eabi/lib/thumb/v7e-m+fp/hard\libc_nano.a(libc_a-exit.o) (__stdio_exit_handler)
C:/ST/STM32CubeIDE_1.14.0/STM32CubeIDE/plugins/com.st.stm32cube.ide.mcu.externaltools.gnu-tools-for-stm32.11.3.rel1.win32_1.1.100.202309141235/tools/bin/../lib/gcc/arm-none-eabi/11.3.1/../../../../arm-none-eabi/lib/thumb/v7e-m+fp/hard\libc_nano.a(libc_a-fwalk.o)
                              C:/ST/STM32CubeIDE_1.14.0/STM32CubeIDE/plugins/com.st.stm32cube.ide.mcu.externaltools.gnu-tools-for-stm32.11.3.rel1.win32_1.1.100.202309141235/tools/bin/../lib/gcc/arm-none-eabi/11.3.1/../../../../arm-none-eabi/lib/thumb/v7e-m+fp/hard\libc_nano.a(libc_a-findfp.o) (_fwalk_sglue)
C:/ST/STM32CubeIDE_1.14.0/STM32CubeIDE/plugins/com.st.stm32cube.ide.mcu.externaltools.gnu-tools-for-stm32.11.3.rel1.win32_1.1.100.202309141235/tools/bin/../lib/gcc/arm-none-eabi/11.3.1/../../../../arm-none-eabi/lib/thumb/v7e-m+fp/hard\libc_nano.a(libc_a-sprintf.o)
                              ./Core/Src/display.o (sprintf)
C:/ST/STM32CubeIDE_1.14.0/STM32CubeIDE/plugins/com.st.stm32cube.ide.mcu.externaltools.gnu-tools-for-stm32.11.3.rel1.win32_1.1.100.202309141235/tools/bin/../lib/gcc/arm-none-eabi/11.3.1/../../../../arm-none-eabi/lib/thumb/v7e-m+fp/hard\libc_nano.a(libc_a-stdio.o)
                              C:/ST/STM32CubeIDE_1.14.0/STM32CubeIDE/plugins/com.st.stm32cube.ide.mcu.externaltools.gnu-tools-for-stm32.11.3.rel1.win32_1.1.100.202309141235/tools/bin/../lib/gcc/arm-none-eabi/11.3.1/../../../../arm-none-eabi/lib/thumb/v7e-m+fp/hard\libc_nano.a(libc_a-findfp.o) (__sread)
C:/ST/STM32CubeIDE_1.14.0/STM32CubeIDE/plugins/com.st.stm32cube.ide.mcu.externaltools.gnu-tools-for-stm32.11.3.rel1.win32_1.1.100.202309141235/tools/bin/../lib/gcc/arm-none-eabi/11.3.1/../../../../arm-none-eabi/lib/thumb/v7e-m+fp/hard\libc_nano.a(libc_a-memset.o)
                              C:/ST/STM32CubeIDE_1.14.0/STM32CubeIDE/plugins/com.st.stm32cube.ide.mcu.externaltools.gnu-tools-for-stm32.11.3.rel1.win32_1.1.100.202309141235/tools/bin/../lib/gcc/arm-none-eabi/11.3.1/../../../../arm-none-eabi/lib/thumb/v7e-m+fp/hard/crt0.o (memset)
C:/ST/STM32CubeIDE_1.14.0/STM32CubeIDE/plugins/com.st.stm32cube.ide.mcu.externaltools.gnu-tools-for-stm32.11.3.rel1.win32_1.1.100.202309141235/tools/bin/../lib/gcc/arm-none-eabi/11.3.1/../../../../arm-none-eabi/lib/thumb/v7e-m+fp/hard\libc_nano.a(libc_a-closer.o)
                              C:/ST/STM32CubeIDE_1.14.0/STM32CubeIDE/plugins/com.st.stm32cube.ide.mcu.externaltools.gnu-tools-for-stm32.11.3.rel1.win32_1.1.100.202309141235/tools/bin/../lib/gcc/arm-none-eabi/11.3.1/../../../../arm-none-eabi/lib/thumb/v7e-m+fp/hard\libc_nano.a(libc_a-stdio.o) (_close_r)
C:/ST/STM32CubeIDE_1.14.0/STM32CubeIDE/plugins/com.st.stm32cube.ide.mcu.externaltools.gnu-tools-for-stm32.11.3.rel1.win32_1.1.100.202309141235/tools/bin/../lib/gcc/arm-none-eabi/11.3.1/../../../../arm-none-eabi/lib/thumb/v7e-m+fp/hard\libc_nano.a(libc_a-reent.o)
                              C:/ST/STM32CubeIDE_1.14.0/STM32CubeIDE/plugins/com.st.stm32cube.ide.mcu.externaltools.gnu-tools-for-stm32.11.3.rel1.win32_1.1.100.202309141235/tools/bin/../lib/gcc/arm-none-eabi/11.3.1/../../../../arm-none-eabi/lib/thumb/v7e-m+fp/hard\libc_nano.a(libc_a-closer.o) (errno)
C:/ST/STM32CubeIDE_1.14.0/STM32CubeIDE/plugins/com.st.stm32cube.ide.mcu.externaltools.gnu-tools-for-stm32.11.3.rel1.win32_1.1.100.202309141235/tools/bin/../lib/gcc/arm-none-eabi/11.3.1/../../../../arm-none-eabi/lib/thumb/v7e-m+fp/hard\libc_nano.a(libc_a-impure.o)
[...]
Memory Configuration

Name             Origin             Length             Attributes
RAM              0x0000000020000000 0x0000000000020000 xrw
FLASH            0x0000000008000000 0x0000000000080000 xr
*default*        0x0000000000000000 0xffffffffffffffff

Linker script and memory map

LOAD C:/ST/STM32CubeIDE_1.14.0/STM32CubeIDE/plugins/com.st.stm32cube.ide.mcu.externaltools.gnu-tools-for-stm32.11.3.rel1.win32_1.1.100.202309141235/tools/bin/../lib/gcc/arm-none-eabi/11.3.1/thumb/v7e-m+fp/hard/crti.o
LOAD C:/ST/STM32CubeIDE_1.14.0/STM32CubeIDE/plugins/com.st.stm32cube.ide.mcu.externaltools.gnu-tools-for-stm32.11.3.rel1.win32_1.1.100.202309141235/tools/bin/../lib/gcc/arm-none-eabi/11.3.1/thumb/v7e-m+fp/hard/crtbegin.o
LOAD C:/ST/STM32CubeIDE_1.14.0/STM32CubeIDE/plugins/com.st.stm32cube.ide.mcu.externaltools.gnu-tools-for-stm32.11.3.rel1.win32_1.1.100.202309141235/tools/bin/../lib/gcc/arm-none-eabi/11.3.1/../../../../arm-none-eabi/lib/thumb/v7e-m+fp/hard/crt0.o
LOAD ./Core/Src/2828.o
LOAD ./Core/Src/8876demo.o
LOAD ./Core/Src/RA8876.o
LOAD ./Core/Src/commands.o
LOAD ./Core/Src/display.o
LOAD ./Core/Src/main.o
LOAD ./Core/Src/pattern.o
LOAD ./Core/Src/sd.o
LOAD ./Core/Src/stm32f4xx_hal_msp.o
LOAD ./Core/Src/stm32f4xx_it.o
LOAD ./Core/Src/syscalls.o
LOAD ./Core/Src/sysmem.o
LOAD ./Core/Src/system_stm32f4xx.o
LOAD ./Core/Startup/startup_stm32f446retx.o
LOAD ./Drivers/STM32F4xx_HAL_Driver/Src/stm32f4xx_hal.o
LOAD ./Drivers/STM32F4xx_HAL_Driver/Src/stm32f4xx_hal_cortex.o
LOAD ./Drivers/STM32F4xx_HAL_Driver/Src/stm32f4xx_hal_dma.o
LOAD ./Drivers/STM32F4xx_HAL_Driver/Src/stm32f4xx_hal_dma_ex.o
LOAD ./Drivers/STM32F4xx_HAL_Driver/Src/stm32f4xx_hal_exti.o
LOAD ./Drivers/STM32F4xx_HAL_Driver/Src/stm32f4xx_hal_flash.o
LOAD ./Drivers/STM32F4xx_HAL_Driver/Src/stm32f4xx_hal_flash_ex.o
LOAD ./Drivers/STM32F4xx_HAL_Driver/Src/stm32f4xx_hal_flash_ramfunc.o
LOAD ./Drivers/STM32F4xx_HAL_Driver/Src/stm32f4xx_hal_gpio.o
LOAD ./Drivers/STM32F4xx_HAL_Driver/Src/stm32f4xx_hal_pwr.o
LOAD ./Drivers/STM32F4xx_HAL_Driver/Src/stm32f4xx_hal_pwr_ex.o
LOAD ./Drivers/STM32F4xx_HAL_Driver/Src/stm32f4xx_hal_rcc.o
LOAD ./Drivers/STM32F4xx_HAL_Driver/Src/stm32f4xx_hal_rcc_ex.o
LOAD ./Drivers/STM32F4xx_HAL_Driver/Src/stm32f4xx_hal_spi.o
LOAD ./Drivers/STM32F4xx_HAL_Driver/Src/stm32f4xx_hal_tim.o
LOAD ./Drivers/STM32F4xx_HAL_Driver/Src/stm32f4xx_hal_tim_ex.o
LOAD ./Drivers/STM32F4xx_HAL_Driver/Src/stm32f4xx_hal_uart.o
START GROUP
LOAD C:/ST/STM32CubeIDE_1.14.0/STM32CubeIDE/plugins/com.st.stm32cube.ide.mcu.externaltools.gnu-tools-for-stm32.11.3.rel1.win32_1.1.100.202309141235/tools/bin/../lib/gcc/arm-none-eabi/11.3.1/../../../../arm-none-eabi/lib/thumb/v7e-m+fp/hard\libc_nano.a
LOAD C:/ST/STM32CubeIDE_1.14.0/STM32CubeIDE/plugins/com.st.stm32cube.ide.mcu.externaltools.gnu-tools-for-stm32.11.3.rel1.win32_1.1.100.202309141235/tools/bin/../lib/gcc/arm-none-eabi/11.3.1/../../../../arm-none-eabi/lib/thumb/v7e-m+fp/hard\libm.a
END GROUP
START GROUP
LOAD C:/ST/STM32CubeIDE_1.14.0/STM32CubeIDE/plugins/com.st.stm32cube.ide.mcu.externaltools.gnu-tools-for-stm32.11.3.rel1.win32_1.1.100.202309141235/tools/bin/../lib/gcc/arm-none-eabi/11.3.1/thumb/v7e-m+fp/hard\libgcc.a
LOAD C:/ST/STM32CubeIDE_1.14.0/STM32CubeIDE/plugins/com.st.stm32cube.ide.mcu.externaltools.gnu-tools-for-stm32.11.3.rel1.win32_1.1.100.202309141235/tools/bin/../lib/gcc/arm-none-eabi/11.3.1/../../../../arm-none-eabi/lib/thumb/v7e-m+fp/hard\libc_nano.a
END GROUP
START GROUP
LOAD C:/ST/STM32CubeIDE_1.14.0/STM32CubeIDE/plugins/com.st.stm32cube.ide.mcu.externaltools.gnu-tools-for-stm32.11.3.rel1.win32_1.1.100.202309141235/tools/bin/../lib/gcc/arm-none-eabi/11.3.1/thumb/v7e-m+fp/hard\libgcc.a
LOAD C:/ST/STM32CubeIDE_1.14.0/STM32CubeIDE/plugins/com.st.stm32cube.ide.mcu.externaltools.gnu-tools-for-stm32.11.3.rel1.win32_1.1.100.202309141235/tools/bin/../lib/gcc/arm-none-eabi/11.3.1/../../../../arm-none-eabi/lib/thumb/v7e-m+fp/hard\libc_nano.a
LOAD C:/ST/STM32CubeIDE_1.14.0/STM32CubeIDE/plugins/com.st.stm32cube.ide.mcu.externaltools.gnu-tools-for-stm32.11.3.rel1.win32_1.1.100.202309141235/tools/bin/../lib/gcc/arm-none-eabi/11.3.1/../../../../arm-none-eabi/lib/thumb/v7e-m+fp/hard\libnosys.a
END GROUP
START GROUP
LOAD C:/ST/STM32CubeIDE_1.14.0/STM32CubeIDE/plugins/com.st.stm32cube.ide.mcu.externaltools.gnu-tools-for-stm32.11.3.rel1.win32_1.1.100.202309141235/tools/bin/../lib/gcc/arm-none-eabi/11.3.1/thumb/v7e-m+fp/hard\libgcc.a
LOAD C:/ST/STM32CubeIDE_1.14.0/STM32CubeIDE/plugins/com.st.stm32cube.ide.mcu.externaltools.gnu-tools-for-stm32.11.3.rel1.win32_1.1.100.202309141235/tools/bin/../lib/gcc/arm-none-eabi/11.3.1/../../../../arm-none-eabi/lib/thumb/v7e-m+fp/hard\libc_nano.a
LOAD C:/ST/STM32CubeIDE_1.14.0/STM32CubeIDE/plugins/com.st.stm32cube.ide.mcu.externaltools.gnu-tools-for-stm32.11.3.rel1.win32_1.1.100.202309141235/tools/bin/../lib/gcc/arm-none-eabi/11.3.1/../../../../arm-none-eabi/lib/thumb/v7e-m+fp/hard\libnosys.a
END GROUP
LOAD C:/ST/STM32CubeIDE_1.14.0/STM32CubeIDE/plugins/com.st.stm32cube.ide.mcu.externaltools.gnu-tools-for-stm32.11.3.rel1.win32_1.1.100.202309141235/tools/bin/../lib/gcc/arm-none-eabi/11.3.1/thumb/v7e-m+fp/hard/crtend.o
LOAD C:/ST/STM32CubeIDE_1.14.0/STM32CubeIDE/plugins/com.st.stm32cube.ide.mcu.externaltools.gnu-tools-for-stm32.11.3.rel1.win32_1.1.100.202309141235/tools/bin/../lib/gcc/arm-none-eabi/11.3.1/thumb/v7e-m+fp/hard/crtn.o
                0x0000000020020000                _estack = (ORIGIN (RAM) + LENGTH (RAM))
                0x0000000000000200                _Min_Heap_Size = 0x200
                0x0000000000000400                _Min_Stack_Size = 0x400

.isr_vector     0x0000000008000000      0x1c4
                0x0000000008000000                . = ALIGN (0x4)
 *(.isr_vector)
 .isr_vector    0x0000000008000000      0x1c4 ./Core/Startup/startup_stm32f446retx.o
                0x0000000008000000                g_pfnVectors
                0x00000000080001c4                . = ALIGN (0x4)

.text           0x00000000080001d0     0x90d8
                0x00000000080001d0                . = ALIGN (0x4)
 *(.text)
 .text          0x00000000080001d0       0x40 C:/ST/STM32CubeIDE_1.14.0/STM32CubeIDE/plugins/com.st.stm32cube.ide.mcu.externaltools.gnu-tools-for-stm32.11.3.rel1.win32_1.1.100.202309141235/tools/bin/../lib/gcc/arm-none-eabi/11.3.1/thumb/v7e-m+fp/hard/crtbegin.o
 .text          0x0000000008000210       0xa0 C:/ST/STM32CubeIDE_1.14.0/STM32CubeIDE/plugins/com.st.stm32cube.ide.mcu.externaltools.gnu-tools-for-stm32.11.3.rel1.win32_1.1.100.202309141235/tools/bin/../lib/gcc/arm-none-eabi/11.3.1/../../../../arm-none-eabi/lib/thumb/v7e-m+fp/hard\libc_nano.a(libc_a-memchr.o)
                0x0000000008000210                memchr
 .text          0x00000000080002b0       0x30 C:/ST/STM32CubeIDE_1.14.0/STM32CubeIDE/plugins/com.st.stm32cube.ide.mcu.externaltools.gnu-tools-for-stm32.11.3.rel1.win32_1.1.100.202309141235/tools/bin/../lib/gcc/arm-none-eabi/11.3.1/thumb/v7e-m+fp/hard\libgcc.a(_aeabi_uldivmod.o)
                0x00000000080002b0                __aeabi_uldivmod
 .text          0x00000000080002e0      0x2c8 C:/ST/STM32CubeIDE_1.14.0/STM32CubeIDE/plugins/com.st.stm32cube.ide.mcu.externaltools.gnu-tools-for-stm32.11.3.rel1.win32_1.1.100.202309141235/tools/bin/../lib/gcc/arm-none-eabi/11.3.1/thumb/v7e-m+fp/hard\libgcc.a(_udivmoddi4.o)
                0x00000000080002e0                __udivmoddi4
 .text          0x00000000080005a8        0x4 C:/ST/STM32CubeIDE_1.14.0/STM32CubeIDE/plugins/com.st.stm32cube.ide.mcu.externaltools.gnu-tools-for-stm32.11.3.rel1.win32_1.1.100.202309141235/tools/bin/../lib/gcc/arm-none-eabi/11.3.1/thumb/v7e-m+fp/hard\libgcc.a(_dvmd_tls.o)
                0x00000000080005a8                __aeabi_idiv0
                0x00000000080005a8                __aeabi_ldiv0
 *(.text*)
 .text.SSD2828_Reset
                0x00000000080005ac       0x50 ./Core/Src/2828.o
                0x00000000080005ac                SSD2828_Reset
 .text.SPI_3W_SET_Cmd
                0x00000000080005fc       0x7c ./Core/Src/2828.o
                0x00000000080005fc                SPI_3W_SET_Cmd
 .text.SPI_3W_SET_PAs
                0x0000000008000678       0x7c ./Core/Src/2828.o
                0x0000000008000678                SPI_3W_SET_PAs
 .text.SSD2828_initial
                0x00000000080006f4      0x21c ./Core/Src/2828.o
                0x00000000080006f4                SSD2828_initial
 .text.SPI_Write
                0x0000000008000910       0x2c ./Core/Src/RA8876.o
                0x0000000008000910                SPI_Write
 .text.SPI_Read
                0x000000000800093c       0x3c ./Core/Src/RA8876.o
                0x000000000800093c                SPI_Read
 .text.LCD_CmdWrite
                0x0000000008000978       0x34 ./Core/Src/RA8876.o
                0x0000000008000978                LCD_CmdWrite
 .text.LCD_DataWrite
                0x00000000080009ac       0x34 ./Core/Src/RA8876.o
                0x00000000080009ac                LCD_DataWrite
 .text.LCD_Horizontal_Non_Display.part.0
                0x00000000080009e0       0x26 ./Core/Src/RA8876.o
 *fill*         0x0000000008000a06        0x2 
 .text.LCD_DataRead
                0x0000000008000a08       0x30 ./Core/Src/RA8876.o
                0x0000000008000a08                LCD_DataRead
 .text.LCD_StatusRead
                0x0000000008000a38       0x30 ./Core/Src/RA8876.o
                0x0000000008000a38                LCD_StatusRead
 .text.LCD_RegisterWrite
                0x0000000008000a68       0x12 ./Core/Src/RA8876.o
                0x0000000008000a68                LCD_RegisterWrite
 *fill*         0x0000000008000a7a        0x2 
 .text.RA8876_HW_Reset
                0x0000000008000a7c       0x44 ./Core/Src/RA8876.o
                0x0000000008000a7c                RA8876_HW_Reset
 .text.RA8876_PLL_Initial
                0x0000000008000ac0       0x4e ./Core/Src/RA8876.o
                0x0000000008000ac0                RA8876_PLL_Initial
 .text.Check_Mem_WR_FIFO_not_Full
                0x0000000008000b0e        0xc ./Core/Src/RA8876.o
                0x0000000008000b0e                Check_Mem_WR_FIFO_not_Full
 .text.Check_2D_Busy
                0x0000000008000b1a        0xc ./Core/Src/RA8876.o
                0x0000000008000b1a                Check_2D_Busy
 .text.Check_SDRAM_Ready
                0x0000000008000b26        0xc ./Core/Src/RA8876.o
                0x0000000008000b26                Check_SDRAM_Ready
 .text.RA8876_SDRAM_initail
                0x0000000008000b32       0x38 ./Core/Src/RA8876.o
                0x0000000008000b32                RA8876_SDRAM_initail
 .text.RA8876_SW_Reset
                0x0000000008000b6a       0x20 ./Core/Src/RA8876.o
                0x0000000008000b6a                RA8876_SW_Reset
 .text.TFT_24bit
                0x0000000008000b8a       0x18 ./Core/Src/RA8876.o
                0x0000000008000b8a                TFT_24bit
 .text.Enable_SFlash_SPI
                0x0000000008000ba2       0x1a ./Core/Src/RA8876.o
                0x0000000008000ba2                Enable_SFlash_SPI
 .text.Host_Bus_8bit
                0x0000000008000bbc       0x18 ./Core/Src/RA8876.o
                0x0000000008000bbc                Host_Bus_8bit
 .text.RGB_8b_8bpp
                0x0000000008000bd4       0x18 ./Core/Src/RA8876.o
                0x0000000008000bd4                RGB_8b_8bpp
 .text.MemWrite_Left_Right_Top_Down
                0x0000000008000bec       0x18 ./Core/Src/RA8876.o
                0x0000000008000bec                MemWrite_Left_Right_Top_Down
 .text.Graphic_Mode
                0x0000000008000c04       0x18 ./Core/Src/RA8876.o
                0x0000000008000c04                Graphic_Mode
 .text.Text_Mode
                0x0000000008000c1c       0x1a ./Core/Src/RA8876.o
                0x0000000008000c1c                Text_Mode
 .text.Memory_Select_SDRAM
                0x0000000008000c36       0x18 ./Core/Src/RA8876.o
                0x0000000008000c36                Memory_Select_SDRAM
 .text.Enable_PIP1
                0x0000000008000c4e       0x1a ./Core/Src/RA8876.o
                0x0000000008000c4e                Enable_PIP1
 .text.Select_PIP1_Parameter
                0x0000000008000c68       0x18 ./Core/Src/RA8876.o
                0x0000000008000c68                Select_PIP1_Parameter
 .text.Select_Main_Window_8bpp
                0x0000000008000c80       0x18 ./Core/Src/RA8876.o
                0x0000000008000c80                Select_Main_Window_8bpp
 .text.Select_PIP1_Window_8bpp
                0x0000000008000c98       0x18 ./Core/Src/RA8876.o
                0x0000000008000c98                Select_PIP1_Window_8bpp
 .text.PCLK_Rising
                0x0000000008000cb0       0x18 ./Core/Src/RA8876.o
                0x0000000008000cb0                PCLK_Rising
 .text.Display_ON
                0x0000000008000cc8       0x1a ./Core/Src/RA8876.o
                0x0000000008000cc8                Display_ON
 .text.Color_Bar_ON
                0x0000000008000ce2       0x1a ./Core/Src/RA8876.o
                0x0000000008000ce2                Color_Bar_ON
 .text.Color_Bar_OFF
                0x0000000008000cfc       0x18 ./Core/Src/RA8876.o
                0x0000000008000cfc                Color_Bar_OFF
 .text.HSCAN_L_to_R
                0x0000000008000d14       0x18 ./Core/Src/RA8876.o
                0x0000000008000d14                HSCAN_L_to_R
 .text.VSCAN_T_to_B
                0x0000000008000d2c       0x18 ./Core/Src/RA8876.o
                0x0000000008000d2c                VSCAN_T_to_B
 .text.VSCAN_B_to_T
                0x0000000008000d44       0x1a ./Core/Src/RA8876.o
                0x0000000008000d44                VSCAN_B_to_T
 .text.PDATA_Set_RGB
                0x0000000008000d5e       0x18 ./Core/Src/RA8876.o
                0x0000000008000d5e                PDATA_Set_RGB
 .text.HSYNC_Low_Active
                0x0000000008000d76       0x18 ./Core/Src/RA8876.o
                0x0000000008000d76                HSYNC_Low_Active
 .text.VSYNC_Low_Active
                0x0000000008000d8e       0x18 ./Core/Src/RA8876.o
                0x0000000008000d8e                VSYNC_Low_Active
 .text.DE_High_Active
                0x0000000008000da6       0x18 ./Core/Src/RA8876.o
                0x0000000008000da6                DE_High_Active
 .text.LCD_HorizontalWidth_VerticalHeight
                0x0000000008000dbe       0x62 ./Core/Src/RA8876.o
                0x0000000008000dbe                LCD_HorizontalWidth_VerticalHeight
 .text.LCD_Vertical_Non_Display
                0x0000000008000e20       0x22 ./Core/Src/RA8876.o
                0x0000000008000e20                LCD_Vertical_Non_Display
 .text.LCD_VSYNC_Start_Position
                0x0000000008000e42       0x16 ./Core/Src/RA8876.o
                0x0000000008000e42                LCD_VSYNC_Start_Position
 .text.LCD_VSYNC_Pulse_Width
                0x0000000008000e58       0x16 ./Core/Src/RA8876.o
                0x0000000008000e58                LCD_VSYNC_Pulse_Width
 .text.Main_Image_Start_Address
                0x0000000008000e6e       0x2c ./Core/Src/RA8876.o
                0x0000000008000e6e                Main_Image_Start_Address
 .text.Main_Image_Width
                0x0000000008000e9a       0x18 ./Core/Src/RA8876.o
                0x0000000008000e9a                Main_Image_Width
 .text.Main_Window_Start_XY
                0x0000000008000eb2       0x2a ./Core/Src/RA8876.o
                0x0000000008000eb2                Main_Window_Start_XY
 .text.PIP_Display_Start_XY
                0x0000000008000edc       0x2a ./Core/Src/RA8876.o
                0x0000000008000edc                PIP_Display_Start_XY
 .text.PIP_Image_Start_Address
                0x0000000008000f06       0x2c ./Core/Src/RA8876.o
                0x0000000008000f06                PIP_Image_Start_Address
 .text.PIP_Image_Width
                0x0000000008000f32       0x18 ./Core/Src/RA8876.o
                0x0000000008000f32                PIP_Image_Width
 .text.PIP_Window_Image_Start_XY
                0x0000000008000f4a       0x2a ./Core/Src/RA8876.o
                0x0000000008000f4a                PIP_Window_Image_Start_XY
 .text.PIP_Window_Width_Height
                0x0000000008000f74       0x2a ./Core/Src/RA8876.o
                0x0000000008000f74                PIP_Window_Width_Height
 .text.Canvas_Image_Start_address
                0x0000000008000f9e       0x2c ./Core/Src/RA8876.o
                0x0000000008000f9e                Canvas_Image_Start_address
 .text.Canvas_image_width
                0x0000000008000fca       0x18 ./Core/Src/RA8876.o
                0x0000000008000fca                Canvas_image_width
 .text.Active_Window_XY
                0x0000000008000fe2       0x2a ./Core/Src/RA8876.o
                0x0000000008000fe2                Active_Window_XY
 .text.Active_Window_WH
                0x000000000800100c       0x2a ./Core/Src/RA8876.o
                0x000000000800100c                Active_Window_WH
 .text.Memory_XY_Mode
                0x0000000008001036       0x18 ./Core/Src/RA8876.o
                0x0000000008001036                Memory_XY_Mode
 .text.Memory_8bpp_Mode
                0x000000000800104e       0x18 ./Core/Src/RA8876.o
                0x000000000800104e                Memory_8bpp_Mode
 .text.Goto_Text_XY
                0x0000000008001066       0x2a ./Core/Src/RA8876.o
                0x0000000008001066                Goto_Text_XY
 .text.Start_Triangle_Fill
                0x0000000008001090       0x16 ./Core/Src/RA8876.o
                0x0000000008001090                Start_Triangle_Fill
 .text.Line_Start_XY
                0x00000000080010a6       0x3a ./Core/Src/RA8876.o
                0x00000000080010a6                Line_Start_XY
 .text.Line_End_XY
                0x00000000080010e0       0x3a ./Core/Src/RA8876.o
                0x00000000080010e0                Line_End_XY
 .text.Triangle_Point1_XY
                0x000000000800111a        0x4 ./Core/Src/RA8876.o
                0x000000000800111a                Triangle_Point1_XY
 .text.Triangle_Point2_XY
                0x000000000800111e        0x4 ./Core/Src/RA8876.o
                0x000000000800111e                Triangle_Point2_XY
 .text.Triangle_Point3_XY
                0x0000000008001122       0x3a ./Core/Src/RA8876.o
                0x0000000008001122                Triangle_Point3_XY
 .text.Start_Square_Fill
                0x000000000800115c       0x16 ./Core/Src/RA8876.o
                0x000000000800115c                Start_Square_Fill
 .text.BTE_Enable
                0x0000000008001172       0x1a ./Core/Src/RA8876.o
                0x0000000008001172                BTE_Enable
 .text.Check_BTE_Busy
                0x000000000800118c        0x4 ./Core/Src/RA8876.o
                0x000000000800118c                Check_BTE_Busy
 .text.BTE_ROP_Code
                0x0000000008001190       0x20 ./Core/Src/RA8876.o
                0x0000000008001190                BTE_ROP_Code
 .text.BTE_Operation_Code
                0x00000000080011b0       0x1c ./Core/Src/RA8876.o
                0x00000000080011b0                BTE_Operation_Code
 .text.BTE_S0_Color_8bpp
                0x00000000080011cc       0x18 ./Core/Src/RA8876.o
                0x00000000080011cc                BTE_S0_Color_8bpp
 .text.BTE_S1_Color_8bpp
                0x00000000080011e4       0x18 ./Core/Src/RA8876.o
                0x00000000080011e4                BTE_S1_Color_8bpp
 .text.BTE_Destination_Color_8bpp
                0x00000000080011fc       0x18 ./Core/Src/RA8876.o
                0x00000000080011fc                BTE_Destination_Color_8bpp
 .text.BTE_S0_Memory_Start_Address
                0x0000000008001214       0x2c ./Core/Src/RA8876.o
                0x0000000008001214                BTE_S0_Memory_Start_Address
 .text.BTE_S0_Image_Width
                0x0000000008001240       0x18 ./Core/Src/RA8876.o
                0x0000000008001240                BTE_S0_Image_Width
 .text.BTE_S0_Window_Start_XY
                0x0000000008001258       0x2a ./Core/Src/RA8876.o
                0x0000000008001258                BTE_S0_Window_Start_XY
 .text.BTE_S1_Memory_Start_Address
                0x0000000008001282       0x2c ./Core/Src/RA8876.o
                0x0000000008001282                BTE_S1_Memory_Start_Address
 .text.BTE_S1_Image_Width
                0x00000000080012ae       0x18 ./Core/Src/RA8876.o
                0x00000000080012ae                BTE_S1_Image_Width
 .text.BTE_S1_Window_Start_XY
                0x00000000080012c6       0x2a ./Core/Src/RA8876.o
                0x00000000080012c6                BTE_S1_Window_Start_XY
 .text.BTE_Destination_Memory_Start_Address
                0x00000000080012f0       0x2c ./Core/Src/RA8876.o
                0x00000000080012f0                BTE_Destination_Memory_Start_Address
 .text.BTE_Destination_Image_Width
                0x000000000800131c       0x18 ./Core/Src/RA8876.o
                0x000000000800131c                BTE_Destination_Image_Width
 .text.BTE_Destination_Window_Start_XY
                0x0000000008001334       0x2a ./Core/Src/RA8876.o
                0x0000000008001334                BTE_Destination_Window_Start_XY
 .text.BTE_Window_Size
                0x000000000800135e       0x2a ./Core/Src/RA8876.o
                0x000000000800135e                BTE_Window_Size
 .text.Select_SFI_0
                0x0000000008001388       0x18 ./Core/Src/RA8876.o
                0x0000000008001388                Select_SFI_0
 .text.Select_SFI_Font_Mode
                0x00000000080013a0       0x18 ./Core/Src/RA8876.o
                0x00000000080013a0                Select_SFI_Font_Mode
 .text.Select_SFI_24bit_Address
                0x00000000080013b8       0x18 ./Core/Src/RA8876.o
                0x00000000080013b8                Select_SFI_24bit_Address
 .text.Select_SFI_Waveform_Mode_0
                0x00000000080013d0       0x18 ./Core/Src/RA8876.o
                0x00000000080013d0                Select_SFI_Waveform_Mode_0
 .text.Select_SFI_0_DummyRead
                0x00000000080013e8       0x18 ./Core/Src/RA8876.o
                0x00000000080013e8                Select_SFI_0_DummyRead
 .text.Select_SFI_Single_Mode
                0x0000000008001400       0x18 ./Core/Src/RA8876.o
                0x0000000008001400                Select_SFI_Single_Mode
 .text.SPI_Clock_Period
                0x0000000008001418       0x14 ./Core/Src/RA8876.o
                0x0000000008001418                SPI_Clock_Period
 .text.CGROM_Select_Genitop_FontROM
                0x000000000800142c       0x1c ./Core/Src/RA8876.o
                0x000000000800142c                CGROM_Select_Genitop_FontROM
 .text.Font_Select_12x24_24x24
                0x0000000008001448       0x1c ./Core/Src/RA8876.o
                0x0000000008001448                Font_Select_12x24_24x24
 .text.Font_Select_16x32_32x32
                0x0000000008001464       0x1c ./Core/Src/RA8876.o
                0x0000000008001464                Font_Select_16x32_32x32
 .text.Enable_Font_Alignment
                0x0000000008001480       0x1a ./Core/Src/RA8876.o
                0x0000000008001480                Enable_Font_Alignment
 .text.Disable_Font_Alignment
                0x000000000800149a       0x18 ./Core/Src/RA8876.o
                0x000000000800149a                Disable_Font_Alignment
 .text.Font_Background_select_Transparency
                0x00000000080014b2       0x1a ./Core/Src/RA8876.o
                0x00000000080014b2                Font_Background_select_Transparency
 .text.Font_Background_select_Color
                0x00000000080014cc       0x18 ./Core/Src/RA8876.o
                0x00000000080014cc                Font_Background_select_Color
 .text.Font_90_degree
                0x00000000080014e4       0x1a ./Core/Src/RA8876.o
                0x00000000080014e4                Font_90_degree
 .text.RA8876_initial
                0x00000000080014fe       0x96 ./Core/Src/RA8876.o
                0x00000000080014fe                RA8876_initial
 .text.Font_Width_X1
                0x0000000008001594       0x18 ./Core/Src/RA8876.o
                0x0000000008001594                Font_Width_X1
 .text.Font_Width_X2
                0x00000000080015ac       0x1c ./Core/Src/RA8876.o
                0x00000000080015ac                Font_Width_X2
 .text.Font_Width_X3
                0x00000000080015c8       0x1c ./Core/Src/RA8876.o
                0x00000000080015c8                Font_Width_X3
 .text.Font_Width_X4
                0x00000000080015e4       0x1a ./Core/Src/RA8876.o
                0x00000000080015e4                Font_Width_X4
 .text.Font_Height_X1
                0x00000000080015fe       0x18 ./Core/Src/RA8876.o
                0x00000000080015fe                Font_Height_X1
 .text.Font_Height_X2
                0x0000000008001616       0x1c ./Core/Src/RA8876.o
                0x0000000008001616                Font_Height_X2
 .text.Font_Height_X3
                0x0000000008001632       0x1c ./Core/Src/RA8876.o
                0x0000000008001632                Font_Height_X3
 .text.Font_Height_X4
                0x000000000800164e       0x1a ./Core/Src/RA8876.o
                0x000000000800164e                Font_Height_X4
 .text.GTFont_Select_GT23L32S4W_GT23H32S4W
                0x0000000008001668       0x1c ./Core/Src/RA8876.o
                0x0000000008001668                GTFont_Select_GT23L32S4W_GT23H32S4W
 .text.Set_GTFont_Decoder
                0x0000000008001684       0x14 ./Core/Src/RA8876.o
                0x0000000008001684                Set_GTFont_Decoder
 .text.Foreground_color_256
                0x0000000008001698       0x34 ./Core/Src/RA8876.o
                0x0000000008001698                Foreground_color_256
 .text.Background_color_256
                0x00000000080016cc       0x34 ./Core/Src/RA8876.o
                0x00000000080016cc                Background_color_256
 .text.Show_String
                0x0000000008001700       0x2c ./Core/Src/RA8876.o
                0x0000000008001700                Show_String
 .text.Show_picture2
                0x000000000800172c       0x22 ./Core/Src/RA8876.o
                0x000000000800172c                Show_picture2
 .text.Show_picture2_mono
                0x000000000800174e       0x3e ./Core/Src/RA8876.o
                0x000000000800174e                Show_picture2_mono
 .text.Show_picture3
                0x000000000800178c       0x46 ./Core/Src/RA8876.o
                0x000000000800178c                Show_picture3
 .text.Show_pictureX2
                0x00000000080017d2       0x46 ./Core/Src/RA8876.o
                0x00000000080017d2                Show_pictureX2
 .text.Show_pictureX2_mono
                0x0000000008001818       0x68 ./Core/Src/RA8876.o
                0x0000000008001818                Show_pictureX2_mono
 .text.Show_greenPicture
                0x0000000008001880       0x64 ./Core/Src/RA8876.o
                0x0000000008001880                Show_greenPicture
 .text.InitCommands
                0x00000000080018e4      0x100 ./Core/Src/commands.o
                0x00000000080018e4                InitCommands
 .text.HandlePacket
                0x00000000080019e4      0x238 ./Core/Src/commands.o
                0x00000000080019e4                HandlePacket
 .text.crc16_ccitt_reversed_w16
                0x0000000008001c1c       0x34 ./Core/Src/commands.o
                0x0000000008001c1c                crc16_ccitt_reversed_w16
 .text.PacketProc
                0x0000000008001c50      0x350 ./Core/Src/commands.o
                0x0000000008001c50                PacketProc
 .text.screen0x00
                0x0000000008001fa0       0x80 ./Core/Src/display.o
                0x0000000008001fa0                screen0x00
 .text.screen0x01
                0x0000000008002020      0x248 ./Core/Src/display.o
                0x0000000008002020                screen0x01
 .text.screen0x02
                0x0000000008002268      0x23c ./Core/Src/display.o
                0x0000000008002268                screen0x02
 .text.screen0x05
                0x00000000080024a4       0xfc ./Core/Src/display.o
                0x00000000080024a4                screen0x05
 .text.screen0x06
                0x00000000080025a0       0x18 ./Core/Src/display.o
                0x00000000080025a0                screen0x06
 .text.screen0x08
                0x00000000080025b8      0x178 ./Core/Src/display.o
                0x00000000080025b8                screen0x08
 .text.screen0x10
                0x0000000008002730      0x2c4 ./Core/Src/display.o
                0x0000000008002730                screen0x10
 .text.screen0x13
                0x00000000080029f4      0x420 ./Core/Src/display.o
                0x00000000080029f4                screen0x13
 .text.screen0x1C
                0x0000000008002e14      0x110 ./Core/Src/display.o
                0x0000000008002e14                screen0x1C
 .text.screen0x1E
                0x0000000008002f24      0x25c ./Core/Src/display.o
                0x0000000008002f24                screen0x1E
 .text.screen0x99
                0x0000000008003180       0x60 ./Core/Src/display.o
                0x0000000008003180                screen0x99
 .text.BTE_logo_disp
                0x00000000080031e0       0x8c ./Core/Src/display.o
                0x00000000080031e0                BTE_logo_disp
 .text.screen0x03
                0x000000000800326c       0xbc ./Core/Src/display.o
                0x000000000800326c                screen0x03
 .text.screen0x04
                0x0000000008003328      0x120 ./Core/Src/display.o
                0x0000000008003328                screen0x04
 .text.screen0x1B
                0x0000000008003448       0xc8 ./Core/Src/display.o
                0x0000000008003448                screen0x1B
 .text.screen0x1F
                0x0000000008003510      0x130 ./Core/Src/display.o
                0x0000000008003510                screen0x1F
 .text.RandomColor_256
                0x0000000008003640       0x20 ./Core/Src/display.o
                0x0000000008003640                RandomColor_256
 .text.screen0x07
                0x0000000008003660      0x3f4 ./Core/Src/display.o
                0x0000000008003660                screen0x07
 .text.screen0x09
                0x0000000008003a54      0x2b0 ./Core/Src/display.o
                0x0000000008003a54                screen0x09
 .text.screen0x0a
                0x0000000008003d04      0x2a8 ./Core/Src/display.o
                0x0000000008003d04                screen0x0a
 .text.screen0x0b
                0x0000000008003fac      0x2a8 ./Core/Src/display.o
                0x0000000008003fac                screen0x0b
 .text.screen0x0c
                0x0000000008004254      0x2a8 ./Core/Src/display.o
                0x0000000008004254                screen0x0c
 .text.screen0x0d
                0x00000000080044fc      0x24c ./Core/Src/display.o
                0x00000000080044fc                screen0x0d
 .text.screen0x0e
                0x0000000008004748      0x258 ./Core/Src/display.o
                0x0000000008004748                screen0x0e
 .text.screen0x0f
                0x00000000080049a0      0x3a4 ./Core/Src/display.o
                0x00000000080049a0                screen0x0f
 .text.screen0x11
                0x0000000008004d44      0x4b0 ./Core/Src/display.o
                0x0000000008004d44                screen0x11
 .text.screen0x12
                0x00000000080051f4      0x338 ./Core/Src/display.o
                0x00000000080051f4                screen0x12
 .text.screen0x17
                0x000000000800552c      0x3c8 ./Core/Src/display.o
                0x000000000800552c                screen0x17
 .text.screen0x18
                0x00000000080058f4      0x3b8 ./Core/Src/display.o
                0x00000000080058f4                screen0x18
 .text.screen0x1D
                0x0000000008005cac      0x4bc ./Core/Src/display.o
                0x0000000008005cac                screen0x1D
 .text.WelcomeAnimation
                0x0000000008006168      0x18c ./Core/Src/display.o
                0x0000000008006168                WelcomeAnimation
 .text.preloadScreen
                0x00000000080062f4      0x358 ./Core/Src/display.o
                0x00000000080062f4                preloadScreen
 .text.SystemClock_Config
                0x000000000800664c       0xa8 ./Core/Src/main.o
                0x000000000800664c                SystemClock_Config
 .text.startup.main
                0x00000000080066f4      0x1ec ./Core/Src/main.o
                0x00000000080066f4                main
 .text.HAL_UART_RxCpltCallback
                0x00000000080068e0        0x4 ./Core/Src/main.o
                0x00000000080068e0                HAL_UART_RxCpltCallback
 .text.Error_Handler
                0x00000000080068e4        0x4 ./Core/Src/main.o
                0x00000000080068e4                Error_Handler
 .text.HAL_MspInit
                0x00000000080068e8       0x3c ./Core/Src/stm32f4xx_hal_msp.o
                0x00000000080068e8                HAL_MspInit
 .text.HAL_SPI_MspInit
                0x0000000008006924       0x6c ./Core/Src/stm32f4xx_hal_msp.o
                0x0000000008006924                HAL_SPI_MspInit
 .text.HAL_UART_MspInit
                0x0000000008006990       0xd4 ./Core/Src/stm32f4xx_hal_msp.o
                0x0000000008006990                HAL_UART_MspInit
 .text.NMI_Handler
                0x0000000008006a64        0x2 ./Core/Src/stm32f4xx_it.o
                0x0000000008006a64                NMI_Handler
 .text.HardFault_Handler
                0x0000000008006a66        0x2 ./Core/Src/stm32f4xx_it.o
                0x0000000008006a66                HardFault_Handler
 .text.MemManage_Handler
                0x0000000008006a68        0x2 ./Core/Src/stm32f4xx_it.o
                0x0000000008006a68                MemManage_Handler
 .text.BusFault_Handler
                0x0000000008006a6a        0x2 ./Core/Src/stm32f4xx_it.o
                0x0000000008006a6a                BusFault_Handler
 .text.UsageFault_Handler
                0x0000000008006a6c        0x2 ./Core/Src/stm32f4xx_it.o
                0x0000000008006a6c                UsageFault_Handler
 .text.SVC_Handler
                0x0000000008006a6e        0x2 ./Core/Src/stm32f4xx_it.o
                0x0000000008006a6e                SVC_Handler
 .text.DebugMon_Handler
                0x0000000008006a70        0x2 ./Core/Src/stm32f4xx_it.o
                0x0000000008006a70                DebugMon_Handler
 .text.PendSV_Handler
                0x0000000008006a72        0x2 ./Core/Src/stm32f4xx_it.o
                0x0000000008006a72                PendSV_Handler
 .text.SysTick_Handler
                0x0000000008006a74       0xb4 ./Core/Src/stm32f4xx_it.o
                0x0000000008006a74                SysTick_Handler
 .text.USART3_IRQHandler
                0x0000000008006b28       0x1c ./Core/Src/stm32f4xx_it.o
                0x0000000008006b28                USART3_IRQHandler
 .text._getpid  0x0000000008006b44        0x4 ./Core/Src/syscalls.o
                0x0000000008006b44                _getpid
 .text._kill    0x0000000008006b48       0x10 ./Core/Src/syscalls.o
                0x0000000008006b48                _kill
 .text._exit    0x0000000008006b58        0xc ./Core/Src/syscalls.o
                0x0000000008006b58                _exit
 .text._read    0x0000000008006b64       0x1c ./Core/Src/syscalls.o
                0x0000000008006b64                _read
 .text._write   0x0000000008006b80       0x1c ./Core/Src/syscalls.o
                0x0000000008006b80                _write
 .text._close   0x0000000008006b9c        0x6 ./Core/Src/syscalls.o
                0x0000000008006b9c                _close
 .text._fstat   0x0000000008006ba2        0xa ./Core/Src/syscalls.o
                0x0000000008006ba2                _fstat
 .text._isatty  0x0000000008006bac        0x4 ./Core/Src/syscalls.o
                0x0000000008006bac                _isatty
 .text._lseek   0x0000000008006bb0        0x4 ./Core/Src/syscalls.o
                0x0000000008006bb0                _lseek
 .text._sbrk    0x0000000008006bb4       0x40 ./Core/Src/sysmem.o
                0x0000000008006bb4                _sbrk
 .text.SystemInit
                0x0000000008006bf4       0x14 ./Core/Src/system_stm32f4xx.o
                0x0000000008006bf4                SystemInit
 .text.Reset_Handler
                0x0000000008006c08       0x50 ./Core/Startup/startup_stm32f446retx.o
                0x0000000008006c08                Reset_Handler
 .text.Default_Handler
                0x0000000008006c58        0x2 ./Core/Startup/startup_stm32f446retx.o
                0x0000000008006c58                RTC_Alarm_IRQHandler
                0x0000000008006c58                EXTI2_IRQHandler
                0x0000000008006c58                TIM8_CC_IRQHandler
                0x0000000008006c58                FMPI2C1_EV_IRQHandler
                0x0000000008006c58                SPI4_IRQHandler
                0x0000000008006c58                TIM1_CC_IRQHandler
                0x0000000008006c58                DMA2_Stream5_IRQHandler
                0x0000000008006c58                DMA1_Stream5_IRQHandler
                0x0000000008006c58                PVD_IRQHandler
                0x0000000008006c58                SDIO_IRQHandler
                0x0000000008006c58                TAMP_STAMP_IRQHandler
                0x0000000008006c58                CAN2_RX1_IRQHandler
                0x0000000008006c58                EXTI3_IRQHandler
                0x0000000008006c58                TIM8_TRG_COM_TIM14_IRQHandler
                0x0000000008006c58                TIM1_UP_TIM10_IRQHandler
                0x0000000008006c58                TIM8_UP_TIM13_IRQHandler
                0x0000000008006c58                I2C3_ER_IRQHandler
                0x0000000008006c58                EXTI0_IRQHandler
                0x0000000008006c58                I2C2_EV_IRQHandler
                0x0000000008006c58                DMA1_Stream2_IRQHandler
                0x0000000008006c58                CAN1_RX0_IRQHandler
                0x0000000008006c58                FPU_IRQHandler
                0x0000000008006c58                OTG_HS_WKUP_IRQHandler
                0x0000000008006c58                CAN2_SCE_IRQHandler
                0x0000000008006c58                DMA2_Stream2_IRQHandler
                0x0000000008006c58                SPI1_IRQHandler
                0x0000000008006c58                TIM6_DAC_IRQHandler
                0x0000000008006c58                TIM1_BRK_TIM9_IRQHandler
                0x0000000008006c58                DCMI_IRQHandler
                0x0000000008006c58                CAN2_RX0_IRQHandler
                0x0000000008006c58                DMA2_Stream3_IRQHandler
                0x0000000008006c58                SAI2_IRQHandler
                0x0000000008006c58                USART6_IRQHandler
                0x0000000008006c58                CAN1_RX1_IRQHandler
                0x0000000008006c58                UART5_IRQHandler
                0x0000000008006c58                DMA2_Stream0_IRQHandler
                0x0000000008006c58                TIM4_IRQHandler
                0x0000000008006c58                QUADSPI_IRQHandler
                0x0000000008006c58                I2C1_EV_IRQHandler
                0x0000000008006c58                DMA1_Stream6_IRQHandler
                0x0000000008006c58                DMA1_Stream1_IRQHandler
                0x0000000008006c58                UART4_IRQHandler
                0x0000000008006c58                TIM3_IRQHandler
                0x0000000008006c58                RCC_IRQHandler
                0x0000000008006c58                TIM8_BRK_TIM12_IRQHandler
                0x0000000008006c58                Default_Handler
                0x0000000008006c58                CEC_IRQHandler
                0x0000000008006c58                EXTI15_10_IRQHandler
                0x0000000008006c58                ADC_IRQHandler
                0x0000000008006c58                DMA1_Stream7_IRQHandler
                0x0000000008006c58                TIM7_IRQHandler
                0x0000000008006c58                CAN2_TX_IRQHandler
                0x0000000008006c58                TIM5_IRQHandler
                0x0000000008006c58                DMA2_Stream7_IRQHandler
                0x0000000008006c58                I2C3_EV_IRQHandler
                0x0000000008006c58                EXTI9_5_IRQHandler
                0x0000000008006c58                RTC_WKUP_IRQHandler
                0x0000000008006c58                SPDIF_RX_IRQHandler
                0x0000000008006c58                SPI2_IRQHandler
                0x0000000008006c58                OTG_HS_EP1_IN_IRQHandler
                0x0000000008006c58                DMA1_Stream0_IRQHandler
                0x0000000008006c58                CAN1_TX_IRQHandler
                0x0000000008006c58                FMPI2C1_ER_IRQHandler
                0x0000000008006c58                EXTI4_IRQHandler
                0x0000000008006c58                OTG_HS_EP1_OUT_IRQHandler
                0x0000000008006c58                WWDG_IRQHandler
                0x0000000008006c58                TIM2_IRQHandler
                0x0000000008006c58                OTG_FS_WKUP_IRQHandler
                0x0000000008006c58                TIM1_TRG_COM_TIM11_IRQHandler
                0x0000000008006c58                OTG_HS_IRQHandler
                0x0000000008006c58                EXTI1_IRQHandler
                0x0000000008006c58                USART2_IRQHandler
                0x0000000008006c58                I2C2_ER_IRQHandler
                0x0000000008006c58                DMA2_Stream1_IRQHandler
                0x0000000008006c58                CAN1_SCE_IRQHandler
                0x0000000008006c58                FLASH_IRQHandler
                0x0000000008006c58                DMA2_Stream4_IRQHandler
                0x0000000008006c58                USART1_IRQHandler
                0x0000000008006c58                OTG_FS_IRQHandler
                0x0000000008006c58                SPI3_IRQHandler
                0x0000000008006c58                DMA1_Stream4_IRQHandler
                0x0000000008006c58                I2C1_ER_IRQHandler
                0x0000000008006c58                FMC_IRQHandler
                0x0000000008006c58                DMA2_Stream6_IRQHandler
                0x0000000008006c58                SAI1_IRQHandler
                0x0000000008006c58                DMA1_Stream3_IRQHandler
 *fill*         0x0000000008006c5a        0x2 
 .text.HAL_InitTick
                0x0000000008006c5c       0x48 ./Drivers/STM32F4xx_HAL_Driver/Src/stm32f4xx_hal.o
                0x0000000008006c5c                HAL_InitTick
 .text.HAL_Init
                0x0000000008006ca4       0x34 ./Drivers/STM32F4xx_HAL_Driver/Src/stm32f4xx_hal.o
                0x0000000008006ca4                HAL_Init
 .text.HAL_IncTick
                0x0000000008006cd8       0x18 ./Drivers/STM32F4xx_HAL_Driver/Src/stm32f4xx_hal.o
                0x0000000008006cd8                HAL_IncTick
 .text.HAL_GetTick
                0x0000000008006cf0        0xc ./Drivers/STM32F4xx_HAL_Driver/Src/stm32f4xx_hal.o
                0x0000000008006cf0                HAL_GetTick
 .text.HAL_Delay
                0x0000000008006cfc       0x28 ./Drivers/STM32F4xx_HAL_Driver/Src/stm32f4xx_hal.o
                0x0000000008006cfc                HAL_Delay
 .text.HAL_NVIC_SetPriorityGrouping
                0x0000000008006d24       0x24 ./Drivers/STM32F4xx_HAL_Driver/Src/stm32f4xx_hal_cortex.o
                0x0000000008006d24                HAL_NVIC_SetPriorityGrouping
 .text.HAL_NVIC_SetPriority
                0x0000000008006d48       0x64 ./Drivers/STM32F4xx_HAL_Driver/Src/stm32f4xx_hal_cortex.o
                0x0000000008006d48                HAL_NVIC_SetPriority
 .text.HAL_NVIC_EnableIRQ
                0x0000000008006dac       0x1c ./Drivers/STM32F4xx_HAL_Driver/Src/stm32f4xx_hal_cortex.o
                0x0000000008006dac                HAL_NVIC_EnableIRQ
 .text.HAL_SYSTICK_Config
                0x0000000008006dc8       0x28 ./Drivers/STM32F4xx_HAL_Driver/Src/stm32f4xx_hal_cortex.o
                0x0000000008006dc8                HAL_SYSTICK_Config
 .text.HAL_DMA_Abort
                0x0000000008006df0       0x7e ./Drivers/STM32F4xx_HAL_Driver/Src/stm32f4xx_hal_dma.o
                0x0000000008006df0                HAL_DMA_Abort
 .text.HAL_DMA_Abort_IT
                0x0000000008006e6e       0x24 ./Drivers/STM32F4xx_HAL_Driver/Src/stm32f4xx_hal_dma.o
                0x0000000008006e6e                HAL_DMA_Abort_IT
 *fill*         0x0000000008006e92        0x2 
 .text.HAL_GPIO_Init
                0x0000000008006e94      0x1a8 ./Drivers/STM32F4xx_HAL_Driver/Src/stm32f4xx_hal_gpio.o
                0x0000000008006e94                HAL_GPIO_Init
 .text.HAL_GPIO_ReadPin
                0x000000000800703c        0xc ./Drivers/STM32F4xx_HAL_Driver/Src/stm32f4xx_hal_gpio.o
                0x000000000800703c                HAL_GPIO_ReadPin
 .text.HAL_GPIO_WritePin
                0x0000000008007048        0xa ./Drivers/STM32F4xx_HAL_Driver/Src/stm32f4xx_hal_gpio.o
                0x0000000008007048                HAL_GPIO_WritePin
 *fill*         0x0000000008007052        0x2 
 .text.HAL_PWREx_EnableOverDrive
                0x0000000008007054       0x74 ./Drivers/STM32F4xx_HAL_Driver/Src/stm32f4xx_hal_pwr_ex.o
                0x0000000008007054                HAL_PWREx_EnableOverDrive
 .text.HAL_RCC_ClockConfig
                0x00000000080070c8      0x134 ./Drivers/STM32F4xx_HAL_Driver/Src/stm32f4xx_hal_rcc.o
                0x00000000080070c8                HAL_RCC_ClockConfig
 .text.HAL_RCC_GetPCLK1Freq
                0x00000000080071fc       0x20 ./Drivers/STM32F4xx_HAL_Driver/Src/stm32f4xx_hal_rcc.o
                0x00000000080071fc                HAL_RCC_GetPCLK1Freq
 .text.HAL_RCC_GetPCLK2Freq
                0x000000000800721c       0x20 ./Drivers/STM32F4xx_HAL_Driver/Src/stm32f4xx_hal_rcc.o
                0x000000000800721c                HAL_RCC_GetPCLK2Freq
 .text.HAL_RCC_GetSysClockFreq
                0x000000000800723c       0x90 ./Drivers/STM32F4xx_HAL_Driver/Src/stm32f4xx_hal_rcc_ex.o
                0x000000000800723c                HAL_RCC_GetSysClockFreq
 .text.HAL_RCC_OscConfig
                0x00000000080072cc      0x398 ./Drivers/STM32F4xx_HAL_Driver/Src/stm32f4xx_hal_rcc_ex.o
                0x00000000080072cc                HAL_RCC_OscConfig
 .text.SPI_WaitFlagStateUntilTimeout
                0x0000000008007664       0xb8 ./Drivers/STM32F4xx_HAL_Driver/Src/stm32f4xx_hal_spi.o
 .text.SPI_EndRxTxTransaction
                0x000000000800771c       0x78 ./Drivers/STM32F4xx_HAL_Driver/Src/stm32f4xx_hal_spi.o
 .text.HAL_SPI_Init
                0x0000000008007794       0xb8 ./Drivers/STM32F4xx_HAL_Driver/Src/stm32f4xx_hal_spi.o
                0x0000000008007794                HAL_SPI_Init
 .text.HAL_SPI_Transmit
                0x000000000800784c      0x168 ./Drivers/STM32F4xx_HAL_Driver/Src/stm32f4xx_hal_spi.o
                0x000000000800784c                HAL_SPI_Transmit
 .text.HAL_SPI_TransmitReceive
                0x00000000080079b4      0x1ea ./Drivers/STM32F4xx_HAL_Driver/Src/stm32f4xx_hal_spi.o
                0x00000000080079b4                HAL_SPI_TransmitReceive
 .text.HAL_SPI_GetState
                0x0000000008007b9e        0x6 ./Drivers/STM32F4xx_HAL_Driver/Src/stm32f4xx_hal_spi.o
                0x0000000008007b9e                HAL_SPI_GetState
 .text.UART_EndRxTransfer
                0x0000000008007ba4       0x5c ./Drivers/STM32F4xx_HAL_Driver/Src/stm32f4xx_hal_uart.o
 .text.UART_SetConfig
                0x0000000008007c00       0xbc ./Drivers/STM32F4xx_HAL_Driver/Src/stm32f4xx_hal_uart.o
 .text.HAL_UART_Init
                0x0000000008007cbc       0x5e ./Drivers/STM32F4xx_HAL_Driver/Src/stm32f4xx_hal_uart.o
                0x0000000008007cbc                HAL_UART_Init
 .text.HAL_MultiProcessor_Init
                0x0000000008007d1a       0x80 ./Drivers/STM32F4xx_HAL_Driver/Src/stm32f4xx_hal_uart.o
                0x0000000008007d1a                HAL_MultiProcessor_Init
 .text.HAL_UART_Transmit_IT
                0x0000000008007d9a       0x32 ./Drivers/STM32F4xx_HAL_Driver/Src/stm32f4xx_hal_uart.o
                0x0000000008007d9a                HAL_UART_Transmit_IT
 .text.HAL_UART_TxCpltCallback
                0x0000000008007dcc        0x2 ./Drivers/STM32F4xx_HAL_Driver/Src/stm32f4xx_hal_uart.o
                0x0000000008007dcc                HAL_UART_TxCpltCallback
 .text.HAL_UART_ErrorCallback
                0x0000000008007dce        0x2 ./Drivers/STM32F4xx_HAL_Driver/Src/stm32f4xx_hal_uart.o
                0x0000000008007dce                HAL_UART_ErrorCallback
 .text.UART_DMAAbortOnError
                0x0000000008007dd0       0x10 ./Drivers/STM32F4xx_HAL_Driver/Src/stm32f4xx_hal_uart.o
 .text.HAL_UART_AbortReceiveCpltCallback
                0x0000000008007de0        0x2 ./Drivers/STM32F4xx_HAL_Driver/Src/stm32f4xx_hal_uart.o
                0x0000000008007de0                HAL_UART_AbortReceiveCpltCallback
 *fill*         0x0000000008007de2        0x2 
 .text.HAL_UART_AbortReceive_IT
                0x0000000008007de4       0xb0 ./Drivers/STM32F4xx_HAL_Driver/Src/stm32f4xx_hal_uart.o
                0x0000000008007de4                HAL_UART_AbortReceive_IT
 .text.UART_DMARxOnlyAbortCallback
                0x0000000008007e94       0x16 ./Drivers/STM32F4xx_HAL_Driver/Src/stm32f4xx_hal_uart.o
 .text.HAL_UARTEx_RxEventCallback
                0x0000000008007eaa        0x2 ./Drivers/STM32F4xx_HAL_Driver/Src/stm32f4xx_hal_uart.o
                0x0000000008007eaa                HAL_UARTEx_RxEventCallback
 .text.UART_Receive_IT.isra.0
                0x0000000008007eac       0xb6 ./Drivers/STM32F4xx_HAL_Driver/Src/stm32f4xx_hal_uart.o
 *fill*         0x0000000008007f62        0x2 
 .text.HAL_UART_IRQHandler
                0x0000000008007f64      0x294 ./Drivers/STM32F4xx_HAL_Driver/Src/stm32f4xx_hal_uart.o
                0x0000000008007f64                HAL_UART_IRQHandler
 .text.UART_Start_Receive_IT
                0x00000000080081f8       0x32 ./Drivers/STM32F4xx_HAL_Driver/Src/stm32f4xx_hal_uart.o
                0x00000000080081f8                UART_Start_Receive_IT
 .text.HAL_UART_Receive_IT
                0x000000000800822a       0x22 ./Drivers/STM32F4xx_HAL_Driver/Src/stm32f4xx_hal_uart.o
                0x000000000800822a                HAL_UART_Receive_IT
 .text.srand    0x000000000800824c       0x5c C:/ST/STM32CubeIDE_1.14.0/STM32CubeIDE/plugins/com.st.stm32cube.ide.mcu.externaltools.gnu-tools-for-stm32.11.3.rel1.win32_1.1.100.202309141235/tools/bin/../lib/gcc/arm-none-eabi/11.3.1/../../../../arm-none-eabi/lib/thumb/v7e-m+fp/hard\libc_nano.a(libc_a-rand.o)
                0x000000000800824c                srand
 .text.rand     0x00000000080082a8       0x7c C:/ST/STM32CubeIDE_1.14.0/STM32CubeIDE/plugins/com.st.stm32cube.ide.mcu.externaltools.gnu-tools-for-stm32.11.3.rel1.win32_1.1.100.202309141235/tools/bin/../lib/gcc/arm-none-eabi/11.3.1/../../../../arm-none-eabi/lib/thumb/v7e-m+fp/hard\libc_nano.a(libc_a-rand.o)
                0x00000000080082a8                rand
 .text.std      0x0000000008008324       0x6c C:/ST/STM32CubeIDE_1.14.0/STM32CubeIDE/plugins/com.st.stm32cube.ide.mcu.externaltools.gnu-tools-for-stm32.11.3.rel1.win32_1.1.100.202309141235/tools/bin/../lib/gcc/arm-none-eabi/11.3.1/../../../../arm-none-eabi/lib/thumb/v7e-m+fp/hard\libc_nano.a(libc_a-findfp.o)
 .text.stdio_exit_handler
                0x0000000008008390       0x18 C:/ST/STM32CubeIDE_1.14.0/STM32CubeIDE/plugins/com.st.stm32cube.ide.mcu.externaltools.gnu-tools-for-stm32.11.3.rel1.win32_1.1.100.202309141235/tools/bin/../lib/gcc/arm-none-eabi/11.3.1/../../../../arm-none-eabi/lib/thumb/v7e-m+fp/hard\libc_nano.a(libc_a-findfp.o)
 .text.cleanup_stdio
                0x00000000080083a8       0x40 C:/ST/STM32CubeIDE_1.14.0/STM32CubeIDE/plugins/com.st.stm32cube.ide.mcu.externaltools.gnu-tools-for-stm32.11.3.rel1.win32_1.1.100.202309141235/tools/bin/../lib/gcc/arm-none-eabi/11.3.1/../../../../arm-none-eabi/lib/thumb/v7e-m+fp/hard\libc_nano.a(libc_a-findfp.o)
 .text.global_stdio_init.part.0
                0x00000000080083e8       0x3c C:/ST/STM32CubeIDE_1.14.0/STM32CubeIDE/plugins/com.st.stm32cube.ide.mcu.externaltools.gnu-tools-for-stm32.11.3.rel1.win32_1.1.100.202309141235/tools/bin/../lib/gcc/arm-none-eabi/11.3.1/../../../../arm-none-eabi/lib/thumb/v7e-m+fp/hard\libc_nano.a(libc_a-findfp.o)
 .text.__sfp_lock_acquire
                0x0000000008008424        0xc C:/ST/STM32CubeIDE_1.14.0/STM32CubeIDE/plugins/com.st.stm32cube.ide.mcu.externaltools.gnu-tools-for-stm32.11.3.rel1.win32_1.1.100.202309141235/tools/bin/../lib/gcc/arm-none-eabi/11.3.1/../../../../arm-none-eabi/lib/thumb/v7e-m+fp/hard\libc_nano.a(libc_a-findfp.o)
                0x0000000008008424                __sfp_lock_acquire
 .text.__sfp_lock_release
                0x0000000008008430        0xc C:/ST/STM32CubeIDE_1.14.0/STM32CubeIDE/plugins/com.st.stm32cube.ide.mcu.externaltools.gnu-tools-for-stm32.11.3.rel1.win32_1.1.100.202309141235/tools/bin/../lib/gcc/arm-none-eabi/11.3.1/../../../../arm-none-eabi/lib/thumb/v7e-m+fp/hard\libc_nano.a(libc_a-findfp.o)
                0x0000000008008430                __sfp_lock_release
 .text.__sinit  0x000000000800843c       0x30 C:/ST/STM32CubeIDE_1.14.0/STM32CubeIDE/plugins/com.st.stm32cube.ide.mcu.externaltools.gnu-tools-for-stm32.11.3.rel1.win32_1.1.100.202309141235/tools/bin/../lib/gcc/arm-none-eabi/11.3.1/../../../../arm-none-eabi/lib/thumb/v7e-m+fp/hard\libc_nano.a(libc_a-findfp.o)
                0x000000000800843c                __sinit
 .text._fwalk_sglue
                0x000000000800846c       0x3c C:/ST/STM32CubeIDE_1.14.0/STM32CubeIDE/plugins/com.st.stm32cube.ide.mcu.externaltools.gnu-tools-for-stm32.11.3.rel1.win32_1.1.100.202309141235/tools/bin/../lib/gcc/arm-none-eabi/11.3.1/../../../../arm-none-eabi/lib/thumb/v7e-m+fp/hard\libc_nano.a(libc_a-fwalk.o)
                0x000000000800846c                _fwalk_sglue
 .text.__sread  0x00000000080084a8       0x22 C:/ST/STM32CubeIDE_1.14.0/STM32CubeIDE/plugins/com.st.stm32cube.ide.mcu.externaltools.gnu-tools-for-stm32.11.3.rel1.win32_1.1.100.202309141235/tools/bin/../lib/gcc/arm-none-eabi/11.3.1/../../../../arm-none-eabi/lib/thumb/v7e-m+fp/hard\libc_nano.a(libc_a-stdio.o)
                0x00000000080084a8                __sread
 .text.__swrite
                0x00000000080084ca       0x38 C:/ST/STM32CubeIDE_1.14.0/STM32CubeIDE/plugins/com.st.stm32cube.ide.mcu.externaltools.gnu-tools-for-stm32.11.3.rel1.win32_1.1.100.202309141235/tools/bin/../lib/gcc/arm-none-eabi/11.3.1/../../../../arm-none-eabi/lib/thumb/v7e-m+fp/hard\libc_nano.a(libc_a-stdio.o)
                0x00000000080084ca                __swrite
 .text.__sseek  0x0000000008008502       0x24 C:/ST/STM32CubeIDE_1.14.0/STM32CubeIDE/plugins/com.st.stm32cube.ide.mcu.externaltools.gnu-tools-for-stm32.11.3.rel1.win32_1.1.100.202309141235/tools/bin/../lib/gcc/arm-none-eabi/11.3.1/../../../../arm-none-eabi/lib/thumb/v7e-m+fp/hard\libc_nano.a(libc_a-stdio.o)
                0x0000000008008502                __sseek
 .text.__sclose
                0x0000000008008526        0x8 C:/ST/STM32CubeIDE_1.14.0/STM32CubeIDE/plugins/com.st.stm32cube.ide.mcu.externaltools.gnu-tools-for-stm32.11.3.rel1.win32_1.1.100.202309141235/tools/bin/../lib/gcc/arm-none-eabi/11.3.1/../../../../arm-none-eabi/lib/thumb/v7e-m+fp/hard\libc_nano.a(libc_a-stdio.o)
                0x0000000008008526                __sclose
 .text.memset   0x000000000800852e       0x10 C:/ST/STM32CubeIDE_1.14.0/STM32CubeIDE/plugins/com.st.stm32cube.ide.mcu.externaltools.gnu-tools-for-stm32.11.3.rel1.win32_1.1.100.202309141235/tools/bin/../lib/gcc/arm-none-eabi/11.3.1/../../../../arm-none-eabi/lib/thumb/v7e-m+fp/hard\libc_nano.a(libc_a-memset.o)
                0x000000000800852e                memset
 *fill*         0x000000000800853e        0x2 
 .text._close_r
                0x0000000008008540       0x20 C:/ST/STM32CubeIDE_1.14.0/STM32CubeIDE/plugins/com.st.stm32cube.ide.mcu.externaltools.gnu-tools-for-stm32.11.3.rel1.win32_1.1.100.202309141235/tools/bin/../lib/gcc/arm-none-eabi/11.3.1/../../../../arm-none-eabi/lib/thumb/v7e-m+fp/hard\libc_nano.a(libc_a-closer.o)
                0x0000000008008540                _close_r
 .text._lseek_r
                0x0000000008008560       0x24 C:/ST/STM32CubeIDE_1.14.0/STM32CubeIDE/plugins/com.st.stm32cube.ide.mcu.externaltools.gnu-tools-for-stm32.11.3.rel1.win32_1.1.100.202309141235/tools/bin/../lib/gcc/arm-none-eabi/11.3.1/../../../../arm-none-eabi/lib/thumb/v7e-m+fp/hard\libc_nano.a(libc_a-lseekr.o)
                0x0000000008008560                _lseek_r
 .text._read_r  0x0000000008008584       0x24 C:/ST/STM32CubeIDE_1.14.0/STM32CubeIDE/plugins/com.st.stm32cube.ide.mcu.externaltools.gnu-tools-for-stm32.11.3.rel1.win32_1.1.100.202309141235/tools/bin/../lib/gcc/arm-none-eabi/11.3.1/../../../../arm-none-eabi/lib/thumb/v7e-m+fp/hard\libc_nano.a(libc_a-readr.o)
                0x0000000008008584                _read_r
 .text._write_r
                0x00000000080085a8       0x24 C:/ST/STM32CubeIDE_1.14.0/STM32CubeIDE/plugins/com.st.stm32cube.ide.mcu.externaltools.gnu-tools-for-stm32.11.3.rel1.win32_1.1.100.202309141235/tools/bin/../lib/gcc/arm-none-eabi/11.3.1/../../../../arm-none-eabi/lib/thumb/v7e-m+fp/hard\libc_nano.a(libc_a-writer.o)
                0x00000000080085a8                _write_r
 .text.__errno  0x00000000080085cc        0xc C:/ST/STM32CubeIDE_1.14.0/STM32CubeIDE/plugins/com.st.stm32cube.ide.mcu.externaltools.gnu-tools-for-stm32.11.3.rel1.win32_1.1.100.202309141235/tools/bin/../lib/gcc/arm-none-eabi/11.3.1/../../../../arm-none-eabi/lib/thumb/v7e-m+fp/hard\libc_nano.a(libc_a-errno.o)
                0x00000000080085cc                __errno
 .text.__libc_init_array
                0x00000000080085d8       0x48 C:/ST/STM32CubeIDE_1.14.0/STM32CubeIDE/plugins/com.st.stm32cube.ide.mcu.externaltools.gnu-tools-for-stm32.11.3.rel1.win32_1.1.100.202309141235/tools/bin/../lib/gcc/arm-none-eabi/11.3.1/../../../../arm-none-eabi/lib/thumb/v7e-m+fp/hard\libc_nano.a(libc_a-init.o)
                0x00000000080085d8                __libc_init_array
 .text.__retarget_lock_init_recursive
                0x0000000008008620        0x2 C:/ST/STM32CubeIDE_1.14.0/STM32CubeIDE/plugins/com.st.stm32cube.ide.mcu.externaltools.gnu-tools-for-stm32.11.3.rel1.win32_1.1.100.202309141235/tools/bin/../lib/gcc/arm-none-eabi/11.3.1/../../../../arm-none-eabi/lib/thumb/v7e-m+fp/hard\libc_nano.a(libc_a-lock.o)
                0x0000000008008620                __retarget_lock_init_recursive
 .text.__retarget_lock_acquire_recursive
                0x0000000008008622        0x2 C:/ST/STM32CubeIDE_1.14.0/STM32CubeIDE/plugins/com.st.stm32cube.ide.mcu.externaltools.gnu-tools-for-stm32.11.3.rel1.win32_1.1.100.202309141235/tools/bin/../lib/gcc/arm-none-eabi/11.3.1/../../../../arm-none-eabi/lib/thumb/v7e-m+fp/hard\libc_nano.a(libc_a-lock.o)
                0x0000000008008622                __retarget_lock_acquire_recursive
 .text.__retarget_lock_release_recursive
                0x0000000008008624        0x2 C:/ST/STM32CubeIDE_1.14.0/STM32CubeIDE/plugins/com.st.stm32cube.ide.mcu.externaltools.gnu-tools-for-stm32.11.3.rel1.win32_1.1.100.202309141235/tools/bin/../lib/gcc/arm-none-eabi/11.3.1/../../../../arm-none-eabi/lib/thumb/v7e-m+fp/hard\libc_nano.a(libc_a-lock.o)
                0x0000000008008624                __retarget_lock_release_recursive
 .text.memcpy   0x0000000008008626       0x1c C:/ST/STM32CubeIDE_1.14.0/STM32CubeIDE/plugins/com.st.stm32cube.ide.mcu.externaltools.gnu-tools-for-stm32.11.3.rel1.win32_1.1.100.202309141235/tools/bin/../lib/gcc/arm-none-eabi/11.3.1/../../../../arm-none-eabi/lib/thumb/v7e-m+fp/hard\libc_nano.a(libc_a-memcpy-stub.o)
                0x0000000008008626                memcpy
 *fill*         0x0000000008008642        0x2 
 .text.__assert_func
                0x0000000008008644       0x3c C:/ST/STM32CubeIDE_1.14.0/STM32CubeIDE/plugins/com.st.stm32cube.ide.mcu.externaltools.gnu-tools-for-stm32.11.3.rel1.win32_1.1.100.202309141235/tools/bin/../lib/gcc/arm-none-eabi/11.3.1/../../../../arm-none-eabi/lib/thumb/v7e-m+fp/hard\libc_nano.a(libc_a-assert.o)
                0x0000000008008644                __assert_func
 .text._free_r  0x0000000008008680       0x98 C:/ST/STM32CubeIDE_1.14.0/STM32CubeIDE/plugins/com.st.stm32cube.ide.mcu.externaltools.gnu-tools-for-stm32.11.3.rel1.win32_1.1.100.202309141235/tools/bin/../lib/gcc/arm-none-eabi/11.3.1/../../../../arm-none-eabi/lib/thumb/v7e-m+fp/hard\libc_nano.a(libc_a-freer.o)
                0x0000000008008680                _free_r
 .text.malloc   0x0000000008008718       0x10 C:/ST/STM32CubeIDE_1.14.0/STM32CubeIDE/plugins/com.st.stm32cube.ide.mcu.externaltools.gnu-tools-for-stm32.11.3.rel1.win32_1.1.100.202309141235/tools/bin/../lib/gcc/arm-none-eabi/11.3.1/../../../../arm-none-eabi/lib/thumb/v7e-m+fp/hard\libc_nano.a(libc_a-malloc.o)
                0x0000000008008718                malloc
 .text.sbrk_aligned
                0x0000000008008728       0x40 C:/ST/STM32CubeIDE_1.14.0/STM32CubeIDE/plugins/com.st.stm32cube.ide.mcu.externaltools.gnu-tools-for-stm32.11.3.rel1.win32_1.1.100.202309141235/tools/bin/../lib/gcc/arm-none-eabi/11.3.1/../../../../arm-none-eabi/lib/thumb/v7e-m+fp/hard\libc_nano.a(libc_a-mallocr.o)
 .text._malloc_r
                0x0000000008008768      0x100 C:/ST/STM32CubeIDE_1.14.0/STM32CubeIDE/plugins/com.st.stm32cube.ide.mcu.externaltools.gnu-tools-for-stm32.11.3.rel1.win32_1.1.100.202309141235/tools/bin/../lib/gcc/arm-none-eabi/11.3.1/../../../../arm-none-eabi/lib/thumb/v7e-m+fp/hard\libc_nano.a(libc_a-mallocr.o)
                0x0000000008008768                _malloc_r
 .text.__malloc_lock
                0x0000000008008868        0xc C:/ST/STM32CubeIDE_1.14.0/STM32CubeIDE/plugins/com.st.stm32cube.ide.mcu.externaltools.gnu-tools-for-stm32.11.3.rel1.win32_1.1.100.202309141235/tools/bin/../lib/gcc/arm-none-eabi/11.3.1/../../../../arm-none-eabi/lib/thumb/v7e-m+fp/hard\libc_nano.a(libc_a-mlock.o)
                0x0000000008008868                __malloc_lock
 .text.__malloc_unlock
                0x0000000008008874        0xc C:/ST/STM32CubeIDE_1.14.0/STM32CubeIDE/plugins/com.st.stm32cube.ide.mcu.externaltools.gnu-tools-for-stm32.11.3.rel1.win32_1.1.100.202309141235/tools/bin/../lib/gcc/arm-none-eabi/11.3.1/../../../../arm-none-eabi/lib/thumb/v7e-m+fp/hard\libc_nano.a(libc_a-mlock.o)
                0x0000000008008874                __malloc_unlock
 .text._printf_common
                0x0000000008008880       0xda C:/ST/STM32CubeIDE_1.14.0/STM32CubeIDE/plugins/com.st.stm32cube.ide.mcu.externaltools.gnu-tools-for-stm32.11.3.rel1.win32_1.1.100.202309141235/tools/bin/../lib/gcc/arm-none-eabi/11.3.1/../../../../arm-none-eabi/lib/thumb/v7e-m+fp/hard\libc_nano.a(libc_a-nano-vfprintf_i.o)
                0x0000000008008880                _printf_common
 *fill*         0x000000000800895a        0x2 
 .text._printf_i
                0x000000000800895c      0x244 C:/ST/STM32CubeIDE_1.14.0/STM32CubeIDE/plugins/com.st.stm32cube.ide.mcu.externaltools.gnu-tools-for-stm32.11.3.rel1.win32_1.1.100.202309141235/tools/bin/../lib/gcc/arm-none-eabi/11.3.1/../../../../arm-none-eabi/lib/thumb/v7e-m+fp/hard\libc_nano.a(libc_a-nano-vfprintf_i.o)
                0x000000000800895c                _printf_i
 .text.__sflush_r
                0x0000000008008ba0      0x10c C:/ST/STM32CubeIDE_1.14.0/STM32CubeIDE/plugins/com.st.stm32cube.ide.mcu.externaltools.gnu-tools-for-stm32.11.3.rel1.win32_1.1.100.202309141235/tools/bin/../lib/gcc/arm-none-eabi/11.3.1/../../../../arm-none-eabi/lib/thumb/v7e-m+fp/hard\libc_nano.a(libc_a-fflush.o)
                0x0000000008008ba0                __sflush_r
 .text._fflush_r
                0x0000000008008cac       0x50 C:/ST/STM32CubeIDE_1.14.0/STM32CubeIDE/plugins/com.st.stm32cube.ide.mcu.externaltools.gnu-tools-for-stm32.11.3.rel1.win32_1.1.100.202309141235/tools/bin/../lib/gcc/arm-none-eabi/11.3.1/../../../../arm-none-eabi/lib/thumb/v7e-m+fp/hard\libc_nano.a(libc_a-fflush.o)
                0x0000000008008cac                _fflush_r
 .text.fprintf  0x0000000008008cfc       0x24 C:/ST/STM32CubeIDE_1.14.0/STM32CubeIDE/plugins/com.st.stm32cube.ide.mcu.externaltools.gnu-tools-for-stm32.11.3.rel1.win32_1.1.100.202309141235/tools/bin/../lib/gcc/arm-none-eabi/11.3.1/../../../../arm-none-eabi/lib/thumb/v7e-m+fp/hard\libc_nano.a(libc_a-fprintf.o)
                0x0000000008008cfc                fiprintf
                0x0000000008008cfc                fprintf
 .text._sbrk_r  0x0000000008008d20       0x20 C:/ST/STM32CubeIDE_1.14.0/STM32CubeIDE/plugins/com.st.stm32cube.ide.mcu.externaltools.gnu-tools-for-stm32.11.3.rel1.win32_1.1.100.202309141235/tools/bin/../lib/gcc/arm-none-eabi/11.3.1/../../../../arm-none-eabi/lib/thumb/v7e-m+fp/hard\libc_nano.a(libc_a-sbrkr.o)
                0x0000000008008d20                _sbrk_r
 .text.abort    0x0000000008008d40        0xe C:/ST/STM32CubeIDE_1.14.0/STM32CubeIDE/plugins/com.st.stm32cube.ide.mcu.externaltools.gnu-tools-for-stm32.11.3.rel1.win32_1.1.100.202309141235/tools/bin/../lib/gcc/arm-none-eabi/11.3.1/../../../../arm-none-eabi/lib/thumb/v7e-m+fp/hard\libc_nano.a(libc_a-abort.o)
                0x0000000008008d40                abort
 .text.__sfputc_r
                0x0000000008008d4e       0x2e C:/ST/STM32CubeIDE_1.14.0/STM32CubeIDE/plugins/com.st.stm32cube.ide.mcu.externaltools.gnu-tools-for-stm32.11.3.rel1.win32_1.1.100.202309141235/tools/bin/../lib/gcc/arm-none-eabi/11.3.1/../../../../arm-none-eabi/lib/thumb/v7e-m+fp/hard\libc_nano.a(libc_a-nano-vfprintf.o)
 .text.__sfputs_r
                0x0000000008008d7c       0x24 C:/ST/STM32CubeIDE_1.14.0/STM32CubeIDE/plugins/com.st.stm32cube.ide.mcu.externaltools.gnu-tools-for-stm32.11.3.rel1.win32_1.1.100.202309141235/tools/bin/../lib/gcc/arm-none-eabi/11.3.1/../../../../arm-none-eabi/lib/thumb/v7e-m+fp/hard\libc_nano.a(libc_a-nano-vfprintf.o)
                0x0000000008008d7c                __sfputs_r
 .text._vfprintf_r
                0x0000000008008da0      0x234 C:/ST/STM32CubeIDE_1.14.0/STM32CubeIDE/plugins/com.st.stm32cube.ide.mcu.externaltools.gnu-tools-for-stm32.11.3.rel1.win32_1.1.100.202309141235/tools/bin/../lib/gcc/arm-none-eabi/11.3.1/../../../../arm-none-eabi/lib/thumb/v7e-m+fp/hard\libc_nano.a(libc_a-nano-vfprintf.o)
                0x0000000008008da0                _vfprintf_r
                0x0000000008008da0                _vfiprintf_r
 .text.__swbuf_r
                0x0000000008008fd4       0x7a C:/ST/STM32CubeIDE_1.14.0/STM32CubeIDE/plugins/com.st.stm32cube.ide.mcu.externaltools.gnu-tools-for-stm32.11.3.rel1.win32_1.1.100.202309141235/tools/bin/../lib/gcc/arm-none-eabi/11.3.1/../../../../arm-none-eabi/lib/thumb/v7e-m+fp/hard\libc_nano.a(libc_a-wbuf.o)
                0x0000000008008fd4                __swbuf_r
 *fill*         0x000000000800904e        0x2 
 .text.__swsetup_r
                0x0000000008009050       0xb0 C:/ST/STM32CubeIDE_1.14.0/STM32CubeIDE/plugins/com.st.stm32cube.ide.mcu.externaltools.gnu-tools-for-stm32.11.3.rel1.win32_1.1.100.202309141235/tools/bin/../lib/gcc/arm-none-eabi/11.3.1/../../../../arm-none-eabi/lib/thumb/v7e-m+fp/hard\libc_nano.a(libc_a-wsetup.o)
                0x0000000008009050                __swsetup_r
 .text._raise_r
                0x0000000008009100       0x50 C:/ST/STM32CubeIDE_1.14.0/STM32CubeIDE/plugins/com.st.stm32cube.ide.mcu.externaltools.gnu-tools-for-stm32.11.3.rel1.win32_1.1.100.202309141235/tools/bin/../lib/gcc/arm-none-eabi/11.3.1/../../../../arm-none-eabi/lib/thumb/v7e-m+fp/hard\libc_nano.a(libc_a-signal.o)
                0x0000000008009100                _raise_r
 .text.raise    0x0000000008009150       0x10 C:/ST/STM32CubeIDE_1.14.0/STM32CubeIDE/plugins/com.st.stm32cube.ide.mcu.externaltools.gnu-tools-for-stm32.11.3.rel1.win32_1.1.100.202309141235/tools/bin/../lib/gcc/arm-none-eabi/11.3.1/../../../../arm-none-eabi/lib/thumb/v7e-m+fp/hard\libc_nano.a(libc_a-signal.o)
                0x0000000008009150                raise
 .text._kill_r  0x0000000008009160       0x24 C:/ST/STM32CubeIDE_1.14.0/STM32CubeIDE/plugins/com.st.stm32cube.ide.mcu.externaltools.gnu-tools-for-stm32.11.3.rel1.win32_1.1.100.202309141235/tools/bin/../lib/gcc/arm-none-eabi/11.3.1/../../../../arm-none-eabi/lib/thumb/v7e-m+fp/hard\libc_nano.a(libc_a-signalr.o)
                0x0000000008009160                _kill_r
 .text._getpid_r
                0x0000000008009184        0x4 C:/ST/STM32CubeIDE_1.14.0/STM32CubeIDE/plugins/com.st.stm32cube.ide.mcu.externaltools.gnu-tools-for-stm32.11.3.rel1.win32_1.1.100.202309141235/tools/bin/../lib/gcc/arm-none-eabi/11.3.1/../../../../arm-none-eabi/lib/thumb/v7e-m+fp/hard\libc_nano.a(libc_a-signalr.o)
                0x0000000008009184                _getpid_r
 .text.__swhatbuf_r
                0x0000000008009188       0x4c C:/ST/STM32CubeIDE_1.14.0/STM32CubeIDE/plugins/com.st.stm32cube.ide.mcu.externaltools.gnu-tools-for-stm32.11.3.rel1.win32_1.1.100.202309141235/tools/bin/../lib/gcc/arm-none-eabi/11.3.1/../../../../arm-none-eabi/lib/thumb/v7e-m+fp/hard\libc_nano.a(libc_a-makebuf.o)
                0x0000000008009188                __swhatbuf_r
 .text.__smakebuf_r
                0x00000000080091d4       0x78 C:/ST/STM32CubeIDE_1.14.0/STM32CubeIDE/plugins/com.st.stm32cube.ide.mcu.externaltools.gnu-tools-for-stm32.11.3.rel1.win32_1.1.100.202309141235/tools/bin/../lib/gcc/arm-none-eabi/11.3.1/../../../../arm-none-eabi/lib/thumb/v7e-m+fp/hard\libc_nano.a(libc_a-makebuf.o)
                0x00000000080091d4                __smakebuf_r
 .text._fstat_r
                0x000000000800924c       0x24 C:/ST/STM32CubeIDE_1.14.0/STM32CubeIDE/plugins/com.st.stm32cube.ide.mcu.externaltools.gnu-tools-for-stm32.11.3.rel1.win32_1.1.100.202309141235/tools/bin/../lib/gcc/arm-none-eabi/11.3.1/../../../../arm-none-eabi/lib/thumb/v7e-m+fp/hard\libc_nano.a(libc_a-fstatr.o)
                0x000000000800924c                _fstat_r
 .text._isatty_r
                0x0000000008009270       0x20 C:/ST/STM32CubeIDE_1.14.0/STM32CubeIDE/plugins/com.st.stm32cube.ide.mcu.externaltools.gnu-tools-for-stm32.11.3.rel1.win32_1.1.100.202309141235/tools/bin/../lib/gcc/arm-none-eabi/11.3.1/../../../../arm-none-eabi/lib/thumb/v7e-m+fp/hard\libc_nano.a(libc_a-isattyr.o)
                0x0000000008009270                _isatty_r
 *(.glue_7)
 .glue_7        0x0000000008009290        0x0 linker stubs
 *(.glue_7t)
 .glue_7t       0x0000000008009290        0x0 linker stubs
 *(.eh_frame)
 .eh_frame      0x0000000008009290        0x0 C:/ST/STM32CubeIDE_1.14.0/STM32CubeIDE/plugins/com.st.stm32cube.ide.mcu.externaltools.gnu-tools-for-stm32.11.3.rel1.win32_1.1.100.202309141235/tools/bin/../lib/gcc/arm-none-eabi/11.3.1/thumb/v7e-m+fp/hard/crtbegin.o
 *(.init)
 .init          0x0000000008009290        0x4 C:/ST/STM32CubeIDE_1.14.0/STM32CubeIDE/plugins/com.st.stm32cube.ide.mcu.externaltools.gnu-tools-for-stm32.11.3.rel1.win32_1.1.100.202309141235/tools/bin/../lib/gcc/arm-none-eabi/11.3.1/thumb/v7e-m+fp/hard/crti.o
                0x0000000008009290                _init
 .init          0x0000000008009294        0x8 C:/ST/STM32CubeIDE_1.14.0/STM32CubeIDE/plugins/com.st.stm32cube.ide.mcu.externaltools.gnu-tools-for-stm32.11.3.rel1.win32_1.1.100.202309141235/tools/bin/../lib/gcc/arm-none-eabi/11.3.1/thumb/v7e-m+fp/hard/crtn.o
 *(.fini)
 .fini          0x000000000800929c        0x4 C:/ST/STM32CubeIDE_1.14.0/STM32CubeIDE/plugins/com.st.stm32cube.ide.mcu.externaltools.gnu-tools-for-stm32.11.3.rel1.win32_1.1.100.202309141235/tools/bin/../lib/gcc/arm-none-eabi/11.3.1/thumb/v7e-m+fp/hard/crti.o
                0x000000000800929c                _fini
 .fini          0x00000000080092a0        0x8 C:/ST/STM32CubeIDE_1.14.0/STM32CubeIDE/plugins/com.st.stm32cube.ide.mcu.externaltools.gnu-tools-for-stm32.11.3.rel1.win32_1.1.100.202309141235/tools/bin/../lib/gcc/arm-none-eabi/11.3.1/thumb/v7e-m+fp/hard/crtn.o
                0x00000000080092a8                . = ALIGN (0x4)
                0x00000000080092a8                _etext = .

.vfp11_veneer   0x00000000080092a8        0x0
 .vfp11_veneer  0x00000000080092a8        0x0 linker stubs

.v4_bx          0x00000000080092a8        0x0
 .v4_bx         0x00000000080092a8        0x0 linker stubs

.iplt           0x00000000080092a8        0x0
 .iplt          0x00000000080092a8        0x0 C:/ST/STM32CubeIDE_1.14.0/STM32CubeIDE/plugins/com.st.stm32cube.ide.mcu.externaltools.gnu-tools-for-stm32.11.3.rel1.win32_1.1.100.202309141235/tools/bin/../lib/gcc/arm-none-eabi/11.3.1/thumb/v7e-m+fp/hard/crtbegin.o

.rodata         0x00000000080092a8    0x6facc
                0x00000000080092a8                . = ALIGN (0x4)
 *(.rodata)
 .rodata        0x00000000080092a8       0xc6 ./Core/Src/display.o
 *(.rodata*)
 .rodata.screen0x02.str1.1
                0x000000000800936e        0xa ./Core/Src/display.o
 .rodata.screen0x08.str1.1
                0x0000000008009378       0x1a ./Core/Src/display.o
 .rodata.screen0x10.str1.1
                0x0000000008009392       0x10 ./Core/Src/display.o
 .rodata.screen0x13.str1.1
                0x00000000080093a2       0x1a ./Core/Src/display.o
                                         0x22 (size before relaxing)
 .rodata.screen0x99.str1.1
                0x00000000080093bc       0x13 ./Core/Src/display.o
 .rodata.screen0x03.str1.1
                0x00000000080093cf       0x3f ./Core/Src/display.o
 .rodata.screen0x04.str1.1
                0x000000000800940e       0x16 ./Core/Src/display.o
                                         0x1d (size before relaxing)
 .rodata.screen0x07.str1.1
                0x0000000008009424        0x2 ./Core/Src/display.o
                                         0x12 (size before relaxing)
 .rodata.screen0x09.str1.1
                0x0000000008009426        0x6 ./Core/Src/display.o
                                          0xc (size before relaxing)
 .rodata.screen0x0a.str1.1
                0x000000000800942c        0x7 ./Core/Src/display.o
 .rodata.screen0x0b.str1.1
                0x0000000008009433        0x6 ./Core/Src/display.o
 .rodata.screen0x0c.str1.1
                0x0000000008009439        0x6 ./Core/Src/display.o
 .rodata.screen0x0d.str1.1
                0x000000000800943f       0x1c ./Core/Src/display.o
 .rodata.screen0x0e.str1.1
                0x000000000800945b        0xc ./Core/Src/display.o
 .rodata.screen0x0f.str1.1
                0x0000000008009467        0x9 ./Core/Src/display.o
                                         0x12 (size before relaxing)
 .rodata.screen0x11.str1.1
                0x0000000008009470       0x23 ./Core/Src/display.o
 .rodata.screen0x12.str1.1
                0x0000000008009493       0x10 ./Core/Src/display.o
 .rodata.screen0x17.str1.1
                0x00000000080094a3        0x9 ./Core/Src/display.o
 .rodata.screen0x18.str1.1
                0x00000000080094ac        0x9 ./Core/Src/display.o
 .rodata.screen0x1D.str1.1
                0x00000000080094b5        0xa ./Core/Src/display.o
 .rodata.WelcomeAnimation.str1.1
                0x00000000080094bf       0x5e ./Core/Src/display.o
                                         0x62 (size before relaxing)
 .rodata.preloadScreen.str1.1
                0x000000000800951d        0xb ./Core/Src/display.o
                                          0xd (size before relaxing)
 .rodata.DoubleTopLogo_Gold
                0x0000000008009528    0x167e3 ./Core/Src/pattern.o
                0x0000000008009528                DoubleTopLogo_Gold
 .rodata.DoubleTop_Mono
                0x000000000801fd0b     0x9600 ./Core/Src/pattern.o
                0x000000000801fd0b                DoubleTop_Mono
 .rodata.NewBonusBackground_Sized
                0x000000000802930b    0x1f400 ./Core/Src/pattern.o
                0x000000000802930b                NewBonusBackground_Sized
 .rodata.NewTOP
                0x000000000804870b    0x1ef00 ./Core/Src/pattern.o
                0x000000000804870b                NewTOP
 .rodata.Small_Top_Black_198x360
                0x000000000806760b    0x11670 ./Core/Src/pattern.o
                0x000000000806760b                Small_Top_Black_198x360
 .rodata.AHBPrescTable
                0x0000000008078c7b       0x10 ./Core/Src/system_stm32f4xx.o
                0x0000000008078c7b                AHBPrescTable
 .rodata.APBPrescTable
                0x0000000008078c8b        0x8 ./Core/Src/system_stm32f4xx.o
                0x0000000008078c8b                APBPrescTable
 .rodata.srand.str1.1
                0x0000000008078c93       0x6f C:/ST/STM32CubeIDE_1.14.0/STM32CubeIDE/plugins/com.st.stm32cube.ide.mcu.externaltools.gnu-tools-for-stm32.11.3.rel1.win32_1.1.100.202309141235/tools/bin/../lib/gcc/arm-none-eabi/11.3.1/../../../../arm-none-eabi/lib/thumb/v7e-m+fp/hard\libc_nano.a(libc_a-rand.o)
 .rodata.__assert_func.str1.1
                0x0000000008078d02       0x3c C:/ST/STM32CubeIDE_1.14.0/STM32CubeIDE/plugins/com.st.stm32cube.ide.mcu.externaltools.gnu-tools-for-stm32.11.3.rel1.win32_1.1.100.202309141235/tools/bin/../lib/gcc/arm-none-eabi/11.3.1/../../../../arm-none-eabi/lib/thumb/v7e-m+fp/hard\libc_nano.a(libc_a-assert.o)
                                         0x3d (size before relaxing)
 .rodata._printf_i.str1.1
                0x0000000008078d3e       0x22 C:/ST/STM32CubeIDE_1.14.0/STM32CubeIDE/plugins/com.st.stm32cube.ide.mcu.externaltools.gnu-tools-for-stm32.11.3.rel1.win32_1.1.100.202309141235/tools/bin/../lib/gcc/arm-none-eabi/11.3.1/../../../../arm-none-eabi/lib/thumb/v7e-m+fp/hard\libc_nano.a(libc_a-nano-vfprintf_i.o)
 .rodata._vfprintf_r.str1.1
                0x0000000008078d60       0x11 C:/ST/STM32CubeIDE_1.14.0/STM32CubeIDE/plugins/com.st.stm32cube.ide.mcu.externaltools.gnu-tools-for-stm32.11.3.rel1.win32_1.1.100.202309141235/tools/bin/../lib/gcc/arm-none-eabi/11.3.1/../../../../arm-none-eabi/lib/thumb/v7e-m+fp/hard\libc_nano.a(libc_a-nano-vfprintf.o)
                0x0000000008078d74                . = ALIGN (0x4)
 *fill*         0x0000000008078d71        0x3 

.ARM.extab      0x0000000008078d74        0x0
                0x0000000008078d74                . = ALIGN (0x4)
 *(.ARM.extab* .gnu.linkonce.armextab.*)
                0x0000000008078d74                . = ALIGN (0x4)

.ARM            0x0000000008078d74        0x8
                0x0000000008078d74                . = ALIGN (0x4)
                0x0000000008078d74                __exidx_start = .
 *(.ARM.exidx*)
 .ARM.exidx     0x0000000008078d74        0x8 C:/ST/STM32CubeIDE_1.14.0/STM32CubeIDE/plugins/com.st.stm32cube.ide.mcu.externaltools.gnu-tools-for-stm32.11.3.rel1.win32_1.1.100.202309141235/tools/bin/../lib/gcc/arm-none-eabi/11.3.1/thumb/v7e-m+fp/hard\libgcc.a(_udivmoddi4.o)
                0x0000000008078d7c                __exidx_end = .
                0x0000000008078d7c                . = ALIGN (0x4)

.rel.dyn        0x0000000008078d7c        0x0
 .rel.iplt      0x0000000008078d7c        0x0 C:/ST/STM32CubeIDE_1.14.0/STM32CubeIDE/plugins/com.st.stm32cube.ide.mcu.externaltools.gnu-tools-for-stm32.11.3.rel1.win32_1.1.100.202309141235/tools/bin/../lib/gcc/arm-none-eabi/11.3.1/thumb/v7e-m+fp/hard/crtbegin.o

.preinit_array  0x0000000008078d7c        0x0
                0x0000000008078d7c                . = ALIGN (0x4)
                0x0000000008078d7c                PROVIDE (__preinit_array_start = .)
 *(.preinit_array*)
                0x0000000008078d7c                PROVIDE (__preinit_array_end = .)
                0x0000000008078d7c                . = ALIGN (0x4)

.init_array     0x0000000008078d7c        0x4
                0x0000000008078d7c                . = ALIGN (0x4)
                0x0000000008078d7c                PROVIDE (__init_array_start = .)
 *(SORT_BY_NAME(.init_array.*))
 *(.init_array*)
 .init_array    0x0000000008078d7c        0x4 C:/ST/STM32CubeIDE_1.14.0/STM32CubeIDE/plugins/com.st.stm32cube.ide.mcu.externaltools.gnu-tools-for-stm32.11.3.rel1.win32_1.1.100.202309141235/tools/bin/../lib/gcc/arm-none-eabi/11.3.1/thumb/v7e-m+fp/hard/crtbegin.o
                0x0000000008078d80                PROVIDE (__init_array_end = .)
                0x0000000008078d80                . = ALIGN (0x4)

.fini_array     0x0000000008078d80        0x4
                0x0000000008078d80                . = ALIGN (0x4)
                [!provide]                        PROVIDE (__fini_array_start = .)
 *(SORT_BY_NAME(.fini_array.*))
 *(.fini_array*)
 .fini_array    0x0000000008078d80        0x4 C:/ST/STM32CubeIDE_1.14.0/STM32CubeIDE/plugins/com.st.stm32cube.ide.mcu.externaltools.gnu-tools-for-stm32.11.3.rel1.win32_1.1.100.202309141235/tools/bin/../lib/gcc/arm-none-eabi/11.3.1/thumb/v7e-m+fp/hard/crtbegin.o
                [!provide]                        PROVIDE (__fini_array_end = .)
                0x0000000008078d84                . = ALIGN (0x4)
                0x0000000008078d84                _sidata = LOADADDR (.data)

.data           0x0000000020000000       0x84 load address 0x0000000008078d84
                0x0000000020000000                . = ALIGN (0x4)
                0x0000000020000000                _sdata = .
 *(.data)
 *(.data*)
 .data.fullcolor
                0x0000000020000000        0x1 ./Core/Src/commands.o
                0x0000000020000000                fullcolor
 *fill*         0x0000000020000001        0x3 
 .data.colors   0x0000000020000004       0x18 ./Core/Src/display.o
                0x0000000020000004                colors
 .data.SystemCoreClock
                0x000000002000001c        0x4 ./Core/Src/system_stm32f4xx.o
                0x000000002000001c                SystemCoreClock
 .data.uwTickFreq
                0x0000000020000020        0x1 ./Drivers/STM32F4xx_HAL_Driver/Src/stm32f4xx_hal.o
                0x0000000020000020                uwTickFreq
 *fill*         0x0000000020000021        0x3 
 .data.uwTickPrio
                0x0000000020000024        0x4 ./Drivers/STM32F4xx_HAL_Driver/Src/stm32f4xx_hal.o
                0x0000000020000024                uwTickPrio
 .data.__sglue  0x0000000020000028        0xc C:/ST/STM32CubeIDE_1.14.0/STM32CubeIDE/plugins/com.st.stm32cube.ide.mcu.externaltools.gnu-tools-for-stm32.11.3.rel1.win32_1.1.100.202309141235/tools/bin/../lib/gcc/arm-none-eabi/11.3.1/../../../../arm-none-eabi/lib/thumb/v7e-m+fp/hard\libc_nano.a(libc_a-findfp.o)
                0x0000000020000028                __sglue
 .data._impure_data
                0x0000000020000034       0x4c C:/ST/STM32CubeIDE_1.14.0/STM32CubeIDE/plugins/com.st.stm32cube.ide.mcu.externaltools.gnu-tools-for-stm32.11.3.rel1.win32_1.1.100.202309141235/tools/bin/../lib/gcc/arm-none-eabi/11.3.1/../../../../arm-none-eabi/lib/thumb/v7e-m+fp/hard\libc_nano.a(libc_a-impure.o)
                0x0000000020000034                _impure_data
 .data._impure_ptr
                0x0000000020000080        0x4 C:/ST/STM32CubeIDE_1.14.0/STM32CubeIDE/plugins/com.st.stm32cube.ide.mcu.externaltools.gnu-tools-for-stm32.11.3.rel1.win32_1.1.100.202309141235/tools/bin/../lib/gcc/arm-none-eabi/11.3.1/../../../../arm-none-eabi/lib/thumb/v7e-m+fp/hard\libc_nano.a(libc_a-impure.o)
                0x0000000020000080                _impure_ptr
 *(.RamFunc)
 *(.RamFunc*)
                0x0000000020000084                . = ALIGN (0x4)
                0x0000000020000084                _edata = .

.igot.plt       0x0000000020000084        0x0 load address 0x0000000008078e08
 .igot.plt      0x0000000020000084        0x0 C:/ST/STM32CubeIDE_1.14.0/STM32CubeIDE/plugins/com.st.stm32cube.ide.mcu.externaltools.gnu-tools-for-stm32.11.3.rel1.win32_1.1.100.202309141235/tools/bin/../lib/gcc/arm-none-eabi/11.3.1/thumb/v7e-m+fp/hard/crtbegin.o
                0x0000000020000084                . = ALIGN (0x4)

.bss            0x0000000020000084      0x9d8 load address 0x0000000008078e08
                0x0000000020000084                _sbss = .
                0x0000000020000084                __bss_start__ = _sbss
 *(.bss)
 .bss           0x0000000020000084       0x1c C:/ST/STM32CubeIDE_1.14.0/STM32CubeIDE/plugins/com.st.stm32cube.ide.mcu.externaltools.gnu-tools-for-stm32.11.3.rel1.win32_1.1.100.202309141235/tools/bin/../lib/gcc/arm-none-eabi/11.3.1/thumb/v7e-m+fp/hard/crtbegin.o
 *(.bss*)
 .bss.aRxBuffer
                0x00000000200000a0      0x200 ./Core/Src/commands.o
                0x00000000200000a0                aRxBuffer
 .bss.aTxBuffer
                0x00000000200002a0      0x200 ./Core/Src/commands.o
                0x00000000200002a0                aTxBuffer
 .bss.cmd       0x00000000200004a0        0x1 ./Core/Src/commands.o
                0x00000000200004a0                cmd
 .bss.currentIndex
                0x00000000200004a1        0x1 ./Core/Src/commands.o
                0x00000000200004a1                currentIndex
 .bss.currentTask
                0x00000000200004a2        0x1 ./Core/Src/commands.o
                0x00000000200004a2                currentTask
 .bss.displayText
                0x00000000200004a3      0x100 ./Core/Src/commands.o
                0x00000000200004a3                displayText
 *fill*         0x00000000200005a3        0x1 
 .bss.idleTime  0x00000000200005a4        0x4 ./Core/Src/commands.o
                0x00000000200005a4                idleTime
 .bss.initping  0x00000000200005a8        0x1 ./Core/Src/commands.o
                0x00000000200005a8                initping
 .bss.len       0x00000000200005a9        0x1 ./Core/Src/commands.o
                0x00000000200005a9                len
 .bss.mainBuffer
                0x00000000200005aa      0x200 ./Core/Src/commands.o
                0x00000000200005aa                mainBuffer
 .bss.mtflag    0x00000000200007aa        0x1 ./Core/Src/commands.o
                0x00000000200007aa                mtflag
 .bss.multiIndex
                0x00000000200007ab        0x2 ./Core/Src/commands.o
                0x00000000200007ab                multiIndex
 *fill*         0x00000000200007ad        0x3 
 .bss.multiLength
                0x00000000200007b0        0x8 ./Core/Src/commands.o
                0x00000000200007b0                multiLength
 .bss.multiTime
                0x00000000200007b8        0x4 ./Core/Src/commands.o
                0x00000000200007b8                multiTime
 .bss.offerLeftText
                0x00000000200007bc        0x2 ./Core/Src/commands.o
                0x00000000200007bc                offerLeftText
 .bss.offerMultiplied
                0x00000000200007be        0x6 ./Core/Src/commands.o
                0x00000000200007be                offerMultiplied
 .bss.offerText
                0x00000000200007c4        0x6 ./Core/Src/commands.o
                0x00000000200007c4                offerText
 .bss.rxState   0x00000000200007ca        0x1 ./Core/Src/commands.o
                0x00000000200007ca                rxState
 .bss.rxidlecnt
                0x00000000200007cb        0x1 ./Core/Src/commands.o
                0x00000000200007cb                rxidlecnt
 .bss.screen0x00Text
                0x00000000200007cc       0x28 ./Core/Src/commands.o
                0x00000000200007cc                screen0x00Text
 .bss.screen0x01Text
                0x00000000200007f4       0x28 ./Core/Src/commands.o
                0x00000000200007f4                screen0x01Text
 .bss.hspi2     0x000000002000081c       0x58 ./Core/Src/main.o
                0x000000002000081c                hspi2
 .bss.huart2    0x0000000020000874       0x48 ./Core/Src/main.o
                0x0000000020000874                huart2
 .bss.huart3    0x00000000200008bc       0x48 ./Core/Src/main.o
                0x00000000200008bc                huart3
 .bss.timeCount
                0x0000000020000904        0x4 ./Core/Src/stm32f4xx_it.o
                0x0000000020000904                timeCount
 .bss.__sbrk_heap_end
                0x0000000020000908        0x4 ./Core/Src/sysmem.o
 .bss.uwTick    0x000000002000090c        0x4 ./Drivers/STM32F4xx_HAL_Driver/Src/stm32f4xx_hal.o
                0x000000002000090c                uwTick
 .bss.__sf      0x0000000020000910      0x138 C:/ST/STM32CubeIDE_1.14.0/STM32CubeIDE/plugins/com.st.stm32cube.ide.mcu.externaltools.gnu-tools-for-stm32.11.3.rel1.win32_1.1.100.202309141235/tools/bin/../lib/gcc/arm-none-eabi/11.3.1/../../../../arm-none-eabi/lib/thumb/v7e-m+fp/hard\libc_nano.a(libc_a-findfp.o)
                0x0000000020000910                __sf
 .bss.__stdio_exit_handler
                0x0000000020000a48        0x4 C:/ST/STM32CubeIDE_1.14.0/STM32CubeIDE/plugins/com.st.stm32cube.ide.mcu.externaltools.gnu-tools-for-stm32.11.3.rel1.win32_1.1.100.202309141235/tools/bin/../lib/gcc/arm-none-eabi/11.3.1/../../../../arm-none-eabi/lib/thumb/v7e-m+fp/hard\libc_nano.a(libc_a-findfp.o)
                0x0000000020000a48                __stdio_exit_handler
 .bss.errno     0x0000000020000a4c        0x4 C:/ST/STM32CubeIDE_1.14.0/STM32CubeIDE/plugins/com.st.stm32cube.ide.mcu.externaltools.gnu-tools-for-stm32.11.3.rel1.win32_1.1.100.202309141235/tools/bin/../lib/gcc/arm-none-eabi/11.3.1/../../../../arm-none-eabi/lib/thumb/v7e-m+fp/hard\libc_nano.a(libc_a-reent.o)
                0x0000000020000a4c                errno
 .bss.__lock___malloc_recursive_mutex
                0x0000000020000a50        0x1 C:/ST/STM32CubeIDE_1.14.0/STM32CubeIDE/plugins/com.st.stm32cube.ide.mcu.externaltools.gnu-tools-for-stm32.11.3.rel1.win32_1.1.100.202309141235/tools/bin/../lib/gcc/arm-none-eabi/11.3.1/../../../../arm-none-eabi/lib/thumb/v7e-m+fp/hard\libc_nano.a(libc_a-lock.o)
                0x0000000020000a50                __lock___malloc_recursive_mutex
 .bss.__lock___sfp_recursive_mutex
                0x0000000020000a51        0x1 C:/ST/STM32CubeIDE_1.14.0/STM32CubeIDE/plugins/com.st.stm32cube.ide.mcu.externaltools.gnu-tools-for-stm32.11.3.rel1.win32_1.1.100.202309141235/tools/bin/../lib/gcc/arm-none-eabi/11.3.1/../../../../arm-none-eabi/lib/thumb/v7e-m+fp/hard\libc_nano.a(libc_a-lock.o)
                0x0000000020000a51                __lock___sfp_recursive_mutex
 *fill*         0x0000000020000a52        0x2 
 .bss.__malloc_free_list
                0x0000000020000a54        0x4 C:/ST/STM32CubeIDE_1.14.0/STM32CubeIDE/plugins/com.st.stm32cube.ide.mcu.externaltools.gnu-tools-for-stm32.11.3.rel1.win32_1.1.100.202309141235/tools/bin/../lib/gcc/arm-none-eabi/11.3.1/../../../../arm-none-eabi/lib/thumb/v7e-m+fp/hard\libc_nano.a(libc_a-mallocr.o)
                0x0000000020000a54                __malloc_free_list
 .bss.__malloc_sbrk_start
                0x0000000020000a58        0x4 C:/ST/STM32CubeIDE_1.14.0/STM32CubeIDE/plugins/com.st.stm32cube.ide.mcu.externaltools.gnu-tools-for-stm32.11.3.rel1.win32_1.1.100.202309141235/tools/bin/../lib/gcc/arm-none-eabi/11.3.1/../../../../arm-none-eabi/lib/thumb/v7e-m+fp/hard\libc_nano.a(libc_a-mallocr.o)
                0x0000000020000a58                __malloc_sbrk_start
 *(COMMON)
                0x0000000020000a5c                . = ALIGN (0x4)
                0x0000000020000a5c                _ebss = .
                0x0000000020000a5c                __bss_end__ = _ebss

._user_heap_stack
                0x0000000020000a5c      0x604 load address 0x0000000008078e08
                0x0000000020000a60                . = ALIGN (0x8)
 *fill*         0x0000000020000a5c        0x4 
                [!provide]                        PROVIDE (end = .)
                0x0000000020000a60                PROVIDE (_end = .)
                0x0000000020000c60                . = (. + _Min_Heap_Size)
 *fill*         0x0000000020000a60      0x200 
                0x0000000020001060                . = (. + _Min_Stack_Size)
 *fill*         0x0000000020000c60      0x400 
                0x0000000020001060                . = ALIGN (0x8)

/DISCARD/
 libc.a(*)
 libm.a(*)
 libgcc.a(*)

.ARM.attributes
                0x0000000000000000       0x30
 *(.ARM.attributes)
 .ARM.attributes
                0x0000000000000000       0x1e C:/ST/STM32CubeIDE_1.14.0/STM32CubeIDE/plugins/com.st.stm32cube.ide.mcu.externaltools.gnu-tools-for-stm32.11.3.rel1.win32_1.1.100.202309141235/tools/bin/../lib/gcc/arm-none-eabi/11.3.1/thumb/v7e-m+fp/hard/crti.o
 .ARM.attributes
                0x000000000000001e       0x34 C:/ST/STM32CubeIDE_1.14.0/STM32CubeIDE/plugins/com.st.stm32cube.ide.mcu.externaltools.gnu-tools-for-stm32.11.3.rel1.win32_1.1.100.202309141235/tools/bin/../lib/gcc/arm-none-eabi/11.3.1/thumb/v7e-m+fp/hard/crtbegin.o
 .ARM.attributes
                0x0000000000000052       0x34 ./Core/Src/2828.o
 .ARM.attributes
                0x0000000000000086       0x34 ./Core/Src/RA8876.o
 .ARM.attributes
                0x00000000000000ba       0x34 ./Core/Src/commands.o
 .ARM.attributes
                0x00000000000000ee       0x34 ./Core/Src/display.o
 .ARM.attributes
                0x0000000000000122       0x34 ./Core/Src/main.o
 .ARM.attributes
                0x0000000000000156       0x34 ./Core/Src/pattern.o
 .ARM.attributes
                0x000000000000018a       0x34 ./Core/Src/stm32f4xx_hal_msp.o
 .ARM.attributes
                0x00000000000001be       0x34 ./Core/Src/stm32f4xx_it.o
 .ARM.attributes
                0x00000000000001f2       0x34 ./Core/Src/syscalls.o
 .ARM.attributes
                0x0000000000000226       0x34 ./Core/Src/sysmem.o
 .ARM.attributes
                0x000000000000025a       0x34 ./Core/Src/system_stm32f4xx.o
 .ARM.attributes
                0x000000000000028e       0x21 ./Core/Startup/startup_stm32f446retx.o
 .ARM.attributes
                0x00000000000002af       0x34 ./Drivers/STM32F4xx_HAL_Driver/Src/stm32f4xx_hal.o
 .ARM.attributes
                0x00000000000002e3       0x34 ./Drivers/STM32F4xx_HAL_Driver/Src/stm32f4xx_hal_cortex.o
 .ARM.attributes
                0x0000000000000317       0x34 ./Drivers/STM32F4xx_HAL_Driver/Src/stm32f4xx_hal_dma.o
 .ARM.attributes
                0x000000000000034b       0x34 ./Drivers/STM32F4xx_HAL_Driver/Src/stm32f4xx_hal_gpio.o
 .ARM.attributes
                0x000000000000037f       0x34 ./Drivers/STM32F4xx_HAL_Driver/Src/stm32f4xx_hal_pwr_ex.o
 .ARM.attributes
                0x00000000000003b3       0x34 ./Drivers/STM32F4xx_HAL_Driver/Src/stm32f4xx_hal_rcc.o
 .ARM.attributes
                0x00000000000003e7       0x34 ./Drivers/STM32F4xx_HAL_Driver/Src/stm32f4xx_hal_rcc_ex.o
 .ARM.attributes